Archive member included because of file (symbol)

c:/apps/freescale/kds_v3/toolchain/bin/../lib/gcc/arm-none-eabi/4.8.4/../../../../arm-none-eabi/lib/armv7e-m\libstdc++_s.a(new_op.o)
                              ./Sources/EditProfile.o (operator new(unsigned int))
c:/apps/freescale/kds_v3/toolchain/bin/../lib/gcc/arm-none-eabi/4.8.4/../../../../arm-none-eabi/lib/armv7e-m\libstdc++_s.a(del_op.o)
                              ./Startup_Code/console.o (operator delete(void*))
c:/apps/freescale/kds_v3/toolchain/bin/../lib/gcc/arm-none-eabi/4.8.4/../../../../arm-none-eabi/lib/armv7e-m\libstdc++_s.a(new_handler.o)
                              c:/apps/freescale/kds_v3/toolchain/bin/../lib/gcc/arm-none-eabi/4.8.4/../../../../arm-none-eabi/lib/armv7e-m\libstdc++_s.a(new_op.o) (__new_handler)
c:/apps/freescale/kds_v3/toolchain/bin/../lib/gcc/arm-none-eabi/4.8.4/../../../../arm-none-eabi/lib/armv7e-m\libstdc++_s.a(guard.o)
                              ./Startup_Code/vectors.o (__cxa_guard_acquire)
c:/apps/freescale/kds_v3/toolchain/bin/../lib/gcc/arm-none-eabi/4.8.4/../../../../arm-none-eabi/lib/armv7e-m\libstdc++_s.a(atexit_arm.o)
                              ./Startup_Code/console.o (__aeabi_atexit)
c:/apps/freescale/kds_v3/toolchain/bin/../lib/gcc/arm-none-eabi/4.8.4/../../../../arm-none-eabi/lib/armv7e-m\libm.a(lib_a-s_round.o)
                              ./Sources/configure.o (round)
c:/apps/freescale/kds_v3/toolchain/bin/../lib/gcc/arm-none-eabi/4.8.4/armv7e-m\libgcc.a(_arm_addsubdf3.o)
                              ./Sources/configure.o (__aeabi_dsub)
c:/apps/freescale/kds_v3/toolchain/bin/../lib/gcc/arm-none-eabi/4.8.4/armv7e-m\libgcc.a(_arm_muldivdf3.o)
                              ./Sources/configure.o (__aeabi_dmul)
c:/apps/freescale/kds_v3/toolchain/bin/../lib/gcc/arm-none-eabi/4.8.4/armv7e-m\libgcc.a(_arm_cmpdf2.o)
                              ./Sources/configure.o (__aeabi_dcmplt)
c:/apps/freescale/kds_v3/toolchain/bin/../lib/gcc/arm-none-eabi/4.8.4/armv7e-m\libgcc.a(_arm_fixdfsi.o)
                              ./Sources/delay.o (__aeabi_d2iz)
c:/apps/freescale/kds_v3/toolchain/bin/../lib/gcc/arm-none-eabi/4.8.4/armv7e-m\libgcc.a(_arm_fixunsdfsi.o)
                              ./Sources/configure.o (__aeabi_d2uiz)
c:/apps/freescale/kds_v3/toolchain/bin/../lib/gcc/arm-none-eabi/4.8.4/armv7e-m\libgcc.a(_arm_truncdfsf2.o)
                              ./Sources/configure.o (__aeabi_d2f)
c:/apps/freescale/kds_v3/toolchain/bin/../lib/gcc/arm-none-eabi/4.8.4/armv7e-m\libgcc.a(_arm_addsubsf3.o)
                              ./Sources/EditProfile.o (__aeabi_fsub)
c:/apps/freescale/kds_v3/toolchain/bin/../lib/gcc/arm-none-eabi/4.8.4/armv7e-m\libgcc.a(_arm_muldivsf3.o)
                              ./Sources/configure.o (__aeabi_fmul)
c:/apps/freescale/kds_v3/toolchain/bin/../lib/gcc/arm-none-eabi/4.8.4/armv7e-m\libgcc.a(_arm_cmpsf2.o)
                              ./Sources/EditProfile.o (__aeabi_fcmpeq)
c:/apps/freescale/kds_v3/toolchain/bin/../lib/gcc/arm-none-eabi/4.8.4/armv7e-m\libgcc.a(_arm_unordsf2.o)
                              ./Sources/messageBox.o (__aeabi_fcmpun)
c:/apps/freescale/kds_v3/toolchain/bin/../lib/gcc/arm-none-eabi/4.8.4/armv7e-m\libgcc.a(_arm_fixsfsi.o)
                              ./Sources/configure.o (__aeabi_f2iz)
c:/apps/freescale/kds_v3/toolchain/bin/../lib/gcc/arm-none-eabi/4.8.4/armv7e-m\libgcc.a(_aeabi_uldivmod.o)
                              ./cmsis/SRC/rt_CMSIS.o (__aeabi_uldivmod)
c:/apps/freescale/kds_v3/toolchain/bin/../lib/gcc/arm-none-eabi/4.8.4/armv7e-m\libgcc.a(bpabi.o)
                              c:/apps/freescale/kds_v3/toolchain/bin/../lib/gcc/arm-none-eabi/4.8.4/armv7e-m\libgcc.a(_aeabi_uldivmod.o) (__gnu_uldivmod_helper)
c:/apps/freescale/kds_v3/toolchain/bin/../lib/gcc/arm-none-eabi/4.8.4/armv7e-m\libgcc.a(_dvmd_tls.o)
                              c:/apps/freescale/kds_v3/toolchain/bin/../lib/gcc/arm-none-eabi/4.8.4/armv7e-m\libgcc.a(_aeabi_uldivmod.o) (__aeabi_ldiv0)
c:/apps/freescale/kds_v3/toolchain/bin/../lib/gcc/arm-none-eabi/4.8.4/armv7e-m\libgcc.a(_divdi3.o)
                              c:/apps/freescale/kds_v3/toolchain/bin/../lib/gcc/arm-none-eabi/4.8.4/armv7e-m\libgcc.a(bpabi.o) (__divdi3)
c:/apps/freescale/kds_v3/toolchain/bin/../lib/gcc/arm-none-eabi/4.8.4/armv7e-m\libgcc.a(_udivdi3.o)
                              c:/apps/freescale/kds_v3/toolchain/bin/../lib/gcc/arm-none-eabi/4.8.4/armv7e-m\libgcc.a(bpabi.o) (__udivdi3)
c:/apps/freescale/kds_v3/toolchain/bin/../lib/gcc/arm-none-eabi/4.8.4/../../../../arm-none-eabi/lib/armv7e-m\libg_s.a(lib_a-abort.o)
                              c:/apps/freescale/kds_v3/toolchain/bin/../lib/gcc/arm-none-eabi/4.8.4/../../../../arm-none-eabi/lib/armv7e-m\libstdc++_s.a(new_op.o) (abort)
c:/apps/freescale/kds_v3/toolchain/bin/../lib/gcc/arm-none-eabi/4.8.4/../../../../arm-none-eabi/lib/armv7e-m\libg_s.a(lib_a-atexit.o)
                              ./Sources/RTX_Conf_CM.o (atexit)
[...]
Memory Configuration

Name             Origin             Length             Attributes
bitband          0x22000000         0x02000000         rw
aips0            0x40000000         0x00080000         rw
aips1            0x40080000         0x0007f000         rw
gpio             0x400ff000         0x00001000         rw
gpioBitband      0x42000000         0x02000000         rw
peripherals      0xe0000000         0x00100000         rw
flexRAM          0x14000000         0x00001000         rw
flexNVM          0x10000000         0x00010000         xr
flash            0x00000000         0x00040000         xr
ram              0x1fffc000         0x00008000         xrw
gdbGuard         0x20004000         0x00000020         r
*default*        0x00000000         0xffffffff

Linker script and memory map

LOAD c:/apps/freescale/kds_v3/toolchain/bin/../lib/gcc/arm-none-eabi/4.8.4/armv7e-m/crti.o
LOAD c:/apps/freescale/kds_v3/toolchain/bin/../lib/gcc/arm-none-eabi/4.8.4/armv7e-m/crtbegin.o
LOAD c:/apps/freescale/kds_v3/toolchain/bin/../lib/gcc/arm-none-eabi/4.8.4/../../../../arm-none-eabi/lib/armv7e-m/crt0.o
LOAD ./cmsis/SRC/HAL_CM.o
LOAD ./cmsis/SRC/rt_CMSIS.o
LOAD ./cmsis/SRC/rt_Event.o
LOAD ./cmsis/SRC/rt_List.o
LOAD ./cmsis/SRC/rt_Mailbox.o
LOAD ./cmsis/SRC/rt_MemBox.o
LOAD ./cmsis/SRC/rt_Memory.o
LOAD ./cmsis/SRC/rt_Mutex.o
LOAD ./cmsis/SRC/rt_Robin.o
LOAD ./cmsis/SRC/rt_Semaphore.o
LOAD ./cmsis/SRC/rt_System.o
LOAD ./cmsis/SRC/rt_Task.o
LOAD ./cmsis/SRC/rt_Time.o
LOAD ./cmsis/SRC/rt_Timer.o
LOAD ./cmsis/GCC/HAL_CM4.o
LOAD ./cmsis/GCC/SVC_Table.o
LOAD ./Startup_Code/console.o
LOAD ./Startup_Code/mcg.o
LOAD ./Startup_Code/newlib_stubs.o
LOAD ./Startup_Code/rtc.o
LOAD ./Startup_Code/security.o
LOAD ./Startup_Code/startup_ARMLtdGCC.o
LOAD ./Startup_Code/system-gcc.o
LOAD ./Startup_Code/system.o
LOAD ./Startup_Code/vectors.o
LOAD ./Sources/EditProfile.o
LOAD ./Sources/RTX_Conf_CM.o
LOAD ./Sources/RemoteInterface.o
LOAD ./Sources/SolderProfile.o
LOAD ./Sources/StepResponse.o
LOAD ./Sources/cdc.o
LOAD ./Sources/configure.o
LOAD ./Sources/copyProfile.o
LOAD ./Sources/delay.o
LOAD ./Sources/fonts.o
LOAD ./Sources/ftfl.o
LOAD ./Sources/hardware.o
LOAD ./Sources/i2c.o
LOAD ./Sources/lcd_st7920.o
LOAD ./Sources/main.o
LOAD ./Sources/mainMenu.o
LOAD ./Sources/manageProfiles.o
LOAD ./Sources/messageBox.o
LOAD ./Sources/plotting.o
LOAD ./Sources/reporter.o
LOAD ./Sources/runProfile.o
LOAD ./Sources/settings.o
LOAD ./Sources/spi.o
LOAD ./Sources/usb.o
LOAD ./Sources/usb_implementation_cdc.o
LOAD ./Sources/usbdmError.o
LOAD c:/apps/freescale/kds_v3/toolchain/bin/../lib/gcc/arm-none-eabi/4.8.4/../../../../arm-none-eabi/lib/armv7e-m\libstdc++_s.a
LOAD c:/apps/freescale/kds_v3/toolchain/bin/../lib/gcc/arm-none-eabi/4.8.4/../../../../arm-none-eabi/lib/armv7e-m\libm.a
START GROUP
LOAD c:/apps/freescale/kds_v3/toolchain/bin/../lib/gcc/arm-none-eabi/4.8.4/armv7e-m\libgcc.a
LOAD c:/apps/freescale/kds_v3/toolchain/bin/../lib/gcc/arm-none-eabi/4.8.4/../../../../arm-none-eabi/lib/armv7e-m\libg_s.a
LOAD c:/apps/freescale/kds_v3/toolchain/bin/../lib/gcc/arm-none-eabi/4.8.4/../../../../arm-none-eabi/lib/armv7e-m\libc_s.a
END GROUP
START GROUP
LOAD c:/apps/freescale/kds_v3/toolchain/bin/../lib/gcc/arm-none-eabi/4.8.4/armv7e-m\libgcc.a
LOAD c:/apps/freescale/kds_v3/toolchain/bin/../lib/gcc/arm-none-eabi/4.8.4/../../../../arm-none-eabi/lib/armv7e-m\libc_s.a
END GROUP
LOAD c:/apps/freescale/kds_v3/toolchain/bin/../lib/gcc/arm-none-eabi/4.8.4/armv7e-m/crtend.o
LOAD c:/apps/freescale/kds_v3/toolchain/bin/../lib/gcc/arm-none-eabi/4.8.4/armv7e-m/crtn.o
                0x00000200                __stack_size = 0x200
                0x00002000                __heap_size = 0x2000
                0x00000000                __sram_u_size = 0x0
                0x00000200                PROVIDE (__stack_size__, __stack_size)
                0x00002000                PROVIDE (__heap_size__, __heap_size)
                0x00000658                PROVIDE (__HardReset, Reset_Handler)
                0x0000777c                PROVIDE (_start, main)

.interrupts     0x00000000      0x410
                0x00000000                __flash_start = .
                0x00000000                __VECTOR_TABLE = .
 *(.interrupt_vectors)
 .interrupt_vectors
                0x00000000      0x144 ./Startup_Code/vectors.o
                0x00000000                __vector_table
 *(.isr_vector)
                0x00000001                ASSERT ((. != __flash_start), No reset vector found)
                0x00000144                __VECTOR_TABLE_END = .
                0x00000400                . = (__flash_start + 0x400)
 *fill*         0x00000144      0x2bc 
 *(.security_information)
 .security_information
                0x00000400       0x10 ./Startup_Code/security.o
                0x00000400                securityInfo
 *(.FlashConfig)
                0x00000001                ASSERT ((. == (__flash_start + 0x410)), No Freescale security information)
                0x00000000                M_VECTOR_RAM_SIZE = DEFINED (__ram_vector_table__)?(__VECTOR_TABLE_END - __VECTOR_TABLE):0x0

.text           0x00000410     0xf9c8
 *(.text)
 .text          0x00000410       0x54 c:/apps/freescale/kds_v3/toolchain/bin/../lib/gcc/arm-none-eabi/4.8.4/armv7e-m/crtbegin.o
 .text          0x00000464       0x74 c:/apps/freescale/kds_v3/toolchain/bin/../lib/gcc/arm-none-eabi/4.8.4/../../../../arm-none-eabi/lib/armv7e-m/crt0.o
                0x00000464                _start
                0x00000464                _mainCRTStartup
 .text          0x000004d8      0x180 ./cmsis/GCC/HAL_CM4.o
                0x000004d8                rt_set_PSP
                0x000004de                rt_get_PSP
                0x000004e4                os_set_env
                0x000004fc                _alloc_box
                0x00000518                _free_box
                0x00000534                SVC_Handler
                0x000005ca                PendSV_Handler
                0x000005d0                Sys_Switch
                0x00000626                SysTick_Handler
                0x00000630                OS_Tick_Handler
 .text          0x00000658       0x44 ./Startup_Code/startup_ARMLtdGCC.o
                0x00000658                Reset_Handler
 .text          0x0000069c      0x370 c:/apps/freescale/kds_v3/toolchain/bin/../lib/gcc/arm-none-eabi/4.8.4/armv7e-m\libgcc.a(_arm_addsubdf3.o)
                0x0000069c                __aeabi_drsub
                0x000006a4                __aeabi_dsub
                0x000006a4                __subdf3
                0x000006a8                __aeabi_dadd
                0x000006a8                __adddf3
                0x00000920                __floatunsidf
                0x00000920                __aeabi_ui2d
                0x00000940                __floatsidf
                0x00000940                __aeabi_i2d
                0x00000964                __aeabi_f2d
                0x00000964                __extendsfdf2
                0x000009a0                __floatundidf
                0x000009a0                __aeabi_ul2d
                0x000009b0                __floatdidf
                0x000009b0                __aeabi_l2d
 .text          0x00000a0c      0x424 c:/apps/freescale/kds_v3/toolchain/bin/../lib/gcc/arm-none-eabi/4.8.4/armv7e-m\libgcc.a(_arm_muldivdf3.o)
                0x00000a0c                __aeabi_dmul
                0x00000a0c                __muldf3
                0x00000c60                __divdf3
                0x00000c60                __aeabi_ddiv
 .text          0x00000e30      0x110 c:/apps/freescale/kds_v3/toolchain/bin/../lib/gcc/arm-none-eabi/4.8.4/armv7e-m\libgcc.a(_arm_cmpdf2.o)
                0x00000e30                __gtdf2
                0x00000e30                __gedf2
                0x00000e38                __ltdf2
                0x00000e38                __ledf2
                0x00000e40                __nedf2
                0x00000e40                __eqdf2
                0x00000e40                __cmpdf2
                0x00000ebc                __aeabi_cdrcmple
                0x00000ecc                __aeabi_cdcmpeq
                0x00000ecc                __aeabi_cdcmple
                0x00000edc                __aeabi_dcmpeq
                0x00000ef0                __aeabi_dcmplt
                0x00000f04                __aeabi_dcmple
                0x00000f18                __aeabi_dcmpge
                0x00000f2c                __aeabi_dcmpgt
 .text          0x00000f40       0x50 c:/apps/freescale/kds_v3/toolchain/bin/../lib/gcc/arm-none-eabi/4.8.4/armv7e-m\libgcc.a(_arm_fixdfsi.o)
                0x00000f40                __aeabi_d2iz
                0x00000f40                __fixdfsi
 .text          0x00000f90       0x40 c:/apps/freescale/kds_v3/toolchain/bin/../lib/gcc/arm-none-eabi/4.8.4/armv7e-m\libgcc.a(_arm_fixunsdfsi.o)
                0x00000f90                __aeabi_d2uiz
                0x00000f90                __fixunsdfsi
 .text          0x00000fd0       0xa0 c:/apps/freescale/kds_v3/toolchain/bin/../lib/gcc/arm-none-eabi/4.8.4/armv7e-m\libgcc.a(_arm_truncdfsf2.o)
                0x00000fd0                __truncdfsf2
                0x00000fd0                __aeabi_d2f
 .text          0x00001070      0x21c c:/apps/freescale/kds_v3/toolchain/bin/../lib/gcc/arm-none-eabi/4.8.4/armv7e-m\libgcc.a(_arm_addsubsf3.o)
                0x00001070                __aeabi_frsub
                0x00001078                __subsf3
                0x00001078                __aeabi_fsub
                0x0000107c                __aeabi_fadd
                0x0000107c                __addsf3
                0x000011dc                __aeabi_ui2f
                0x000011dc                __floatunsisf
                0x000011e4                __aeabi_i2f
                0x000011e4                __floatsisf
                0x00001200                __aeabi_ul2f
                0x00001200                __floatundisf
                0x00001210                __aeabi_l2f
                0x00001210                __floatdisf
 .text          0x0000128c      0x2a0 c:/apps/freescale/kds_v3/toolchain/bin/../lib/gcc/arm-none-eabi/4.8.4/armv7e-m\libgcc.a(_arm_muldivsf3.o)
                0x0000128c                __mulsf3
                0x0000128c                __aeabi_fmul
                0x000013f4                __aeabi_fdiv
                0x000013f4                __divsf3
 .text          0x0000152c       0xec c:/apps/freescale/kds_v3/toolchain/bin/../lib/gcc/arm-none-eabi/4.8.4/armv7e-m\libgcc.a(_arm_cmpsf2.o)
                0x0000152c                __gesf2
                0x0000152c                __gtsf2
                0x00001534                __lesf2
                0x00001534                __ltsf2
                0x0000153c                __nesf2
                0x0000153c                __eqsf2
                0x0000153c                __cmpsf2
                0x0000159c                __aeabi_cfrcmple
                0x000015a4                __aeabi_cfcmpeq
                0x000015a4                __aeabi_cfcmple
                0x000015b4                __aeabi_fcmpeq
                0x000015c8                __aeabi_fcmplt
                0x000015dc                __aeabi_fcmple
                0x000015f0                __aeabi_fcmpge
                0x00001604                __aeabi_fcmpgt
 .text          0x00001618       0x2c c:/apps/freescale/kds_v3/toolchain/bin/../lib/gcc/arm-none-eabi/4.8.4/armv7e-m\libgcc.a(_arm_unordsf2.o)
                0x00001618                __unordsf2
                0x00001618                __aeabi_fcmpun
 .text          0x00001644       0x4c c:/apps/freescale/kds_v3/toolchain/bin/../lib/gcc/arm-none-eabi/4.8.4/armv7e-m\libgcc.a(_arm_fixsfsi.o)
                0x00001644                __aeabi_f2iz
                0x00001644                __fixsfsi
 .text          0x00001690       0x2c c:/apps/freescale/kds_v3/toolchain/bin/../lib/gcc/arm-none-eabi/4.8.4/armv7e-m\libgcc.a(_aeabi_uldivmod.o)
                0x00001690                __aeabi_uldivmod
 .text          0x000016bc       0x60 c:/apps/freescale/kds_v3/toolchain/bin/../lib/gcc/arm-none-eabi/4.8.4/armv7e-m\libgcc.a(bpabi.o)
                0x000016bc                __gnu_ldivmod_helper
                0x000016ec                __gnu_uldivmod_helper
 .text          0x0000171c        0x4 c:/apps/freescale/kds_v3/toolchain/bin/../lib/gcc/arm-none-eabi/4.8.4/armv7e-m\libgcc.a(_dvmd_tls.o)
                0x0000171c                __aeabi_idiv0
                0x0000171c                __aeabi_ldiv0
 .text          0x00001720      0x298 c:/apps/freescale/kds_v3/toolchain/bin/../lib/gcc/arm-none-eabi/4.8.4/armv7e-m\libgcc.a(_divdi3.o)
                0x00001720                __divdi3
 .text          0x000019b8      0x284 c:/apps/freescale/kds_v3/toolchain/bin/../lib/gcc/arm-none-eabi/4.8.4/armv7e-m\libgcc.a(_udivdi3.o)
                0x000019b8                __udivdi3
 *(.text*)
 .text.rt_init_stack
                0x00001c3c       0x90 ./cmsis/SRC/HAL_CM.o
                0x00001c3c                rt_init_stack
 .text.rt_ret_val
                0x00001ccc        0x6 ./cmsis/SRC/HAL_CM.o
                0x00001ccc                rt_ret_val
 .text.rt_ret_val2
                0x00001cd2        0x8 ./cmsis/SRC/HAL_CM.o
                0x00001cd2                rt_ret_val2
 .text.rt_tid2ptcb
                0x00001cda       0x14 ./cmsis/SRC/rt_CMSIS.o
 *fill*         0x00001cee        0x2 
 .text.osThreadExit
                0x00001cf0       0x18 ./cmsis/SRC/rt_CMSIS.o
                0x00001cf0                osThreadExit
 .text.rt_timer_insert
                0x00001d08       0x34 ./cmsis/SRC/rt_CMSIS.o
 .text.rt_timer_remove
                0x00001d3c       0x38 ./cmsis/SRC/rt_CMSIS.o
 .text.rt_ms2tick
                0x00001d74       0x40 ./cmsis/SRC/rt_CMSIS.o
 .text.svcKernelStart
                0x00001db4       0x44 ./cmsis/SRC/rt_CMSIS.o
                0x00001db4                svcKernelStart
 .text.svcKernelSysTick
                0x00001df8       0x40 ./cmsis/SRC/rt_CMSIS.o
                0x00001df8                svcKernelSysTick
 .text.osKernelStart
                0x00001e38       0x6c ./cmsis/SRC/rt_CMSIS.o
                0x00001e38                osKernelStart
 .text.osKernelSysTick
                0x00001ea4       0x18 ./cmsis/SRC/rt_CMSIS.o
                0x00001ea4                osKernelSysTick
 .text.svcThreadCreate
                0x00001ebc       0x70 ./cmsis/SRC/rt_CMSIS.o
                0x00001ebc                svcThreadCreate
 .text.svcThreadGetId
                0x00001f2c       0x18 ./cmsis/SRC/rt_CMSIS.o
                0x00001f2c                svcThreadGetId
 .text.svcThreadTerminate
                0x00001f44       0x34 ./cmsis/SRC/rt_CMSIS.o
                0x00001f44                svcThreadTerminate
 .text.osThreadCreate
                0x00001f78       0x3c ./cmsis/SRC/rt_CMSIS.o
                0x00001f78                osThreadCreate
 .text.osThreadTerminate
                0x00001fb4       0x18 ./cmsis/SRC/rt_CMSIS.o
                0x00001fb4                osThreadTerminate
 .text.svcTimerCreate
                0x00001fcc       0x38 ./cmsis/SRC/rt_CMSIS.o
                0x00001fcc                svcTimerCreate
 .text.svcTimerStart
                0x00002004       0x70 ./cmsis/SRC/rt_CMSIS.o
                0x00002004                svcTimerStart
 .text.svcTimerStop
                0x00002074       0x24 ./cmsis/SRC/rt_CMSIS.o
                0x00002074                svcTimerStop
 .text.svcTimerDelete
                0x00002098       0x26 ./cmsis/SRC/rt_CMSIS.o
                0x00002098                svcTimerDelete
 .text.svcTimerCall
                0x000020be       0x18 ./cmsis/SRC/rt_CMSIS.o
                0x000020be                svcTimerCall
 *fill*         0x000020d6        0x2 
 .text.osTimerCreate
                0x000020d8       0x40 ./cmsis/SRC/rt_CMSIS.o
                0x000020d8                osTimerCreate
 .text.osTimerStart
                0x00002118       0x18 ./cmsis/SRC/rt_CMSIS.o
                0x00002118                osTimerStart
 .text.osTimerStop
                0x00002130       0x18 ./cmsis/SRC/rt_CMSIS.o
                0x00002130                osTimerStop
 .text.osTimerDelete
                0x00002148       0x18 ./cmsis/SRC/rt_CMSIS.o
                0x00002148                osTimerDelete
 .text.osTimerCall
                0x00002160       0x18 ./cmsis/SRC/rt_CMSIS.o
                0x00002160                osTimerCall
 .text.svcMutexCreate
                0x00002178       0x1a ./cmsis/SRC/rt_CMSIS.o
                0x00002178                svcMutexCreate
 .text.svcMutexWait
                0x00002192       0x38 ./cmsis/SRC/rt_CMSIS.o
                0x00002192                svcMutexWait
 .text.svcMutexRelease
                0x000021ca       0x20 ./cmsis/SRC/rt_CMSIS.o
                0x000021ca                svcMutexRelease
 .text.svcMutexDelete
                0x000021ea       0x1c ./cmsis/SRC/rt_CMSIS.o
                0x000021ea                svcMutexDelete
 *fill*         0x00002206        0x2 
 .text.osMutexCreate
                0x00002208       0x38 ./cmsis/SRC/rt_CMSIS.o
                0x00002208                osMutexCreate
 .text.osMutexWait
                0x00002240       0x18 ./cmsis/SRC/rt_CMSIS.o
                0x00002240                osMutexWait
 .text.osMutexRelease
                0x00002258       0x18 ./cmsis/SRC/rt_CMSIS.o
                0x00002258                osMutexRelease
 .text.osMutexDelete
                0x00002270       0x18 ./cmsis/SRC/rt_CMSIS.o
                0x00002270                osMutexDelete
 .text.svcMessageCreate
                0x00002288       0x2a ./cmsis/SRC/rt_CMSIS.o
                0x00002288                svcMessageCreate
 *fill*         0x000022b2        0x2 
 .text.svcKernelInitialize
                0x000022b4       0x70 ./cmsis/SRC/rt_CMSIS.o
                0x000022b4                svcKernelInitialize
 .text.osKernelInitialize
                0x00002324       0x28 ./cmsis/SRC/rt_CMSIS.o
                0x00002324                osKernelInitialize
 .text.svcMessagePut
                0x0000234c       0x36 ./cmsis/SRC/rt_CMSIS.o
                0x0000234c                svcMessagePut
 .text.svcMessageGet
                0x00002382       0x68 ./cmsis/SRC/rt_CMSIS.o
                0x00002382                svcMessageGet
 .text.isrMessagePut
                0x000023ea       0x2c ./cmsis/SRC/rt_CMSIS.o
                0x000023ea                isrMessagePut
 *fill*         0x00002416        0x2 
 .text.sysTimerTick
                0x00002418       0x50 ./cmsis/SRC/rt_CMSIS.o
                0x00002418                sysTimerTick
 .text.isrMessageGet
                0x00002468       0x38 ./cmsis/SRC/rt_CMSIS.o
                0x00002468                isrMessageGet
 .text.osMessageCreate
                0x000024a0       0x3c ./cmsis/SRC/rt_CMSIS.o
                0x000024a0                osMessageCreate
 .text.osMessagePut
                0x000024dc       0x1c ./cmsis/SRC/rt_CMSIS.o
                0x000024dc                osMessagePut
 .text.osMessageGet
                0x000024f8       0x28 ./cmsis/SRC/rt_CMSIS.o
                0x000024f8                osMessageGet
 .text.osTimerThread
                0x00002520       0x30 ./cmsis/SRC/rt_CMSIS.o
                0x00002520                osTimerThread
 .text.svcMailCreate
                0x00002550       0x54 ./cmsis/SRC/rt_CMSIS.o
                0x00002550                svcMailCreate
 .text.sysMailAlloc
                0x000025a4       0x4c ./cmsis/SRC/rt_CMSIS.o
                0x000025a4                sysMailAlloc
 .text.sysMailFree
                0x000025f0       0x64 ./cmsis/SRC/rt_CMSIS.o
                0x000025f0                sysMailFree
 .text.osMailCreate
                0x00002654       0x3c ./cmsis/SRC/rt_CMSIS.o
                0x00002654                osMailCreate
 .text.osMailAlloc
                0x00002690       0x20 ./cmsis/SRC/rt_CMSIS.o
                0x00002690                osMailAlloc
 .text.osMailFree
                0x000026b0       0x20 ./cmsis/SRC/rt_CMSIS.o
                0x000026b0                osMailFree
 .text.osMailPut
                0x000026d0       0x14 ./cmsis/SRC/rt_CMSIS.o
                0x000026d0                osMailPut
 .text.osMailGet
                0x000026e4       0x1e ./cmsis/SRC/rt_CMSIS.o
                0x000026e4                osMailGet
 *fill*         0x00002702        0x2 
 .text.rt_evt_psh
                0x00002704       0x54 ./cmsis/SRC/rt_Event.o
                0x00002704                rt_evt_psh
 .text.rt_put_prio
                0x00002758       0x30 ./cmsis/SRC/rt_List.o
                0x00002758                rt_put_prio
 .text.rt_get_first
                0x00002788       0x22 ./cmsis/SRC/rt_List.o
                0x00002788                rt_get_first
 *fill*         0x000027aa        0x2 
 .text.rt_put_rdy_first
                0x000027ac       0x14 ./cmsis/SRC/rt_List.o
                0x000027ac                rt_put_rdy_first
 .text.rt_put_dly
                0x000027c0       0x4c ./cmsis/SRC/rt_List.o
                0x000027c0                rt_put_dly
 .text.rt_dec_dly
                0x0000280c       0x70 ./cmsis/SRC/rt_List.o
                0x0000280c                rt_dec_dly
 .text.rt_rmv_list
                0x0000287c       0x2c ./cmsis/SRC/rt_List.o
                0x0000287c                rt_rmv_list
 .text.rt_resort_prio
                0x000028a8       0x34 ./cmsis/SRC/rt_List.o
                0x000028a8                rt_resort_prio
 .text.rt_rmv_dly
                0x000028dc       0x26 ./cmsis/SRC/rt_List.o
                0x000028dc                rt_rmv_dly
 *fill*         0x00002902        0x2 
 .text.rt_psq_enq
                0x00002904       0x40 ./cmsis/SRC/rt_List.o
                0x00002904                rt_psq_enq
 .text.rt_mbx_init
                0x00002944       0x1a ./cmsis/SRC/rt_Mailbox.o
                0x00002944                rt_mbx_init
 *fill*         0x0000295e        0x2 
 .text.rt_mbx_send
                0x00002960       0x90 ./cmsis/SRC/rt_Mailbox.o
                0x00002960                rt_mbx_send
 .text.rt_mbx_wait
                0x000029f0       0xa4 ./cmsis/SRC/rt_Mailbox.o
                0x000029f0                rt_mbx_wait
 .text.rt_mbx_check
                0x00002a94        0x8 ./cmsis/SRC/rt_Mailbox.o
                0x00002a94                rt_mbx_check
 .text.isr_mbx_send
                0x00002a9c        0xe ./cmsis/SRC/rt_Mailbox.o
                0x00002a9c                isr_mbx_send
 .text.isr_mbx_receive
                0x00002aaa       0x4c ./cmsis/SRC/rt_Mailbox.o
                0x00002aaa                isr_mbx_receive
 *fill*         0x00002af6        0x2 
 .text.rt_mbx_psh
                0x00002af8       0xdc ./cmsis/SRC/rt_Mailbox.o
                0x00002af8                rt_mbx_psh
 .text._init_box
                0x00002bd4       0x46 ./cmsis/SRC/rt_MemBox.o
                0x00002bd4                _init_box
 .text.rt_alloc_box
                0x00002c1a       0x1a ./cmsis/SRC/rt_MemBox.o
                0x00002c1a                rt_alloc_box
 .text.rt_free_box
                0x00002c34       0x28 ./cmsis/SRC/rt_MemBox.o
                0x00002c34                rt_free_box
 .text.rt_init_mem
                0x00002c5c       0x1a ./cmsis/SRC/rt_Memory.o
                0x00002c5c                rt_init_mem
 .text.rt_alloc_mem
                0x00002c76       0x3a ./cmsis/SRC/rt_Memory.o
                0x00002c76                rt_alloc_mem
 .text.rt_free_mem
                0x00002cb0       0x28 ./cmsis/SRC/rt_Memory.o
                0x00002cb0                rt_free_mem
 .text.rt_mut_init
                0x00002cd8       0x10 ./cmsis/SRC/rt_Mutex.o
                0x00002cd8                rt_mut_init
 .text.rt_mut_delete
                0x00002ce8       0xac ./cmsis/SRC/rt_Mutex.o
                0x00002ce8                rt_mut_delete
 .text.rt_mut_release
                0x00002d94       0xe4 ./cmsis/SRC/rt_Mutex.o
                0x00002d94                rt_mut_release
 .text.rt_mut_wait
                0x00002e78       0x60 ./cmsis/SRC/rt_Mutex.o
                0x00002e78                rt_mut_wait
 .text.rt_init_robin
                0x00002ed8       0x18 ./cmsis/SRC/rt_Robin.o
                0x00002ed8                rt_init_robin
 .text.rt_chk_robin
                0x00002ef0       0x4c ./cmsis/SRC/rt_Robin.o
                0x00002ef0                rt_chk_robin
 .text.rt_sem_psh
                0x00002f3c       0x34 ./cmsis/SRC/rt_Semaphore.o
                0x00002f3c                rt_sem_psh
 .text.rt_psh_req
                0x00002f70       0x24 ./cmsis/SRC/rt_System.o
                0x00002f70                rt_psh_req
 .text.rt_pop_req
                0x00002f94       0x70 ./cmsis/SRC/rt_System.o
                0x00002f94                rt_pop_req
 .text.os_tick_init
                0x00003004       0x2c ./cmsis/SRC/rt_System.o
                0x00003004                os_tick_init
 .text.os_tick_val
                0x00003030       0x14 ./cmsis/SRC/rt_System.o
                0x00003030                os_tick_val
 .text.os_tick_ovf
                0x00003044       0x10 ./cmsis/SRC/rt_System.o
                0x00003044                os_tick_ovf
 .text.os_tick_irqack
                0x00003054        0x2 ./cmsis/SRC/rt_System.o
                0x00003054                os_tick_irqack
 *fill*         0x00003056        0x2 
 .text.rt_systick
                0x00003058       0x3c ./cmsis/SRC/rt_System.o
                0x00003058                rt_systick
 .text.rt_stk_check
                0x00003094       0x24 ./cmsis/SRC/rt_System.o
                0x00003094                rt_stk_check
 .text.rt_dispatch.part.0
                0x000030b8       0x1c ./cmsis/SRC/rt_Task.o
 .text.rt_switch_req
                0x000030d4       0x10 ./cmsis/SRC/rt_Task.o
                0x000030d4                rt_switch_req
 .text.rt_dispatch
                0x000030e4       0x44 ./cmsis/SRC/rt_Task.o
                0x000030e4                rt_dispatch
 .text.rt_block
                0x00003128       0x34 ./cmsis/SRC/rt_Task.o
                0x00003128                rt_block
 .text.rt_tsk_self
                0x0000315c       0x10 ./cmsis/SRC/rt_Task.o
                0x0000315c                rt_tsk_self
 .text.rt_tsk_prio
                0x0000316c       0x7c ./cmsis/SRC/rt_Task.o
                0x0000316c                rt_tsk_prio
 .text.rt_tsk_create
                0x000031e8       0xa8 ./cmsis/SRC/rt_Task.o
                0x000031e8                rt_tsk_create
 .text.rt_tsk_delete
                0x00003290      0x148 ./cmsis/SRC/rt_Task.o
                0x00003290                rt_tsk_delete
 .text.rt_sys_init
                0x000033d8       0xf0 ./cmsis/SRC/rt_Task.o
                0x000033d8                rt_sys_init
 .text.rt_sys_start
                0x000034c8       0x8c ./cmsis/SRC/rt_Task.o
                0x000034c8                rt_sys_start
 .text._ZN5USBDM11FormattedIOD2Ev
                0x00003554        0xc ./Startup_Code/console.o
                0x00003554                USBDM::FormattedIO::~FormattedIO()
                0x00003554                USBDM::FormattedIO::~FormattedIO()
 .text._ZN5USBDM4Uart16_isCharAvailableEv
                0x00003560        0xa ./Startup_Code/console.o
                0x00003560                USBDM::Uart::_isCharAvailable()
 .text._ZN5USBDM4Uart9_readCharEv
                0x0000356a       0x20 ./Startup_Code/console.o
                0x0000356a                USBDM::Uart::_readChar()
 .text._ZN5USBDM4Uart11flushOutputEv
                0x0000358a        0xa ./Startup_Code/console.o
                0x0000358a                USBDM::Uart::flushOutput()
 .text._ZN5USBDM4Uart10flushInputEv
                0x00003594        0xc ./Startup_Code/console.o
                0x00003594                USBDM::Uart::flushInput()
 .text._ZN5USBDM6Uart_TINS_9Uart0InfoEED2Ev
                0x000035a0        0xc ./Startup_Code/console.o
                0x000035a0                USBDM::Uart_T<USBDM::Uart0Info>::~Uart_T()
                0x000035a0                USBDM::Uart_T<USBDM::Uart0Info>::~Uart_T()
 .text._ZN5USBDM11Uart_brfa_TINS_9Uart0InfoEED2Ev
                0x000035ac        0xc ./Startup_Code/console.o
                0x000035ac                USBDM::Uart_brfa_T<USBDM::Uart0Info>::~Uart_brfa_T()
                0x000035ac                USBDM::Uart_brfa_T<USBDM::Uart0Info>::~Uart_brfa_T()
 .text._ZN5USBDM6Uart_TINS_9Uart0InfoEE10clearErrorEv
                0x000035b8        0x6 ./Startup_Code/console.o
                0x000035b8                USBDM::Uart_T<USBDM::Uart0Info>::clearError()
 *fill*         0x000035be        0x2 
 .text._ZN5USBDM11FormattedIOD0Ev
                0x000035c0       0x14 ./Startup_Code/console.o
                0x000035c0                USBDM::FormattedIO::~FormattedIO()
 .text._ZN5USBDM6Uart_TINS_9Uart0InfoEED0Ev
                0x000035d4       0x14 ./Startup_Code/console.o
                0x000035d4                USBDM::Uart_T<USBDM::Uart0Info>::~Uart_T()
 .text._ZN5USBDM11Uart_brfa_TINS_9Uart0InfoEED0Ev
                0x000035e8       0x14 ./Startup_Code/console.o
                0x000035e8                USBDM::Uart_brfa_T<USBDM::Uart0Info>::~Uart_brfa_T()
 .text._ZN5USBDM4Uart16setBaudRate_brfaEmm.isra.0
                0x000035fc       0x40 ./Startup_Code/console.o
 .text._ZN5USBDM11Uart_brfa_TINS_9Uart0InfoEE11setBaudRateEj
                0x0000363c       0x10 ./Startup_Code/console.o
                0x0000363c                USBDM::Uart_brfa_T<USBDM::Uart0Info>::setBaudRate(unsigned int)
 .text._ZN5USBDM4Uart10_writeCharEc
                0x0000364c       0x1e ./Startup_Code/console.o
                0x0000364c                USBDM::Uart::_writeChar(char)
 *fill*         0x0000366a        0x2 
 .text.console_initialise
                0x0000366c       0x18 ./Startup_Code/console.o
                0x0000366c                console_initialise
 .text.startup._GLOBAL__sub_I__ZN5USBDM7consoleE
                0x00003684       0x90 ./Startup_Code/console.o
 .text._ZN5USBDM7McgInfo11getErcClockEv
                0x00003714       0x2c ./Startup_Code/mcg.o
                0x00003714                USBDM::McgInfo::getErcClock()
 .text._ZN5USBDM3Mcg21SystemCoreClockUpdateEv
                0x00003740      0x180 ./Startup_Code/mcg.o
                0x00003740                USBDM::Mcg::SystemCoreClockUpdate()
 .text._ZN5USBDM3Mcg15clockTransitionERKNS_7McgInfo9ClockInfoE
                0x000038c0      0x1a4 ./Startup_Code/mcg.o
                0x000038c0                USBDM::Mcg::clockTransition(USBDM::McgInfo::ClockInfo const&)
 .text._ZN5USBDM3Mcg16defaultConfigureEv
                0x00003a64       0x68 ./Startup_Code/mcg.o
                0x00003a64                USBDM::Mcg::defaultConfigure()
 .text.clock_initialise
                0x00003acc       0x44 ./Startup_Code/mcg.o
                0x00003acc                clock_initialise
 .text._getpid  0x00003b10        0x4 ./Startup_Code/newlib_stubs.o
                0x00003b10                _getpid
 .text._kill    0x00003b14       0x10 ./Startup_Code/newlib_stubs.o
                0x00003b14                _kill
 .text._sbrk    0x00003b24       0x40 ./Startup_Code/newlib_stubs.o
                0x00003b24                _sbrk
 .text._exit    0x00003b64        0x4 ./Startup_Code/newlib_stubs.o
                0x00003b64                _exit
 .text.__cxa_pure_virtual
                0x00003b68        0x8 ./Startup_Code/system-gcc.o
                0x00003b68                __cxa_pure_virtual
 .text.rtc_initialise
                0x00003b70        0x2 ./Startup_Code/system.o
                0x00003b70                rtc_initialise
 *fill*         0x00003b72        0x2 
 .text.SystemInitLowLevel
                0x00003b74       0x34 ./Startup_Code/system.o
                0x00003b74                SystemInitLowLevel
 .text.startup.SystemInit
                0x00003ba8       0x20 ./Startup_Code/system.o
                0x00003ba8                SystemInit
 .text.disableInterrupts
                0x00003bc8       0x10 ./Startup_Code/system.o
                0x00003bc8                disableInterrupts
 .text.enableInterrupts
                0x00003bd8       0x20 ./Startup_Code/system.o
                0x00003bd8                enableInterrupts
 .text._ZN5USBDML10checkErrorEv
                0x00003bf8       0x10 ./Startup_Code/vectors.o
 .text._ZN5USBDM8EndpointD2Ev
                0x00003c08        0xc ./Startup_Code/vectors.o
                0x00003c08                USBDM::Endpoint::~Endpoint()
                0x00003c08                USBDM::Endpoint::~Endpoint()
 .text._ZN5USBDM7UsbBase28unsetOptionalHandlerCallbackEv
                0x00003c14        0x4 ./Startup_Code/vectors.o
                0x00003c14                USBDM::UsbBase::unsetOptionalHandlerCallback()
 .text.Default_Handler
                0x00003c18       0x20 ./Startup_Code/vectors.o
                0x00003c18                RTC_Alarm_IRQHandler
                0x00003c18                UART3_RxTx_IRQHandler
                0x00003c18                DebugMon_Handler
                0x00003c18                I2C0_IRQHandler
                0x00003c18                NMI_Handler
                0x00003c18                I2C1_IRQHandler
                0x00003c18                DMA2_IRQHandler
                0x00003c18                PIT0_IRQHandler
                0x00003c18                LLWU_IRQHandler
                0x00003c18                SWI_IRQHandler
                0x00003c18                ADC0_IRQHandler
                0x00003c18                UsageFault_Handler
                0x00003c18                I2S0_Tx_IRQHandler
                0x00003c18                CMT_IRQHandler
                0x00003c18                SPI1_IRQHandler
                0x00003c18                DMA9_IRQHandler
                0x00003c18                DMA14_IRQHandler
                0x00003c18                CMP1_IRQHandler
                0x00003c18                PORTD_IRQHandler
                0x00003c18                PORTB_IRQHandler
                0x00003c18                PIT2_IRQHandler
                0x00003c18                I2S0_Rx_IRQHandler
                0x00003c18                DMA5_IRQHandler
                0x00003c18                PDB0_IRQHandler
                0x00003c18                FTM1_IRQHandler
                0x00003c18                UART0_RxTx_IRQHandler
                0x00003c18                PIT3_IRQHandler
                0x00003c18                RTC_Seconds_IRQHandler
                0x00003c18                MCG_IRQHandler
                0x00003c18                DMA11_IRQHandler
                0x00003c18                Default_Handler
                0x00003c18                DMA7_IRQHandler
                0x00003c18                USBDCD_IRQHandler
                0x00003c18                UART0_Error_IRQHandler
                0x00003c18                UART1_RxTx_IRQHandler
                0x00003c18                MemManage_Handler
                0x00003c18                DMA13_IRQHandler
                0x00003c18                DMA3_IRQHandler
                0x00003c18                DMA0_IRQHandler
                0x00003c18                DMA15_IRQHandler
                0x00003c18                DAC0_IRQHandler
                0x00003c18                FTF_ReadCollision_IRQHandler
                0x00003c18                UART1_Error_IRQHandler
                0x00003c18                UART2_Error_IRQHandler
                0x00003c18                UART2_RxTx_IRQHandler
                0x00003c18                DMA4_IRQHandler
                0x00003c18                PMC_IRQHandler
                0x00003c18                PIT1_IRQHandler
                0x00003c18                DMA_Error_IRQHandler
                0x00003c18                SPI0_IRQHandler
                0x00003c18                FTM0_IRQHandler
                0x00003c18                FTF_Command_IRQHandler
                0x00003c18                PORTA_IRQHandler
                0x00003c18                MCM_IRQHandler
                0x00003c18                DMA12_IRQHandler
                0x00003c18                PORTE_IRQHandler
                0x00003c18                WDOG_IRQHandler
                0x00003c18                FTM2_IRQHandler
                0x00003c18                LPTMR0_IRQHandler
                0x00003c18                BusFault_Handler
                0x00003c18                DMA8_IRQHandler
                0x00003c18                DMA10_IRQHandler
                0x00003c18                PORTC_IRQHandler
                0x00003c18                DMA6_IRQHandler
                0x00003c18                DMA1_IRQHandler
                0x00003c18                UART3_Error_IRQHandler
 .text.HardFault_Handler
                0x00003c38       0x14 ./Startup_Code/vectors.o
                0x00003c38                HardFault_Handler
 .text._ZN5USBDM10Endpoint_TINS_8Usb0InfoELi0ELi64EE10clearStallEv
                0x00003c4c       0x1c ./Startup_Code/vectors.o
                0x00003c4c                USBDM::Endpoint_T<USBDM::Usb0Info, 0, 64>::clearStall()
 .text._ZN5USBDM15ControlEndpointINS_8Usb0InfoELi64EE10clearStallEv
                0x00003c68       0x20 ./Startup_Code/vectors.o
                0x00003c68                USBDM::ControlEndpoint<USBDM::Usb0Info, 64>::clearStall()
 .text._ZN5USBDM15ControlEndpointINS_8Usb0InfoELi64EE5stallEv
                0x00003c88       0x18 ./Startup_Code/vectors.o
                0x00003c88                USBDM::ControlEndpoint<USBDM::Usb0Info, 64>::stall()
 .text._ZN5USBDM15ControlEndpointINS_8Usb0InfoELi64EED2Ev
                0x00003ca0        0xc ./Startup_Code/vectors.o
                0x00003ca0                USBDM::ControlEndpoint<USBDM::Usb0Info, 64>::~ControlEndpoint()
                0x00003ca0                USBDM::ControlEndpoint<USBDM::Usb0Info, 64>::~ControlEndpoint()
 .text._ZN5USBDM8EndpointD0Ev
                0x00003cac       0x14 ./Startup_Code/vectors.o
                0x00003cac                USBDM::Endpoint::~Endpoint()
 .text._ZN5USBDM15ControlEndpointINS_8Usb0InfoELi64EED0Ev
                0x00003cc0       0x14 ./Startup_Code/vectors.o
                0x00003cc0                USBDM::ControlEndpoint<USBDM::Usb0Info, 64>::~ControlEndpoint()
 .text._ZN5USBDM9CmpBase_TINS_8Cmp0InfoEE10irqHandlerEv
                0x00003cd4       0x34 ./Startup_Code/vectors.o
                0x00003cd4                USBDM::CmpBase_T<USBDM::Cmp0Info>::irqHandler()
 .text._ZN5USBDM10Endpoint_TINS_8Usb0InfoELi0ELi64EE20unsetHandlerCallbackENS_13EndpointStateE
                0x00003d08       0x10 ./Startup_Code/vectors.o
                0x00003d08                USBDM::Endpoint_T<USBDM::Usb0Info, 0, 64>::unsetHandlerCallback(USBDM::EndpointState)
 .text._ZN5USBDM10Endpoint_TINS_8Usb0InfoELi1ELi16EE20unsetHandlerCallbackENS_13EndpointStateE
                0x00003d18       0x10 ./Startup_Code/vectors.o
                0x00003d18                USBDM::Endpoint_T<USBDM::Usb0Info, 1, 16>::unsetHandlerCallback(USBDM::EndpointState)
 .text._ZN5USBDM10Endpoint_TINS_8Usb0InfoELi3ELi16EE20unsetHandlerCallbackENS_13EndpointStateE
                0x00003d28       0x10 ./Startup_Code/vectors.o
                0x00003d28                USBDM::Endpoint_T<USBDM::Usb0Info, 3, 16>::unsetHandlerCallback(USBDM::EndpointState)
 .text._ZN5USBDM10Endpoint_TINS_8Usb0InfoELi2ELi16EE20unsetHandlerCallbackENS_13EndpointStateE
                0x00003d38       0x10 ./Startup_Code/vectors.o
                0x00003d38                USBDM::Endpoint_T<USBDM::Usb0Info, 2, 16>::unsetHandlerCallback(USBDM::EndpointState)
 .text._ZN5USBDM4Usb019initialiseEndpointsEv
                0x00003d48      0x134 ./Startup_Code/vectors.o
                0x00003d48                USBDM::Usb0::initialiseEndpoints()
 .text._HardFault_Handler
                0x00003e7c        0x4 ./Startup_Code/vectors.o
                0x00003e7c                _HardFault_Handler
 .text._ZN5USBDM9UsbBase_TINS_8Usb0InfoELi64EE21handleUnexpectedSetupEv
                0x00003e80       0x20 ./Startup_Code/vectors.o
                0x00003e80                USBDM::UsbBase_T<USBDM::Usb0Info, 64>::handleUnexpectedSetup()
 .text._ZN5USBDM10Endpoint_TINS_8Usb0InfoELi0ELi64EE15initialiseBdtRxEv
                0x00003ea0       0x34 ./Startup_Code/vectors.o
                0x00003ea0                USBDM::Endpoint_T<USBDM::Usb0Info, 0, 64>::initialiseBdtRx()
 .text._ZN5USBDM10Endpoint_TINS_8Usb0InfoELi0ELi64EE14handleOutTokenEv
                0x00003ed4       0xb0 ./Startup_Code/vectors.o
                0x00003ed4                USBDM::Endpoint_T<USBDM::Usb0Info, 0, 64>::handleOutToken()
 .text._ZN5USBDM9UsbBase_TINS_8Usb0InfoELi64EE28ep0ConfigureSetupTransactionEv
                0x00003f84       0x1c ./Startup_Code/vectors.o
                0x00003f84                USBDM::UsbBase_T<USBDM::Usb0Info, 64>::ep0ConfigureSetupTransaction()
 .text._ZN5USBDM9UsbBase_TINS_8Usb0InfoELi64EE19initialiseEndpointsEv
                0x00003fa0       0x78 ./Startup_Code/vectors.o
                0x00003fa0                USBDM::UsbBase_T<USBDM::Usb0Info, 64>::initialiseEndpoints()
 .text._ZN5USBDM9UsbBase_TINS_8Usb0InfoELi64EE15handleUSBResumeEv
                0x00004018       0x58 ./Startup_Code/vectors.o
                0x00004018                USBDM::UsbBase_T<USBDM::Usb0Info, 64>::handleUSBResume()
 .text._ZN5USBDM10Endpoint_TINS_8Usb0InfoELi0ELi64EE15initialiseBdtTxEv
                0x00004070       0x78 ./Startup_Code/vectors.o
                0x00004070                USBDM::Endpoint_T<USBDM::Usb0Info, 0, 64>::initialiseBdtTx()
 .text._ZN5USBDM9UsbBase_TINS_8Usb0InfoELi64EE11ep0TxStatusEv
                0x000040e8       0x20 ./Startup_Code/vectors.o
                0x000040e8                USBDM::UsbBase_T<USBDM::Usb0Info, 64>::ep0TxStatus()
 .text._ZN5USBDM9UsbBase_TINS_8Usb0InfoELi64EE22ep0TransactionCallbackENS_13EndpointStateE
                0x00004108       0x48 ./Startup_Code/vectors.o
                0x00004108                USBDM::UsbBase_T<USBDM::Usb0Info, 64>::ep0TransactionCallback(USBDM::EndpointState)
 .text._ZN5USBDM9UsbBase_TINS_8Usb0InfoELi64EE18handleClearFeatureEv
                0x00004150       0x64 ./Startup_Code/vectors.o
                0x00004150                USBDM::UsbBase_T<USBDM::Usb0Info, 64>::handleClearFeature()
 .text._ZN5USBDM9UsbBase_TINS_8Usb0InfoELi64EE16handleSetFeatureEv
                0x000041b4       0x64 ./Startup_Code/vectors.o
                0x000041b4                USBDM::UsbBase_T<USBDM::Usb0Info, 64>::handleSetFeature()
 .text._ZN5USBDM9UsbBase_TINS_8Usb0InfoELi64EE18handleSetInterfaceEv
                0x00004218       0x54 ./Startup_Code/vectors.o
                0x00004218                USBDM::UsbBase_T<USBDM::Usb0Info, 64>::handleSetInterface()
 .text._ZN5USBDM9UsbBase_TINS_8Usb0InfoELi64EE21ep0StartTxTransactionEtPKh
                0x0000426c       0x48 ./Startup_Code/vectors.o
                0x0000426c                USBDM::UsbBase_T<USBDM::Usb0Info, 64>::ep0StartTxTransaction(unsigned short, unsigned char const*)
 .text._ZN5USBDM9UsbBase_TINS_8Usb0InfoELi64EE15handleGetStatusEv
                0x000042b4       0x6c ./Startup_Code/vectors.o
                0x000042b4                USBDM::UsbBase_T<USBDM::Usb0Info, 64>::handleGetStatus()
 .text._ZN5USBDM9UsbBase_TINS_8Usb0InfoELi64EE19handleGetDescriptorEv
                0x00004320       0xc0 ./Startup_Code/vectors.o
                0x00004320                USBDM::UsbBase_T<USBDM::Usb0Info, 64>::handleGetDescriptor()
 .text._ZN5USBDM9UsbBase_TINS_8Usb0InfoELi64EE20setUSBaddressedStateEh
                0x000043e0       0x38 ./Startup_Code/vectors.o
                0x000043e0                USBDM::UsbBase_T<USBDM::Usb0Info, 64>::setUSBaddressedState(unsigned char)
 .text._ZZN5USBDM9UsbBase_TINS_8Usb0InfoELi64EE16handleSetAddressEvENKUlvE_clEv
                0x00004418       0x10 ./Startup_Code/vectors.o
                0x00004418                USBDM::UsbBase_T<USBDM::Usb0Info, 64>::handleSetAddress()::{lambda()#1}::operator()() const
 .text._ZN5USBDM9UsbBase_TINS_8Usb0InfoELi64EE22handleSetConfigurationEv
                0x00004428       0x5c ./Startup_Code/vectors.o
                0x00004428                USBDM::UsbBase_T<USBDM::Usb0Info, 64>::handleSetConfiguration()
 .text._ZN5USBDM9UsbBase_TINS_8Usb0InfoELi64EE16handleSetupTokenEv
                0x00004484      0x110 ./Startup_Code/vectors.o
                0x00004484                USBDM::UsbBase_T<USBDM::Usb0Info, 64>::handleSetupToken()
 .text._ZN5USBDM9UsbBase_TINS_8Usb0InfoELi64EE19handleTokenCompleteEv
                0x00004594       0xa4 ./Startup_Code/vectors.o
                0x00004594                USBDM::UsbBase_T<USBDM::Usb0Info, 64>::handleTokenComplete()
 .text._ZN5USBDM9UsbBase_TINS_8Usb0InfoELi64EE10irqHandlerEv
                0x00004638      0x10c ./Startup_Code/vectors.o
                0x00004638                USBDM::UsbBase_T<USBDM::Usb0Info, 64>::irqHandler()
 .text._ZZN5USBDM9UsbBase_TINS_8Usb0InfoELi64EE16handleSetAddressEvENUlvE_4_FUNEv
                0x00004744       0x10 ./Startup_Code/vectors.o
                0x00004744                USBDM::UsbBase_T<USBDM::Usb0Info, 64>::handleSetAddress()::{lambda()#1}::_FUN()
 .text.startup._GLOBAL__sub_I_Default_Handler
                0x00004754       0x78 ./Startup_Code/vectors.o
 .text._ZN14ProfileSettingD2Ev
                0x000047cc        0xc ./Sources/EditProfile.o
                0x000047cc                ProfileSetting::~ProfileSetting()
                0x000047cc                ProfileSetting::~ProfileSetting()
 .text._ZN18ProfileNameSetting9decrementEv
                0x000047d8        0xa ./Sources/EditProfile.o
                0x000047d8                ProfileNameSetting::decrement()
 *fill*         0x000047e2        0x2 
 .text._ZN18ProfileNameSettingD2Ev
                0x000047e4        0xc ./Sources/EditProfile.o
                0x000047e4                ProfileNameSetting::~ProfileNameSetting()
                0x000047e4                ProfileNameSetting::~ProfileNameSetting()
 .text._ZN16ProfileSetting_TItE3setEt
                0x000047f0       0x1e ./Sources/EditProfile.o
                0x000047f0                ProfileSetting_T<unsigned short>::set(unsigned short)
 .text._ZN16ProfileSetting_TIfE3setEf
                0x0000480e       0x3e ./Sources/EditProfile.o
                0x0000480e                ProfileSetting_T<float>::set(float)
 .text._ZN16ProfileSetting_TIfE9incrementEv
                0x0000484c       0x1a ./Sources/EditProfile.o
                0x0000484c                ProfileSetting_T<float>::increment()
 .text._ZN16ProfileSetting_TIfE9decrementEv
                0x00004866       0x1a ./Sources/EditProfile.o
                0x00004866                ProfileSetting_T<float>::decrement()
 .text._ZN16ProfileSetting_TIfE5resetEv
                0x00004880        0xc ./Sources/EditProfile.o
                0x00004880                ProfileSetting_T<float>::reset()
 .text._ZN16ProfileSetting_TIfED2Ev
                0x0000488c        0xc ./Sources/EditProfile.o
                0x0000488c                ProfileSetting_T<float>::~ProfileSetting_T()
                0x0000488c                ProfileSetting_T<float>::~ProfileSetting_T()
 .text._ZN16ProfileSetting_TItE9incrementEv
                0x00004898       0x14 ./Sources/EditProfile.o
                0x00004898                ProfileSetting_T<unsigned short>::increment()
 .text._ZN16ProfileSetting_TItE9decrementEv
                0x000048ac       0x14 ./Sources/EditProfile.o
                0x000048ac                ProfileSetting_T<unsigned short>::decrement()
 .text._ZN16ProfileSetting_TItE5resetEv
                0x000048c0        0xc ./Sources/EditProfile.o
                0x000048c0                ProfileSetting_T<unsigned short>::reset()
 .text._ZN16ProfileSetting_TItED2Ev
                0x000048cc        0xc ./Sources/EditProfile.o
                0x000048cc                ProfileSetting_T<unsigned short>::~ProfileSetting_T()
                0x000048cc                ProfileSetting_T<unsigned short>::~ProfileSetting_T()
 .text._ZN14ProfileSettingD0Ev
                0x000048d8       0x14 ./Sources/EditProfile.o
                0x000048d8                ProfileSetting::~ProfileSetting()
 .text._ZN18ProfileNameSettingD0Ev
                0x000048ec       0x14 ./Sources/EditProfile.o
                0x000048ec                ProfileNameSetting::~ProfileNameSetting()
 .text._ZN16ProfileSetting_TIfED0Ev
                0x00004900       0x14 ./Sources/EditProfile.o
                0x00004900                ProfileSetting_T<float>::~ProfileSetting_T()
 .text._ZN16ProfileSetting_TItED0Ev
                0x00004914       0x14 ./Sources/EditProfile.o
                0x00004914                ProfileSetting_T<unsigned short>::~ProfileSetting_T()
 .text._ZNK18ProfileNameSetting14getDescriptionEv
                0x00004928       0x3c ./Sources/EditProfile.o
                0x00004928                ProfileNameSetting::getDescription() const
 .text._ZN18ProfileNameSetting5resetEv
                0x00004964       0x34 ./Sources/EditProfile.o
                0x00004964                ProfileNameSetting::reset()
 .text._ZNK16ProfileSetting_TIfE14getDescriptionEv
                0x00004998       0x28 ./Sources/EditProfile.o
                0x00004998                ProfileSetting_T<float>::getDescription() const
 .text._ZNK16ProfileSetting_TItE14getDescriptionEv
                0x000049c0       0x1c ./Sources/EditProfile.o
                0x000049c0                ProfileSetting_T<unsigned short>::getDescription() const
 .text._ZN11EditProfileC2ER13SolderProfile
                0x000049dc      0x220 ./Sources/EditProfile.o
                0x000049dc                EditProfile::EditProfile(SolderProfile&)
                0x000049dc                EditProfile::EditProfile(SolderProfile&)
 .text._ZN10LCD_ST792013putCustomCharEPKhii
                0x00004bfc       0x28 ./Sources/EditProfile.o
                0x00004bfc                LCD_ST7920::putCustomChar(unsigned char const*, int, int)
 .text._ZN18ProfileNameSetting4drawEv
                0x00004c24      0x1a8 ./Sources/EditProfile.o
                0x00004c24                ProfileNameSetting::draw()
 .text._ZN11EditProfile10drawScreenEv
                0x00004dcc      0x160 ./Sources/EditProfile.o
                0x00004dcc                EditProfile::drawScreen()
 .text._ZN15SwitchDebouncerIN5USBDM5GpioBILi3ELNS0_8PolarityE0EEENS1_ILi2ELS2_0EEENS1_ILi1ELS2_0EEENS1_ILi0ELS2_0EEENS1_ILi16ELS2_0EEEE9getButtonEm
                0x00004f2c       0x4a ./Sources/EditProfile.o
                0x00004f2c                SwitchDebouncer<USBDM::GpioB<3, (USBDM::Polarity)0>, USBDM::GpioB<2, (USBDM::Polarity)0>, USBDM::GpioB<1, (USBDM::Polarity)0>, USBDM::GpioB<0, (USBDM::Polarity)0>, USBDM::GpioB<16, (USBDM::Polarity)0> >::getButton(unsigned long)
 *fill*         0x00004f76        0x2 
 .text._ZN18ProfileNameSetting4editEv
                0x00004f78       0xb8 ./Sources/EditProfile.o
                0x00004f78                ProfileNameSetting::edit()
 .text._ZN18ProfileNameSetting9incrementEv
                0x00005030       0x22 ./Sources/EditProfile.o
                0x00005030                ProfileNameSetting::increment()
 *fill*         0x00005052        0x2 
 .text._ZN11EditProfile4doitEv
                0x00005054       0xa0 ./Sources/EditProfile.o
                0x00005054                EditProfile::doit()
 .text._ZN11EditProfile3runER15NvSolderProfile
                0x000050f4       0xbc ./Sources/EditProfile.o
                0x000050f4                EditProfile::run(NvSolderProfile&)
 .text.os_main  0x000051b0       0x14 ./Sources/RTX_Conf_CM.o
 .text.os_idle_demon
                0x000051c4        0x4 ./Sources/RTX_Conf_CM.o
                0x000051c4                os_idle_demon
 .text.os_error
                0x000051c8       0x20 ./Sources/RTX_Conf_CM.o
                0x000051c8                os_error
 .text.software_init_hook
                0x000051e8       0x30 ./Sources/RTX_Conf_CM.o
                0x000051e8                software_init_hook
 .text._ZN5CMSIS6ThreadD2Ev
                0x00005218        0xe ./Sources/RemoteInterface.o
                0x00005218                CMSIS::Thread::~Thread()
                0x00005218                CMSIS::Thread::~Thread()
 .text._ZN5CMSIS5Mutex7releaseEv
                0x00005226        0x4 ./Sources/RemoteInterface.o
                0x00005226                CMSIS::Mutex::release()
 *fill*         0x0000522a        0x2 
 .text._ZN5USBDM5Flash17waitForFlashReadyEv
                0x0000522c       0x1c ./Sources/RemoteInterface.o
                0x0000522c                USBDM::Flash::waitForFlashReady()
 .text._ZN15RemoteInterface4sendEPNS_Ut0_E
                0x00005248       0x20 ./Sources/RemoteInterface.o
                0x00005248                RemoteInterface::send(RemoteInterface::{unnamed type#2}*)
 .text._Z12parseProfilePc
                0x00005268      0x170 ./Sources/RemoteInterface.o
                0x00005268                parseProfile(char*)
 .text._Z18parseThermocouplesPc
                0x000053d8       0x84 ./Sources/RemoteInterface.o
                0x000053d8                parseThermocouples(char*)
 .text._Z18parsePidParametersPc
                0x0000545c       0x70 ./Sources/RemoteInterface.o
                0x0000545c                parsePidParameters(char*)
 .text._ZN15RemoteInterface19getInteractiveMutexEPNS_Ut0_E
                0x000054cc       0x38 ./Sources/RemoteInterface.o
                0x000054cc                RemoteInterface::getInteractiveMutex(RemoteInterface::{unnamed type#2}*)
 .text._ZN15RemoteInterface10initialiseEv
                0x00005504       0x5c ./Sources/RemoteInterface.o
                0x00005504                RemoteInterface::initialise()
 .text._ZN15RemoteInterface7putDataEiPKh
                0x00005560       0x6c ./Sources/RemoteInterface.o
                0x00005560                RemoteInterface::putData(int, unsigned char const*)
 .text._ZN5CMSIS9MailQueueIN15RemoteInterfaceUt0_ELj4ELPNS_6ThreadE0EE5allocEm
                0x000055cc       0x24 ./Sources/RemoteInterface.o
                0x000055cc                CMSIS::MailQueue<RemoteInterface::{unnamed type#2}, 4u, (CMSIS::Thread*)0>::alloc(unsigned long)
 .text._ZN15RemoteInterface21logThermocoupleStatusEib
                0x000055f0      0x158 ./Sources/RemoteInterface.o
                0x000055f0                RemoteInterface::logThermocoupleStatus(int, bool)
 .text._ZN15RemoteInterface9doCommandEPNS_Ut_E
                0x00005748      0x3b8 ./Sources/RemoteInterface.o
                0x00005748                RemoteInterface::doCommand(RemoteInterface::{unnamed type#1}*)
 .text._ZN15RemoteInterface13commandThreadEPKv
                0x00005b00       0x2c ./Sources/RemoteInterface.o
                0x00005b00                RemoteInterface::commandThread(void const*)
 .text.startup._GLOBAL__sub_I__ZN15RemoteInterface7commandE
                0x00005b2c       0x7c ./Sources/RemoteInterface.o
 .text._ZN13SolderProfileaSERK15NvSolderProfile
                0x00005ba8       0x68 ./Sources/SolderProfile.o
                0x00005ba8                SolderProfile::operator=(NvSolderProfile const&)
 .text._ZN15NvSolderProfileaSERK13SolderProfile
                0x00005c10       0x6e ./Sources/SolderProfile.o
                0x00005c10                NvSolderProfile::operator=(SolderProfile const&)
 .text._ZN15NvSolderProfileaSERKS_
                0x00005c7e       0x96 ./Sources/SolderProfile.o
                0x00005c7e                NvSolderProfile::operator=(NvSolderProfile const&)
 .text._ZN5USBDML16enablePortClocksEm
                0x00005d14       0x18 ./Sources/configure.o
 .text._ZN5CMSIS10TimerClass4shimEPKv
                0x00005d2c        0xa ./Sources/configure.o
                0x00005d2c                CMSIS::TimerClass::shim(void const*)
 *fill*         0x00005d36        0x2 
 .text._ZN5USBDM3SpiD2Ev
                0x00005d38        0xc ./Sources/configure.o
                0x00005d38                USBDM::Spi::~Spi()
                0x00005d38                USBDM::Spi::~Spi()
 .text._ZN5USBDM9SpiBase_TINS_8Spi0InfoEED2Ev
                0x00005d44        0xc ./Sources/configure.o
                0x00005d44                USBDM::SpiBase_T<USBDM::Spi0Info>::~SpiBase_T()
                0x00005d44                USBDM::SpiBase_T<USBDM::Spi0Info>::~SpiBase_T()
 .text._ZN5USBDM4Spi0D2Ev
                0x00005d50        0xc ./Sources/configure.o
                0x00005d50                USBDM::Spi0::~Spi0()
                0x00005d50                USBDM::Spi0::~Spi0()
 .text._ZN5USBDM9SpiBase_TINS_8Spi0InfoEE11disablePinsEv
                0x00005d5c       0x28 ./Sources/configure.o
                0x00005d5c                USBDM::SpiBase_T<USBDM::Spi0Info>::disablePins()
 .text._ZN5USBDM3SpiD0Ev
                0x00005d84       0x14 ./Sources/configure.o
                0x00005d84                USBDM::Spi::~Spi()
 .text._ZN5USBDM9SpiBase_TINS_8Spi0InfoEED0Ev
                0x00005d98       0x14 ./Sources/configure.o
                0x00005d98                USBDM::SpiBase_T<USBDM::Spi0Info>::~SpiBase_T()
 .text._ZN5USBDM4Spi0D0Ev
                0x00005dac       0x14 ./Sources/configure.o
                0x00005dac                USBDM::Spi0::~Spi0()
 .text._ZN5CMSIS5MutexD2Ev
                0x00005dc0        0xc ./Sources/configure.o
                0x00005dc0                CMSIS::Mutex::~Mutex()
                0x00005dc0                CMSIS::Mutex::~Mutex()
 .text._ZN18TemperatureSensorsD2Ev
                0x00005dcc       0x18 ./Sources/configure.o
                0x00005dcc                TemperatureSensors::~TemperatureSensors()
                0x00005dcc                TemperatureSensors::~TemperatureSensors()
 .text._ZN18TemperatureSensorsD0Ev
                0x00005de4       0x12 ./Sources/configure.o
                0x00005de4                TemperatureSensors::~TemperatureSensors()
 *fill*         0x00005df6        0x2 
 .text._ZN5USBDM9SpiBase_TINS_8Spi0InfoEE8setSpeedEmNS_13SpiCtarSelectE
                0x00005df8       0x68 ./Sources/configure.o
                0x00005df8                USBDM::SpiBase_T<USBDM::Spi0Info>::setSpeed(unsigned long, USBDM::SpiCtarSelect)
 .text._ZN5USBDM9SpiBase_TINS_8Spi0InfoEE9setDelaysEfffNS_13SpiCtarSelectE
                0x00005e60       0x98 ./Sources/configure.o
                0x00005e60                USBDM::SpiBase_T<USBDM::Spi0Info>::setDelays(float, float, float, USBDM::SpiCtarSelect)
 .text._ZN5CMSIS10TimerClassD2Ev
                0x00005ef8       0x1c ./Sources/configure.o
                0x00005ef8                CMSIS::TimerClass::~TimerClass()
                0x00005ef8                CMSIS::TimerClass::~TimerClass()
 .text._ZN5CMSIS10TimerClassD0Ev
                0x00005f14       0x12 ./Sources/configure.o
                0x00005f14                CMSIS::TimerClass::~TimerClass()
 *fill*         0x00005f26        0x2 
 .text._ZN22CaseTemperatureMonitorIN5USBDM11Ftm0ChannelILi2EEELi35ELi45EED2Ev
                0x00005f28       0x14 ./Sources/configure.o
                0x00005f28                CaseTemperatureMonitor<USBDM::Ftm0Channel<2>, 35, 45>::~CaseTemperatureMonitor()
                0x00005f28                CaseTemperatureMonitor<USBDM::Ftm0Channel<2>, 35, 45>::~CaseTemperatureMonitor()
 .text._ZN22CaseTemperatureMonitorIN5USBDM11Ftm0ChannelILi2EEELi35ELi45EED0Ev
                0x00005f3c       0x12 ./Sources/configure.o
                0x00005f3c                CaseTemperatureMonitor<USBDM::Ftm0Channel<2>, 35, 45>::~CaseTemperatureMonitor()
 *fill*         0x00005f4e        0x2 
 .text._ZN5Pid_TIXadL_Z14getTemperaturevEEXadL_Z13outPutControlfEEED2Ev
                0x00005f50       0x14 ./Sources/configure.o
                0x00005f50                Pid_T<&(getTemperature()), &(outPutControl(float))>::~Pid_T()
                0x00005f50                Pid_T<&(getTemperature()), &(outPutControl(float))>::~Pid_T()
 .text._ZN5Pid_TIXadL_Z14getTemperaturevEEXadL_Z13outPutControlfEEED0Ev
                0x00005f64       0x12 ./Sources/configure.o
                0x00005f64                Pid_T<&(getTemperature()), &(outPutControl(float))>::~Pid_T()
 *fill*         0x00005f76        0x2 
 .text._ZN15SwitchDebouncerIN5USBDM5GpioBILi3ELNS0_8PolarityE0EEENS1_ILi2ELS2_0EEENS1_ILi1ELS2_0EEENS1_ILi0ELS2_0EEENS1_ILi16ELS2_0EEEED2Ev
                0x00005f78       0x14 ./Sources/configure.o
                0x00005f78                SwitchDebouncer<USBDM::GpioB<3, (USBDM::Polarity)0>, USBDM::GpioB<2, (USBDM::Polarity)0>, USBDM::GpioB<1, (USBDM::Polarity)0>, USBDM::GpioB<0, (USBDM::Polarity)0>, USBDM::GpioB<16, (USBDM::Polarity)0> >::~SwitchDebouncer()
                0x00005f78                SwitchDebouncer<USBDM::GpioB<3, (USBDM::Polarity)0>, USBDM::GpioB<2, (USBDM::Polarity)0>, USBDM::GpioB<1, (USBDM::Polarity)0>, USBDM::GpioB<0, (USBDM::Polarity)0>, USBDM::GpioB<16, (USBDM::Polarity)0> >::~SwitchDebouncer()
 .text._ZN15SwitchDebouncerIN5USBDM5GpioBILi3ELNS0_8PolarityE0EEENS1_ILi2ELS2_0EEENS1_ILi1ELS2_0EEENS1_ILi0ELS2_0EEENS1_ILi16ELS2_0EEEED0Ev
                0x00005f8c       0x12 ./Sources/configure.o
                0x00005f8c                SwitchDebouncer<USBDM::GpioB<3, (USBDM::Polarity)0>, USBDM::GpioB<2, (USBDM::Polarity)0>, USBDM::GpioB<1, (USBDM::Polarity)0>, USBDM::GpioB<0, (USBDM::Polarity)0>, USBDM::GpioB<16, (USBDM::Polarity)0> >::~SwitchDebouncer()
 *fill*         0x00005f9e        0x2 
 .text._ZN5USBDM8Spi0Info8initPCRsEm
                0x00005fa0       0x2c ./Sources/configure.o
                0x00005fa0                USBDM::Spi0Info::initPCRs(unsigned long)
 .text._ZN5USBDM9SpiBase_TINS_8Spi0InfoEE10enablePinsEv
                0x00005fcc        0xa ./Sources/configure.o
                0x00005fcc                USBDM::SpiBase_T<USBDM::Spi0Info>::enablePins()
 *fill*         0x00005fd6        0x2 
 .text._ZN5CMSIS10TimerClassC2E13os_timer_type
                0x00005fd8       0x34 ./Sources/configure.o
                0x00005fd8                CMSIS::TimerClass::TimerClass(os_timer_type)
                0x00005fd8                CMSIS::TimerClass::TimerClass(os_timer_type)
 .text._ZN5CMSIS5MutexC2Ev
                0x0000600c       0x1a ./Sources/configure.o
                0x0000600c                CMSIS::Mutex::Mutex()
                0x0000600c                CMSIS::Mutex::Mutex()
 *fill*         0x00006026        0x2 
 .text._ZN8Max31855C2ERN5USBDM3SpiENS0_19SpiPeripheralSelectERNS0_11NonvolatileIiEERNS4_IbEE
                0x00006028       0x68 ./Sources/configure.o
                0x00006028                Max31855::Max31855(USBDM::Spi&, USBDM::SpiPeripheralSelect, USBDM::Nonvolatile<int>&, USBDM::Nonvolatile<bool>&)
                0x00006028                Max31855::Max31855(USBDM::Spi&, USBDM::SpiPeripheralSelect, USBDM::Nonvolatile<int>&, USBDM::Nonvolatile<bool>&)
 .text._ZN18TemperatureSensorsC2Ev
                0x00006090       0xb0 ./Sources/configure.o
                0x00006090                TemperatureSensors::TemperatureSensors()
                0x00006090                TemperatureSensors::TemperatureSensors()
 .text._Z13outPutControlf
                0x00006140       0x74 ./Sources/configure.o
                0x00006140                outPutControl(float)
 .text._ZN5USBDM3Spi4txRxIhEEvmPKT_PS2_
                0x000061b4       0x4e ./Sources/configure.o
                0x000061b4                void USBDM::Spi::txRx<unsigned char>(unsigned long, unsigned char const*, unsigned char*)
 *fill*         0x00006202        0x2 
 .text._ZN8Max3185510getReadingERfS0_
                0x00006204       0xd4 ./Sources/configure.o
                0x00006204                Max31855::getReading(float&, float&)
 .text._ZN18TemperatureSensors18updateMeasurementsEv
                0x000062d8      0x158 ./Sources/configure.o
                0x000062d8                TemperatureSensors::updateMeasurements()
 .text._Z14getTemperaturev
                0x00006430       0x14 ./Sources/configure.o
                0x00006430                getTemperature()
 .text._ZN5Pid_TIXadL_Z14getTemperaturevEEXadL_Z13outPutControlfEEE8callbackEv
                0x00006444      0x102 ./Sources/configure.o
                0x00006444                Pid_T<&(getTemperature()), &(outPutControl(float))>::callback()
 *fill*         0x00006546        0x2 
 .text._ZN15SwitchDebouncerIN5USBDM5GpioBILi3ELNS0_8PolarityE0EEENS1_ILi2ELS2_0EEENS1_ILi1ELS2_0EEENS1_ILi0ELS2_0EEENS1_ILi16ELS2_0EEEEC2Ev
                0x00006548       0xc8 ./Sources/configure.o
                0x00006548                SwitchDebouncer<USBDM::GpioB<3, (USBDM::Polarity)0>, USBDM::GpioB<2, (USBDM::Polarity)0>, USBDM::GpioB<1, (USBDM::Polarity)0>, USBDM::GpioB<0, (USBDM::Polarity)0>, USBDM::GpioB<16, (USBDM::Polarity)0> >::SwitchDebouncer()
                0x00006548                SwitchDebouncer<USBDM::GpioB<3, (USBDM::Polarity)0>, USBDM::GpioB<2, (USBDM::Polarity)0>, USBDM::GpioB<1, (USBDM::Polarity)0>, USBDM::GpioB<0, (USBDM::Polarity)0>, USBDM::GpioB<16, (USBDM::Polarity)0> >::SwitchDebouncer()
 .text._ZN5USBDM9FtmBase_TINS_8Ftm0InfoEE9setPeriodEf
                0x00006610       0xc0 ./Sources/configure.o
                0x00006610                USBDM::FtmBase_T<USBDM::Ftm0Info>::setPeriod(float)
 .text._ZN5USBDM9FtmBase_TINS_8Ftm0InfoEE12setDutyCycleEii
                0x000066d0       0x30 ./Sources/configure.o
                0x000066d0                USBDM::FtmBase_T<USBDM::Ftm0Info>::setDutyCycle(int, int)
 .text._ZN22CaseTemperatureMonitorIN5USBDM11Ftm0ChannelILi2EEELi35ELi45EE8callbackEv
                0x00006700       0x5c ./Sources/configure.o
                0x00006700                CaseTemperatureMonitor<USBDM::Ftm0Channel<2>, 35, 45>::callback()
 .text._ZN5CMSIS12MessageQueueI11SwitchValueLj3ELPNS_6ThreadE0EE3putES1_m
                0x0000675c       0x26 ./Sources/configure.o
                0x0000675c                CMSIS::MessageQueue<SwitchValue, 3u, (CMSIS::Thread*)0>::put(SwitchValue, unsigned long)
 *fill*         0x00006782        0x2 
 .text._ZN15SwitchDebouncerIN5USBDM5GpioBILi3ELNS0_8PolarityE0EEENS1_ILi2ELS2_0EEENS1_ILi1ELS2_0EEENS1_ILi0ELS2_0EEENS1_ILi16ELS2_0EEEE8callbackEv
                0x00006784       0xa0 ./Sources/configure.o
                0x00006784                SwitchDebouncer<USBDM::GpioB<3, (USBDM::Polarity)0>, USBDM::GpioB<2, (USBDM::Polarity)0>, USBDM::GpioB<1, (USBDM::Polarity)0>, USBDM::GpioB<0, (USBDM::Polarity)0>, USBDM::GpioB<16, (USBDM::Polarity)0> >::callback()
 .text._ZN5USBDM9SpiBase_TINS_8Spi0InfoEE5mutexEv
                0x00006824       0x3c ./Sources/configure.o
                0x00006824                USBDM::SpiBase_T<USBDM::Spi0Info>::mutex()
 .text._ZN5USBDM9SpiBase_TINS_8Spi0InfoEE16startTransactionERNS_9SpiConfigEi
                0x00006860       0x28 ./Sources/configure.o
                0x00006860                USBDM::SpiBase_T<USBDM::Spi0Info>::startTransaction(USBDM::SpiConfig&, int)
 .text._ZN5USBDM9SpiBase_TINS_8Spi0InfoEE16startTransactionEi
                0x00006888       0x30 ./Sources/configure.o
                0x00006888                USBDM::SpiBase_T<USBDM::Spi0Info>::startTransaction(int)
 .text._ZN5USBDM9SpiBase_TINS_8Spi0InfoEE14endTransactionEv
                0x000068b8       0x18 ./Sources/configure.o
                0x000068b8                USBDM::SpiBase_T<USBDM::Spi0Info>::endTransaction()
 .text.startup._GLOBAL__sub_I_interactiveMutex
                0x000068d0      0x284 ./Sources/configure.o
 .text._ZN11CopyProfile4drawEv
                0x00006b54      0x1a0 ./Sources/copyProfile.o
                0x00006b54                CopyProfile::draw()
 .text._ZN11CopyProfile11copyProfileEjj
                0x00006cf4       0x88 ./Sources/copyProfile.o
                0x00006cf4                CopyProfile::copyProfile(unsigned int, unsigned int)
 .text._ZN11CopyProfile3runEi
                0x00006d7c       0xa8 ./Sources/copyProfile.o
                0x00006d7c                CopyProfile::run(int)
 .text._ZN5USBDML9waitTicksEx
                0x00006e24       0x24 ./Sources/delay.o
 .text._ZN5USBDML9waitTicksExPFbvE
                0x00006e48       0x30 ./Sources/delay.o
 .text._ZN5USBDM6waitUSEm
                0x00006e78       0x20 ./Sources/delay.o
                0x00006e78                USBDM::waitUS(unsigned long)
 .text._ZN5USBDM6waitMSEm
                0x00006e98       0x24 ./Sources/delay.o
                0x00006e98                USBDM::waitMS(unsigned long)
 .text._ZN5USBDM4waitEfPFbvE
                0x00006ebc       0x34 ./Sources/delay.o
                0x00006ebc                USBDM::wait(float, bool (*)())
 .text._ZN5USBDM5Flash23executeFlashCommand_asmEv
                0x00006ef0       0x18 ./Sources/ftfl.o
                0x00006ef0                USBDM::Flash::executeFlashCommand_asm()
 .text._ZN5USBDM5Flash19executeFlashCommandEv
                0x00006f08       0x74 ./Sources/ftfl.o
                0x00006f08                USBDM::Flash::executeFlashCommand()
 .text._ZN5USBDM5Flash14partitionFlashEhh
                0x00006f7c       0x2c ./Sources/ftfl.o
                0x00006f7c                USBDM::Flash::partitionFlash(unsigned char, unsigned char)
 .text._ZN5USBDM10mapAllPinsEv
                0x00006fa8       0xa8 ./Sources/hardware.o
                0x00006fa8                USBDM::mapAllPins()
 .text._ZN10LCD_ST792016clearFrameBufferEv
                0x00007050       0x1a ./Sources/lcd_st7920.o
                0x00007050                LCD_ST7920::clearFrameBuffer()
 .text._ZN10LCD_ST792010writeImageEPKhiiii
                0x0000706a      0x138 ./Sources/lcd_st7920.o
                0x0000706a                LCD_ST7920::writeImage(unsigned char const*, int, int, int, int)
 *fill*         0x000071a2        0x2 
 .text._ZN10LCD_ST79208putSpaceEi
                0x000071a4       0x40 ./Sources/lcd_st7920.o
                0x000071a4                LCD_ST7920::putSpace(int)
 .text._ZN10LCD_ST79207putCharEh
                0x000071e4       0x5c ./Sources/lcd_st7920.o
                0x000071e4                LCD_ST7920::putChar(unsigned char)
 .text._ZN10LCD_ST79209putStringEPKc
                0x00007240       0x16 ./Sources/lcd_st7920.o
                0x00007240                LCD_ST7920::putString(char const*)
 .text._ZN10LCD_ST792016drawVerticalLineEiii
                0x00007256       0x38 ./Sources/lcd_st7920.o
                0x00007256                LCD_ST7920::drawVerticalLine(int, int, int)
 .text._ZN10LCD_ST792018drawHorizontalLineEi
                0x0000728e       0x22 ./Sources/lcd_st7920.o
                0x0000728e                LCD_ST7920::drawHorizontalLine(int)
 .text._ZN10LCD_ST79209drawPixelEii
                0x000072b0       0x2e ./Sources/lcd_st7920.o
                0x000072b0                LCD_ST7920::drawPixel(int, int)
 *fill*         0x000072de        0x2 
 .text._ZN10LCD_ST79206printfEPKcz
                0x000072e0       0x34 ./Sources/lcd_st7920.o
                0x000072e0                LCD_ST7920::printf(char const*, ...)
 .text._ZN10LCD_ST792012writeCommandEh
                0x00007314       0x44 ./Sources/lcd_st7920.o
                0x00007314                LCD_ST7920::writeCommand(unsigned char)
 .text._ZN10LCD_ST792011setTextModeEv
                0x00007358       0x1e ./Sources/lcd_st7920.o
                0x00007358                LCD_ST7920::setTextMode()
 .text._ZN10LCD_ST79205clearEv
                0x00007376       0x2c ./Sources/lcd_st7920.o
                0x00007376                LCD_ST7920::clear()
 *fill*         0x000073a2        0x2 
 .text._ZN10LCD_ST792010initialiseEv
                0x000073a4       0x88 ./Sources/lcd_st7920.o
                0x000073a4                LCD_ST7920::initialise()
 .text._ZN10LCD_ST792014setGraphicModeEv
                0x0000742c       0x1e ./Sources/lcd_st7920.o
                0x0000742c                LCD_ST7920::setGraphicMode()
 .text._ZN10LCD_ST79209writeDataEh
                0x0000744a       0x44 ./Sources/lcd_st7920.o
                0x0000744a                LCD_ST7920::writeData(unsigned char)
 .text._ZN10LCD_ST792012refreshImageEv
                0x0000748e       0x80 ./Sources/lcd_st7920.o
                0x0000748e                LCD_ST7920::refreshImage()
 *fill*         0x0000750e        0x2 
 .text._ZN5USBDML16enablePortClocksEm
                0x00007510       0x18 ./Sources/main.o
 .text._ZN15ZeroCrossingPwmIN5USBDM5GpioCILi2ELNS0_8PolarityE1EEE9HeaterLedNS1_ILi1ELS2_1EEE10OvenFanLedNS0_9CmpBase_TINS0_8Cmp0InfoEEEE16callbackFunctionENS0_8CmpEventE
                0x00007528       0x8c ./Sources/main.o
                0x00007528                ZeroCrossingPwm<USBDM::GpioC<2, (USBDM::Polarity)1>, HeaterLed, USBDM::GpioC<1, (USBDM::Polarity)1>, OvenFanLed, USBDM::CmpBase_T<USBDM::Cmp0Info> >::callbackFunction(USBDM::CmpEvent)
 .text._ZN5USBDM11FormattedIO9writeCharEc
                0x000075b4        0xa ./Sources/main.o
                0x000075b4                USBDM::FormattedIO::writeChar(char)
 *fill*         0x000075be        0x2 
 .text._ZN10OvenFanLed4initEv
                0x000075c0       0x34 ./Sources/main.o
                0x000075c0                OvenFanLed::init()
 .text._ZN9HeaterLed4initEv
                0x000075f4       0x34 ./Sources/main.o
                0x000075f4                HeaterLed::init()
 .text._ZN15ZeroCrossingPwmIN5USBDM5GpioCILi2ELNS0_8PolarityE1EEE9HeaterLedNS1_ILi1ELS2_1EEE10OvenFanLedNS0_9CmpBase_TINS0_8Cmp0InfoEEEE10initialiseEv
                0x00007628       0xd4 ./Sources/main.o
                0x00007628                ZeroCrossingPwm<USBDM::GpioC<2, (USBDM::Polarity)1>, HeaterLed, USBDM::GpioC<1, (USBDM::Polarity)1>, OvenFanLed, USBDM::CmpBase_T<USBDM::Cmp0Info> >::initialise()
 .text._Z10initialisev
                0x000076fc       0x80 ./Sources/main.o
                0x000076fc                initialise()
 .text.startup.main
                0x0000777c       0x70 ./Sources/main.o
                0x0000777c                main
 .text._ZN8MainMenuL15factoryDefaultsEv
                0x000077ec       0x24 ./Sources/mainMenu.o
 .text._ZN8MainMenuUlvE_4_FUNEv
                0x00007810        0xc ./Sources/mainMenu.o
 .text._ZN8MainMenu11displayBusyEv
                0x0000781c       0x44 ./Sources/mainMenu.o
                0x0000781c                MainMenu::displayBusy()
 .text._ZN8MainMenu3runEv
                0x00007860      0x1d0 ./Sources/mainMenu.o
                0x00007860                MainMenu::run()
 .text.startup._GLOBAL__sub_I__ZN8MainMenu11displayBusyEv
                0x00007a30       0x10 ./Sources/mainMenu.o
 .text._ZN14ManageProfiles11profileMenuEv
                0x00007a40      0x228 ./Sources/manageProfiles.o
                0x00007a40                ManageProfiles::profileMenu()
 .text._ZL12waitForPressi
                0x00007c68       0x64 ./Sources/messageBox.o
 .text._Z10messageBoxPKcS0_19MessageBoxSelection
                0x00007ccc      0x1d4 ./Sources/messageBox.o
                0x00007ccc                messageBox(char const*, char const*, MessageBoxSelection)
 .text._Z18checkThermocouplesv
                0x00007ea0       0x28 ./Sources/messageBox.o
                0x00007ea0                checkThermocouples()
 .text._ZN15TemperaturePlotD2Ev
                0x00007ec8        0xc ./Sources/plotting.o
                0x00007ec8                TemperaturePlot::~TemperaturePlot()
                0x00007ec8                TemperaturePlot::~TemperaturePlot()
 .text._ZN15TemperaturePlotD0Ev
                0x00007ed4       0x14 ./Sources/plotting.o
                0x00007ed4                TemperaturePlot::~TemperaturePlot()
 .text._ZN4DrawL20plotTemperatureOnLCDEii
                0x00007ee8       0x90 ./Sources/plotting.o
 .text._ZN15TemperaturePlot5resetEv
                0x00007f78       0x30 ./Sources/plotting.o
                0x00007f78                TemperaturePlot::reset()
 .text._ZNK15TemperaturePlot12getDataPointEi
                0x00007fa8       0x50 ./Sources/plotting.o
                0x00007fa8                TemperaturePlot::getDataPoint(int) const
 .text._ZN10LCD_ST792013putSmallDigitEi
                0x00007ff8       0x18 ./Sources/plotting.o
                0x00007ff8                LCD_ST7920::putSmallDigit(int)
 .text._ZN4Draw5resetEv
                0x00008010       0x10 ./Sources/plotting.o
                0x00008010                Draw::reset()
 .text._ZN4Draw11drawProfileEi
                0x00008020      0x1c0 ./Sources/plotting.o
                0x00008020                Draw::drawProfile(int)
 .text._ZN4Draw6updateEv
                0x000081e0      0x330 ./Sources/plotting.o
                0x000081e0                Draw::update()
 .text._ZN4Draw12addDataPointEi9DataPoint
                0x00008510       0x50 ./Sources/plotting.o
                0x00008510                Draw::addDataPoint(int, DataPoint)
 .text._ZN4Draw12getDataPointEi
                0x00008560       0x10 ./Sources/plotting.o
                0x00008560                Draw::getDataPoint(int)
 .text._ZN4Draw7getDataEv
                0x00008570        0x8 ./Sources/plotting.o
                0x00008570                Draw::getData()
 .text.startup._GLOBAL__sub_I__ZN4Draw5resetEv
                0x00008578       0x5c ./Sources/plotting.o
 .text._ZN8Reporter12getStateNameE5State
                0x000085d4       0x18 ./Sources/reporter.o
                0x000085d4                Reporter::getStateName(State)
 .text._ZN8Reporter5resetEv
                0x000085ec        0x4 ./Sources/reporter.o
                0x000085ec                Reporter::reset()
 .text._ZN8Reporter11addLogPointEi5State
                0x000085f0       0x80 ./Sources/reporter.o
                0x000085f0                Reporter::addLogPoint(int, State)
 .text._ZN8Reporter22displayProfileProgressEv
                0x00008670      0x128 ./Sources/reporter.o
                0x00008670                Reporter::displayProfileProgress()
 .text._ZN8Reporter13setTextPromptEPFvvE
                0x00008798        0xc ./Sources/reporter.o
                0x00008798                Reporter::setTextPrompt(void (*)())
 .text._ZN8Reporter13setPlotPromptEPFvvE
                0x000087a4        0xc ./Sources/reporter.o
                0x000087a4                Reporter::setPlotPrompt(void (*)())
 .text._ZN8Reporter16setDisplayFormatENS_11DisplayModeE
                0x000087b0        0xc ./Sources/reporter.o
                0x000087b0                Reporter::setDisplayFormat(Reporter::DisplayMode)
 .text._ZN8Reporter10setProfileEi
                0x000087bc        0xc ./Sources/reporter.o
                0x000087bc                Reporter::setProfile(int)
 .text._ZZN7Monitor7monitorEvENUlvE_4_FUNEv
                0x000087c8      0x160 ./Sources/runProfile.o
 .text._ZZN10RunProfile10runProfileEvENUlvE0_4_FUNEv
                0x00008928       0xa8 ./Sources/runProfile.o
 .text._ZZN10RunProfile10runProfileEvENUlvE_4_FUNEv
                0x000089d0       0xf4 ./Sources/runProfile.o
 .text._ZZN10RunProfile10runProfileEvENUlvE1_4_FUNEv
                0x00008ac4       0xb0 ./Sources/runProfile.o
 .text._ZN5CMSIS5TimerD2Ev
                0x00008b74       0x10 ./Sources/runProfile.o
                0x00008b74                CMSIS::Timer::~Timer()
                0x00008b74                CMSIS::Timer::~Timer()
 .text._ZN5CMSIS5Timer5startEd
                0x00008b84       0x40 ./Sources/runProfile.o
                0x00008b84                CMSIS::Timer::start(double)
 .text._ZN10RunProfile15startRunProfileER15NvSolderProfile
                0x00008bc4       0x54 ./Sources/runProfile.o
                0x00008bc4                RunProfile::startRunProfile(NvSolderProfile&)
 .text._ZN10RunProfile21remoteStartRunProfileEv
                0x00008c18       0x20 ./Sources/runProfile.o
                0x00008c18                RunProfile::remoteStartRunProfile()
 .text._ZN10RunProfile21remoteCheckRunProfileEv
                0x00008c38        0xc ./Sources/runProfile.o
                0x00008c38                RunProfile::remoteCheckRunProfile()
 .text._ZN10RunProfile16drawManualScreenEv
                0x00008c44      0x204 ./Sources/runProfile.o
                0x00008c44                RunProfile::drawManualScreen()
 .text._ZN7Monitor7monitorEv
                0x00008e48       0xc0 ./Sources/runProfile.o
                0x00008e48                Monitor::monitor()
 .text._ZZN6Buzzer4playEvENKUlvE_clEv
                0x00008f08       0x18 ./Sources/runProfile.o
                0x00008f08                Buzzer::play()::{lambda()#1}::operator()() const
 .text._ZZN6Buzzer4playEvENUlvE_4_FUNEv
                0x00008f20       0x18 ./Sources/runProfile.o
                0x00008f20                Buzzer::play()::{lambda()#1}::_FUN()
 .text._ZN5Pid_TIXadL_Z14getTemperaturevEEXadL_Z13outPutControlfEEE6enableEb
                0x00008f38       0x3e ./Sources/runProfile.o
                0x00008f38                Pid_T<&(getTemperature()), &(outPutControl(float))>::enable(bool)
 *fill*         0x00008f76        0x2 
 .text._ZN10RunProfileL7handlerEPKv
                0x00008f78      0x3e8 ./Sources/runProfile.o
 .text._ZN15ZeroCrossingPwmIN5USBDM5GpioCILi2ELNS0_8PolarityE1EEE9HeaterLedNS1_ILi1ELS2_1EEE10OvenFanLedNS0_9CmpBase_TINS0_8Cmp0InfoEEEE15setFanDutycycleEi
                0x00009360       0x2c ./Sources/runProfile.o
                0x00009360                ZeroCrossingPwm<USBDM::GpioC<2, (USBDM::Polarity)1>, HeaterLed, USBDM::GpioC<1, (USBDM::Polarity)1>, OvenFanLed, USBDM::CmpBase_T<USBDM::Cmp0Info> >::setFanDutycycle(int)
 .text._ZN10RunProfile18completeRunProfileEv
                0x0000938c       0x5c ./Sources/runProfile.o
                0x0000938c                RunProfile::completeRunProfile()
 .text._ZN10RunProfile15abortRunProfileEv
                0x000093e8       0x14 ./Sources/runProfile.o
                0x000093e8                RunProfile::abortRunProfile()
 .text._ZN10RunProfile10runProfileEv
                0x000093fc      0x16c ./Sources/runProfile.o
                0x000093fc                RunProfile::runProfile()
 .text._ZN10RunProfile10manualModeEv
                0x00009568      0x2b0 ./Sources/runProfile.o
                0x00009568                RunProfile::manualMode()
 .text.startup._GLOBAL__sub_I__ZN7Monitor7monitorEv
                0x00009818       0x40 ./Sources/runProfile.o
 .text._ZN9Setting_TIfED2Ev
                0x00009858        0xc ./Sources/settings.o
                0x00009858                Setting_T<float>::~Setting_T()
                0x00009858                Setting_T<float>::~Setting_T()
 .text._ZN9Setting_TIiED2Ev
                0x00009864        0xc ./Sources/settings.o
                0x00009864                Setting_T<int>::~Setting_T()
                0x00009864                Setting_T<int>::~Setting_T()
 .text._ZNK9Setting_TIfE6actionEv
                0x00009870        0xa ./Sources/settings.o
                0x00009870                Setting_T<float>::action() const
 .text._ZNK9Setting_TIiE6actionEv
                0x0000987a        0xa ./Sources/settings.o
                0x0000987a                Setting_T<int>::action() const
 .text._ZN9Setting_TIfED0Ev
                0x00009884       0x14 ./Sources/settings.o
                0x00009884                Setting_T<float>::~Setting_T()
 .text._ZN9Setting_TIiED0Ev
                0x00009898       0x14 ./Sources/settings.o
                0x00009898                Setting_T<int>::~Setting_T()
 .text._ZNK9Setting_TIiE14getDescriptionEv
                0x000098ac       0x20 ./Sources/settings.o
                0x000098ac                Setting_T<int>::getDescription() const
 .text._ZN8Settings8testBeepEPK7Setting
                0x000098cc       0x2c ./Sources/settings.o
                0x000098cc                Settings::testBeep(Setting const*)
 .text._ZNK9Setting_TIfE14getDescriptionEv
                0x000098f8       0x2c ./Sources/settings.o
                0x000098f8                Setting_T<float>::getDescription() const
 .text._ZN8Settings18initialiseSettingsEv
                0x00009924      0x124 ./Sources/settings.o
                0x00009924                Settings::initialiseSettings()
 .text._ZN8SettingsC2Ev
                0x00009a48       0x3c ./Sources/settings.o
                0x00009a48                Settings::Settings()
                0x00009a48                Settings::Settings()
 .text._ZN7FanTest13testFanScreenEb
                0x00009a84      0x1a8 ./Sources/settings.o
                0x00009a84                FanTest::testFanScreen(bool)
 .text._ZN8Settings10drawScreenEv
                0x00009c2c      0x148 ./Sources/settings.o
                0x00009c2c                Settings::drawScreen()
 .text._ZN8Settings7runMenuEv
                0x00009d74       0xa0 ./Sources/settings.o
                0x00009d74                Settings::runMenu()
 .text._ZNK9Setting_TIiE3setEi
                0x00009e14       0x2c ./Sources/settings.o
                0x00009e14                Setting_T<int>::set(int) const
 .text._ZNK9Setting_TIiE5resetEv
                0x00009e40        0xa ./Sources/settings.o
                0x00009e40                Setting_T<int>::reset() const
 .text._ZNK9Setting_TIiE9incrementEv
                0x00009e4a       0x18 ./Sources/settings.o
                0x00009e4a                Setting_T<int>::increment() const
 .text._ZNK9Setting_TIiE9decrementEv
                0x00009e62       0x18 ./Sources/settings.o
                0x00009e62                Setting_T<int>::decrement() const
 *fill*         0x00009e7a        0x2 
 .text._ZN7FanTest7testFanEPK7Setting
                0x00009e7c       0xbc ./Sources/settings.o
                0x00009e7c                FanTest::testFan(Setting const*)
 .text._ZNK9Setting_TIfE3setEf
                0x00009f38       0x3c ./Sources/settings.o
                0x00009f38                Setting_T<float>::set(float) const
 .text._ZNK9Setting_TIfE9incrementEv
                0x00009f74       0x1c ./Sources/settings.o
                0x00009f74                Setting_T<float>::increment() const
 .text._ZNK9Setting_TIfE9decrementEv
                0x00009f90       0x1c ./Sources/settings.o
                0x00009f90                Setting_T<float>::decrement() const
 .text._ZNK9Setting_TIfE5resetEv
                0x00009fac        0xa ./Sources/settings.o
                0x00009fac                Setting_T<float>::reset() const
 *fill*         0x00009fb6        0x2 
 .text.startup._GLOBAL__sub_I.01000_beepTime
                0x00009fb8        0xc ./Sources/settings.o
 .text.startup._GLOBAL__sub_I_beepTime
                0x00009fc4       0xb4 ./Sources/settings.o
 .text._ZN5USBDM3Spi17calculateDividersEmm
                0x0000a078       0x68 ./Sources/spi.o
                0x0000a078                USBDM::Spi::calculateDividers(unsigned long, unsigned long)
 .text._ZN5USBDM3Spi14calculateDelayEffRiS1_
                0x0000a0e0       0x84 ./Sources/spi.o
                0x0000a0e0                USBDM::Spi::calculateDelay(float, float, int&, int&)
 .text._ZN5USBDM7UsbBase22utf8ToStringDescriptorEPhPKhj
                0x0000a164       0x76 ./Sources/usb.o
                0x0000a164                USBDM::UsbBase::utf8ToStringDescriptor(unsigned char*, unsigned char const*, unsigned int)
 *fill*         0x0000a1da        0x2 
 .text._ZN5USBDML10checkErrorEv
                0x0000a1dc       0x10 ./Sources/usb_implementation_cdc.o
 .text._ZN5USBDM7UsbBase20unsetHandlerCallbackEv
                0x0000a1ec       0x10 ./Sources/usb_implementation_cdc.o
                0x0000a1ec                USBDM::UsbBase::unsetHandlerCallback()
 .text._ZN5USBDM10InEndpointINS_8Usb0InfoELi3ELi16EED2Ev
                0x0000a1fc        0xc ./Sources/usb_implementation_cdc.o
                0x0000a1fc                USBDM::InEndpoint<USBDM::Usb0Info, 3, 16>::~InEndpoint()
                0x0000a1fc                USBDM::InEndpoint<USBDM::Usb0Info, 3, 16>::~InEndpoint()
 .text._ZN5USBDM11OutEndpointINS_8Usb0InfoELi2ELi16EED2Ev
                0x0000a208        0xc ./Sources/usb_implementation_cdc.o
                0x0000a208                USBDM::OutEndpoint<USBDM::Usb0Info, 2, 16>::~OutEndpoint()
                0x0000a208                USBDM::OutEndpoint<USBDM::Usb0Info, 2, 16>::~OutEndpoint()
 .text._ZN5USBDM10InEndpointINS_8Usb0InfoELi1ELi16EED2Ev
                0x0000a214        0xc ./Sources/usb_implementation_cdc.o
                0x0000a214                USBDM::InEndpoint<USBDM::Usb0Info, 1, 16>::~InEndpoint()
                0x0000a214                USBDM::InEndpoint<USBDM::Usb0Info, 1, 16>::~InEndpoint()
 .text._ZN5USBDM10Endpoint_TINS_8Usb0InfoELi3ELi16EE5stallEv
                0x0000a220       0x18 ./Sources/usb_implementation_cdc.o
                0x0000a220                USBDM::Endpoint_T<USBDM::Usb0Info, 3, 16>::stall()
 .text._ZN5USBDM10Endpoint_TINS_8Usb0InfoELi3ELi16EE10clearStallEv
                0x0000a238       0x1c ./Sources/usb_implementation_cdc.o
                0x0000a238                USBDM::Endpoint_T<USBDM::Usb0Info, 3, 16>::clearStall()
 .text._ZN5USBDM10Endpoint_TINS_8Usb0InfoELi2ELi16EE5stallEv
                0x0000a254       0x18 ./Sources/usb_implementation_cdc.o
                0x0000a254                USBDM::Endpoint_T<USBDM::Usb0Info, 2, 16>::stall()
 .text._ZN5USBDM10Endpoint_TINS_8Usb0InfoELi2ELi16EE10clearStallEv
                0x0000a26c       0x1c ./Sources/usb_implementation_cdc.o
                0x0000a26c                USBDM::Endpoint_T<USBDM::Usb0Info, 2, 16>::clearStall()
 .text._ZN5USBDM10Endpoint_TINS_8Usb0InfoELi1ELi16EE5stallEv
                0x0000a288       0x18 ./Sources/usb_implementation_cdc.o
                0x0000a288                USBDM::Endpoint_T<USBDM::Usb0Info, 1, 16>::stall()
 .text._ZN5USBDM10Endpoint_TINS_8Usb0InfoELi1ELi16EE10clearStallEv
                0x0000a2a0       0x1c ./Sources/usb_implementation_cdc.o
                0x0000a2a0                USBDM::Endpoint_T<USBDM::Usb0Info, 1, 16>::clearStall()
 .text._ZN5USBDM10InEndpointINS_8Usb0InfoELi3ELi16EED0Ev
                0x0000a2bc       0x14 ./Sources/usb_implementation_cdc.o
                0x0000a2bc                USBDM::InEndpoint<USBDM::Usb0Info, 3, 16>::~InEndpoint()
 .text._ZN5USBDM11OutEndpointINS_8Usb0InfoELi2ELi16EED0Ev
                0x0000a2d0       0x14 ./Sources/usb_implementation_cdc.o
                0x0000a2d0                USBDM::OutEndpoint<USBDM::Usb0Info, 2, 16>::~OutEndpoint()
 .text._ZN5USBDM10InEndpointINS_8Usb0InfoELi1ELi16EED0Ev
                0x0000a2e4       0x14 ./Sources/usb_implementation_cdc.o
                0x0000a2e4                USBDM::InEndpoint<USBDM::Usb0Info, 1, 16>::~InEndpoint()
 .text._ZZN5USBDM4Usb019handleSetLineCodingEvENUlvE_4_FUNEv
                0x0000a2f8       0x28 ./Sources/usb_implementation_cdc.o
 .text._ZN5USBDM4Usb021epCdcSendNotificationEv
                0x0000a320       0x9c ./Sources/usb_implementation_cdc.o
                0x0000a320                USBDM::Usb0::epCdcSendNotification()
 .text._ZN5USBDM4Usb011sofCallbackEv
                0x0000a3bc       0x40 ./Sources/usb_implementation_cdc.o
                0x0000a3bc                USBDM::Usb0::sofCallback()
 .text._ZN5USBDM10Endpoint_TINS_8Usb0InfoELi2ELi16EE15initialiseBdtRxEv
                0x0000a3fc       0x38 ./Sources/usb_implementation_cdc.o
                0x0000a3fc                USBDM::Endpoint_T<USBDM::Usb0Info, 2, 16>::initialiseBdtRx()
 .text._ZN5USBDM4Usb025cdcOutTransactionCallbackENS_13EndpointStateE
                0x0000a434       0x30 ./Sources/usb_implementation_cdc.o
                0x0000a434                USBDM::Usb0::cdcOutTransactionCallback(USBDM::EndpointState)
 .text._ZN5USBDM10Endpoint_TINS_8Usb0InfoELi2ELi16EE14handleOutTokenEv
                0x0000a464       0xa4 ./Sources/usb_implementation_cdc.o
                0x0000a464                USBDM::Endpoint_T<USBDM::Usb0Info, 2, 16>::handleOutToken()
 .text._ZN5USBDM10Endpoint_TINS_8Usb0InfoELi3ELi16EE15initialiseBdtTxEv
                0x0000a508       0x70 ./Sources/usb_implementation_cdc.o
                0x0000a508                USBDM::Endpoint_T<USBDM::Usb0Info, 3, 16>::initialiseBdtTx()
 .text._ZN5USBDM4Usb024cdcInTransactionCallbackENS_13EndpointStateE
                0x0000a578       0x58 ./Sources/usb_implementation_cdc.o
                0x0000a578                USBDM::Usb0::cdcInTransactionCallback(USBDM::EndpointState)
 .text._ZN5USBDM4Usb06notifyEv
                0x0000a5d0       0x18 ./Sources/usb_implementation_cdc.o
                0x0000a5d0                USBDM::Usb0::notify()
 .text._ZN5USBDM4Usb019handleTokenCompleteEv
                0x0000a5e8       0x9c ./Sources/usb_implementation_cdc.o
                0x0000a5e8                USBDM::Usb0::handleTokenComplete()
 .text._ZN5USBDM4Usb019handleSetLineCodingEv
                0x0000a684       0x34 ./Sources/usb_implementation_cdc.o
                0x0000a684                USBDM::Usb0::handleSetLineCoding()
 .text._ZN5USBDM9UsbBase_TINS_8Usb0InfoELi64EE10initialiseEv
                0x0000a6b8      0x174 ./Sources/usb_implementation_cdc.o
                0x0000a6b8                USBDM::UsbBase_T<USBDM::Usb0Info, 64>::initialise()
 .text._ZN5USBDM4Usb010initialiseEv
                0x0000a82c       0x40 ./Sources/usb_implementation_cdc.o
                0x0000a82c                USBDM::Usb0::initialise()
 .text._ZN5USBDM4Usb019handleGetLineCodingEv
                0x0000a86c       0x10 ./Sources/usb_implementation_cdc.o
                0x0000a86c                USBDM::Usb0::handleGetLineCoding()
 .text._ZN5USBDM4Usb025handleSetControlLineStateEv
                0x0000a87c       0x14 ./Sources/usb_implementation_cdc.o
                0x0000a87c                USBDM::Usb0::handleSetControlLineState()
 .text._ZN5USBDM4Usb015handleSendBreakEv
                0x0000a890       0x14 ./Sources/usb_implementation_cdc.o