Archive member included because of file (symbol)

c:/apps/freescale/kds_v3/toolchain/bin/../lib/gcc/arm-none-eabi/4.8.4/../../../../arm-none-eabi/lib/armv7e-m\libstdc++_s.a(new_op.o)
                              ./Sources/EditProfile.o (operator new(unsigned int))
c:/apps/freescale/kds_v3/toolchain/bin/../lib/gcc/arm-none-eabi/4.8.4/../../../../arm-none-eabi/lib/armv7e-m\libstdc++_s.a(del_op.o)
                              ./Startup_Code/console.o (operator delete(void*))
c:/apps/freescale/kds_v3/toolchain/bin/../lib/gcc/arm-none-eabi/4.8.4/../../../../arm-none-eabi/lib/armv7e-m\libstdc++_s.a(new_handler.o)
                              c:/apps/freescale/kds_v3/toolchain/bin/../lib/gcc/arm-none-eabi/4.8.4/../../../../arm-none-eabi/lib/armv7e-m\libstdc++_s.a(new_op.o) (__new_handler)
c:/apps/freescale/kds_v3/toolchain/bin/../lib/gcc/arm-none-eabi/4.8.4/../../../../arm-none-eabi/lib/armv7e-m\libstdc++_s.a(guard.o)
                              ./Startup_Code/vectors.o (__cxa_guard_acquire)
c:/apps/freescale/kds_v3/toolchain/bin/../lib/gcc/arm-none-eabi/4.8.4/../../../../arm-none-eabi/lib/armv7e-m\libstdc++_s.a(atexit_arm.o)
                              ./Startup_Code/console.o (__aeabi_atexit)
c:/apps/freescale/kds_v3/toolchain/bin/../lib/gcc/arm-none-eabi/4.8.4/../../../../arm-none-eabi/lib/armv7e-m\libm.a(lib_a-s_round.o)
                              ./Sources/configure.o (round)
c:/apps/freescale/kds_v3/toolchain/bin/../lib/gcc/arm-none-eabi/4.8.4/armv7e-m\libgcc.a(_arm_addsubdf3.o)
                              ./Sources/configure.o (__aeabi_dsub)
c:/apps/freescale/kds_v3/toolchain/bin/../lib/gcc/arm-none-eabi/4.8.4/armv7e-m\libgcc.a(_arm_muldivdf3.o)
                              ./Sources/configure.o (__aeabi_dmul)
c:/apps/freescale/kds_v3/toolchain/bin/../lib/gcc/arm-none-eabi/4.8.4/armv7e-m\libgcc.a(_arm_cmpdf2.o)
                              ./Sources/configure.o (__aeabi_dcmplt)
c:/apps/freescale/kds_v3/toolchain/bin/../lib/gcc/arm-none-eabi/4.8.4/armv7e-m\libgcc.a(_arm_fixdfsi.o)
                              ./Sources/delay.o (__aeabi_d2iz)
c:/apps/freescale/kds_v3/toolchain/bin/../lib/gcc/arm-none-eabi/4.8.4/armv7e-m\libgcc.a(_arm_fixunsdfsi.o)
                              ./Sources/configure.o (__aeabi_d2uiz)
c:/apps/freescale/kds_v3/toolchain/bin/../lib/gcc/arm-none-eabi/4.8.4/armv7e-m\libgcc.a(_arm_truncdfsf2.o)
                              ./Sources/configure.o (__aeabi_d2f)
c:/apps/freescale/kds_v3/toolchain/bin/../lib/gcc/arm-none-eabi/4.8.4/armv7e-m\libgcc.a(_arm_addsubsf3.o)
                              ./Sources/EditProfile.o (__aeabi_fsub)
c:/apps/freescale/kds_v3/toolchain/bin/../lib/gcc/arm-none-eabi/4.8.4/armv7e-m\libgcc.a(_arm_muldivsf3.o)
                              ./Sources/configure.o (__aeabi_fmul)
c:/apps/freescale/kds_v3/toolchain/bin/../lib/gcc/arm-none-eabi/4.8.4/armv7e-m\libgcc.a(_arm_cmpsf2.o)
                              ./Sources/EditProfile.o (__aeabi_fcmpeq)
c:/apps/freescale/kds_v3/toolchain/bin/../lib/gcc/arm-none-eabi/4.8.4/armv7e-m\libgcc.a(_arm_unordsf2.o)
                              ./Sources/messageBox.o (__aeabi_fcmpun)
c:/apps/freescale/kds_v3/toolchain/bin/../lib/gcc/arm-none-eabi/4.8.4/armv7e-m\libgcc.a(_arm_fixsfsi.o)
                              ./Sources/configure.o (__aeabi_f2iz)
c:/apps/freescale/kds_v3/toolchain/bin/../lib/gcc/arm-none-eabi/4.8.4/armv7e-m\libgcc.a(_aeabi_uldivmod.o)
                              ./cmsis/SRC/rt_CMSIS.o (__aeabi_uldivmod)
c:/apps/freescale/kds_v3/toolchain/bin/../lib/gcc/arm-none-eabi/4.8.4/armv7e-m\libgcc.a(bpabi.o)
                              c:/apps/freescale/kds_v3/toolchain/bin/../lib/gcc/arm-none-eabi/4.8.4/armv7e-m\libgcc.a(_aeabi_uldivmod.o) (__gnu_uldivmod_helper)
c:/apps/freescale/kds_v3/toolchain/bin/../lib/gcc/arm-none-eabi/4.8.4/armv7e-m\libgcc.a(_dvmd_tls.o)
                              c:/apps/freescale/kds_v3/toolchain/bin/../lib/gcc/arm-none-eabi/4.8.4/armv7e-m\libgcc.a(_aeabi_uldivmod.o) (__aeabi_ldiv0)
c:/apps/freescale/kds_v3/toolchain/bin/../lib/gcc/arm-none-eabi/4.8.4/armv7e-m\libgcc.a(_divdi3.o)
                              c:/apps/freescale/kds_v3/toolchain/bin/../lib/gcc/arm-none-eabi/4.8.4/armv7e-m\libgcc.a(bpabi.o) (__divdi3)
c:/apps/freescale/kds_v3/toolchain/bin/../lib/gcc/arm-none-eabi/4.8.4/armv7e-m\libgcc.a(_udivdi3.o)
                              c:/apps/freescale/kds_v3/toolchain/bin/../lib/gcc/arm-none-eabi/4.8.4/armv7e-m\libgcc.a(bpabi.o) (__udivdi3)
c:/apps/freescale/kds_v3/toolchain/bin/../lib/gcc/arm-none-eabi/4.8.4/../../../../arm-none-eabi/lib/armv7e-m\libg_s.a(lib_a-abort.o)
                              c:/apps/freescale/kds_v3/toolchain/bin/../lib/gcc/arm-none-eabi/4.8.4/../../../../arm-none-eabi/lib/armv7e-m\libstdc++_s.a(new_op.o) (abort)
c:/apps/freescale/kds_v3/toolchain/bin/../lib/gcc/arm-none-eabi/4.8.4/../../../../arm-none-eabi/lib/armv7e-m\libg_s.a(lib_a-assert.o)
                              ./Startup_Code/vectors.o (__assert_func)
[...]
Memory Configuration

Name             Origin             Length             Attributes
bitband          0x22000000         0x02000000         rw
aips0            0x40000000         0x00080000         rw
aips1            0x40080000         0x0007f000         rw
gpio             0x400ff000         0x00001000         rw
gpioBitband      0x42000000         0x02000000         rw
peripherals      0xe0000000         0x00100000         rw
flexRAM          0x14000000         0x00001000         rw
flexNVM          0x10000000         0x00010000         xr
flash            0x00000000         0x00040000         xr
ram              0x1fffc000         0x00008000         xrw
gdbGuard         0x20004000         0x00000020         r
*default*        0x00000000         0xffffffff

Linker script and memory map

LOAD c:/apps/freescale/kds_v3/toolchain/bin/../lib/gcc/arm-none-eabi/4.8.4/armv7e-m/crti.o
LOAD c:/apps/freescale/kds_v3/toolchain/bin/../lib/gcc/arm-none-eabi/4.8.4/armv7e-m/crtbegin.o
LOAD c:/apps/freescale/kds_v3/toolchain/bin/../lib/gcc/arm-none-eabi/4.8.4/../../../../arm-none-eabi/lib/armv7e-m/crt0.o
LOAD ./cmsis/SRC/HAL_CM.o
LOAD ./cmsis/SRC/rt_CMSIS.o
LOAD ./cmsis/SRC/rt_Event.o
LOAD ./cmsis/SRC/rt_List.o
LOAD ./cmsis/SRC/rt_Mailbox.o
LOAD ./cmsis/SRC/rt_MemBox.o
LOAD ./cmsis/SRC/rt_Memory.o
LOAD ./cmsis/SRC/rt_Mutex.o
LOAD ./cmsis/SRC/rt_Robin.o
LOAD ./cmsis/SRC/rt_Semaphore.o
LOAD ./cmsis/SRC/rt_System.o
LOAD ./cmsis/SRC/rt_Task.o
LOAD ./cmsis/SRC/rt_Time.o
LOAD ./cmsis/SRC/rt_Timer.o
LOAD ./cmsis/GCC/HAL_CM4.o
LOAD ./cmsis/GCC/SVC_Table.o
LOAD ./Startup_Code/console.o
LOAD ./Startup_Code/mcg.o
LOAD ./Startup_Code/newlib_stubs.o
LOAD ./Startup_Code/rtc.o
LOAD ./Startup_Code/security.o
LOAD ./Startup_Code/startup_ARMLtdGCC.o
LOAD ./Startup_Code/system-gcc.o
LOAD ./Startup_Code/system.o
LOAD ./Startup_Code/vectors.o
LOAD ./Sources/EditProfile.o
LOAD ./Sources/RTX_Conf_CM.o
LOAD ./Sources/RemoteInterface.o
LOAD ./Sources/SolderProfile.o
LOAD ./Sources/StepResponse.o
LOAD ./Sources/cdc.o
LOAD ./Sources/configure.o
LOAD ./Sources/copyProfile.o
LOAD ./Sources/delay.o
LOAD ./Sources/fonts.o
LOAD ./Sources/ftfl.o
LOAD ./Sources/hardware.o
LOAD ./Sources/i2c.o
LOAD ./Sources/lcd_st7920.o
LOAD ./Sources/main.o
LOAD ./Sources/mainMenu.o
LOAD ./Sources/manageProfiles.o
LOAD ./Sources/messageBox.o
LOAD ./Sources/plotting.o
LOAD ./Sources/reporter.o
LOAD ./Sources/runProfile.o
LOAD ./Sources/settings.o
LOAD ./Sources/spi.o
LOAD ./Sources/usb.o
LOAD ./Sources/usb_implementation_cdc.o
LOAD ./Sources/usbdmError.o
LOAD c:/apps/freescale/kds_v3/toolchain/bin/../lib/gcc/arm-none-eabi/4.8.4/../../../../arm-none-eabi/lib/armv7e-m\libstdc++_s.a
LOAD c:/apps/freescale/kds_v3/toolchain/bin/../lib/gcc/arm-none-eabi/4.8.4/../../../../arm-none-eabi/lib/armv7e-m\libm.a
START GROUP
LOAD c:/apps/freescale/kds_v3/toolchain/bin/../lib/gcc/arm-none-eabi/4.8.4/armv7e-m\libgcc.a
LOAD c:/apps/freescale/kds_v3/toolchain/bin/../lib/gcc/arm-none-eabi/4.8.4/../../../../arm-none-eabi/lib/armv7e-m\libg_s.a
LOAD c:/apps/freescale/kds_v3/toolchain/bin/../lib/gcc/arm-none-eabi/4.8.4/../../../../arm-none-eabi/lib/armv7e-m\libc_s.a
END GROUP
START GROUP
LOAD c:/apps/freescale/kds_v3/toolchain/bin/../lib/gcc/arm-none-eabi/4.8.4/armv7e-m\libgcc.a
LOAD c:/apps/freescale/kds_v3/toolchain/bin/../lib/gcc/arm-none-eabi/4.8.4/../../../../arm-none-eabi/lib/armv7e-m\libc_s.a
END GROUP
LOAD c:/apps/freescale/kds_v3/toolchain/bin/../lib/gcc/arm-none-eabi/4.8.4/armv7e-m/crtend.o
LOAD c:/apps/freescale/kds_v3/toolchain/bin/../lib/gcc/arm-none-eabi/4.8.4/armv7e-m/crtn.o
                0x00000200                __stack_size = 0x200
                0x00002000                __heap_size = 0x2000
                0x00000000                __sram_u_size = 0x0
                0x00000200                PROVIDE (__stack_size__, __stack_size)
                0x00002000                PROVIDE (__heap_size__, __heap_size)
                0x00000658                PROVIDE (__HardReset, Reset_Handler)
                0x0000db5c                PROVIDE (_start, main)

.interrupts     0x00000000      0x410
                0x00000000                __flash_start = .
                0x00000000                __VECTOR_TABLE = .
 *(.interrupt_vectors)
 .interrupt_vectors
                0x00000000      0x144 ./Startup_Code/vectors.o
                0x00000000                __vector_table
 *(.isr_vector)
                0x00000001                ASSERT ((. != __flash_start), No reset vector found)
                0x00000144                __VECTOR_TABLE_END = .
                0x00000400                . = (__flash_start + 0x400)
 *fill*         0x00000144      0x2bc 
 *(.security_information)
 .security_information
                0x00000400       0x10 ./Startup_Code/security.o
                0x00000400                securityInfo
 *(.FlashConfig)
                0x00000001                ASSERT ((. == (__flash_start + 0x410)), No Freescale security information)
                0x00000000                M_VECTOR_RAM_SIZE = DEFINED (__ram_vector_table__)?(__VECTOR_TABLE_END - __VECTOR_TABLE):0x0

.text           0x00000410    0x1a6b8
 *(.text)
 .text          0x00000410       0x54 c:/apps/freescale/kds_v3/toolchain/bin/../lib/gcc/arm-none-eabi/4.8.4/armv7e-m/crtbegin.o
 .text          0x00000464       0x74 c:/apps/freescale/kds_v3/toolchain/bin/../lib/gcc/arm-none-eabi/4.8.4/../../../../arm-none-eabi/lib/armv7e-m/crt0.o
                0x00000464                _start
                0x00000464                _mainCRTStartup
 .text          0x000004d8      0x180 ./cmsis/GCC/HAL_CM4.o
                0x000004d8                rt_set_PSP
                0x000004de                rt_get_PSP
                0x000004e4                os_set_env
                0x000004fc                _alloc_box
                0x00000518                _free_box
                0x00000534                SVC_Handler
                0x000005ca                PendSV_Handler
                0x000005d0                Sys_Switch
                0x00000626                SysTick_Handler
                0x00000630                OS_Tick_Handler
 .text          0x00000658       0x44 ./Startup_Code/startup_ARMLtdGCC.o
                0x00000658                Reset_Handler
 .text          0x0000069c      0x370 c:/apps/freescale/kds_v3/toolchain/bin/../lib/gcc/arm-none-eabi/4.8.4/armv7e-m\libgcc.a(_arm_addsubdf3.o)
                0x0000069c                __aeabi_drsub
                0x000006a4                __aeabi_dsub
                0x000006a4                __subdf3
                0x000006a8                __aeabi_dadd
                0x000006a8                __adddf3
                0x00000920                __floatunsidf
                0x00000920                __aeabi_ui2d
                0x00000940                __floatsidf
                0x00000940                __aeabi_i2d
                0x00000964                __aeabi_f2d
                0x00000964                __extendsfdf2
                0x000009a0                __floatundidf
                0x000009a0                __aeabi_ul2d
                0x000009b0                __floatdidf
                0x000009b0                __aeabi_l2d
 .text          0x00000a0c      0x424 c:/apps/freescale/kds_v3/toolchain/bin/../lib/gcc/arm-none-eabi/4.8.4/armv7e-m\libgcc.a(_arm_muldivdf3.o)
                0x00000a0c                __aeabi_dmul
                0x00000a0c                __muldf3
                0x00000c60                __divdf3
                0x00000c60                __aeabi_ddiv
 .text          0x00000e30      0x110 c:/apps/freescale/kds_v3/toolchain/bin/../lib/gcc/arm-none-eabi/4.8.4/armv7e-m\libgcc.a(_arm_cmpdf2.o)
                0x00000e30                __gtdf2
                0x00000e30                __gedf2
                0x00000e38                __ltdf2
                0x00000e38                __ledf2
                0x00000e40                __nedf2
                0x00000e40                __eqdf2
                0x00000e40                __cmpdf2
                0x00000ebc                __aeabi_cdrcmple
                0x00000ecc                __aeabi_cdcmpeq
                0x00000ecc                __aeabi_cdcmple
                0x00000edc                __aeabi_dcmpeq
                0x00000ef0                __aeabi_dcmplt
                0x00000f04                __aeabi_dcmple
                0x00000f18                __aeabi_dcmpge
                0x00000f2c                __aeabi_dcmpgt
 .text          0x00000f40       0x50 c:/apps/freescale/kds_v3/toolchain/bin/../lib/gcc/arm-none-eabi/4.8.4/armv7e-m\libgcc.a(_arm_fixdfsi.o)
                0x00000f40                __aeabi_d2iz
                0x00000f40                __fixdfsi
 .text          0x00000f90       0x40 c:/apps/freescale/kds_v3/toolchain/bin/../lib/gcc/arm-none-eabi/4.8.4/armv7e-m\libgcc.a(_arm_fixunsdfsi.o)
                0x00000f90                __aeabi_d2uiz
                0x00000f90                __fixunsdfsi
 .text          0x00000fd0       0xa0 c:/apps/freescale/kds_v3/toolchain/bin/../lib/gcc/arm-none-eabi/4.8.4/armv7e-m\libgcc.a(_arm_truncdfsf2.o)
                0x00000fd0                __truncdfsf2
                0x00000fd0                __aeabi_d2f
 .text          0x00001070      0x21c c:/apps/freescale/kds_v3/toolchain/bin/../lib/gcc/arm-none-eabi/4.8.4/armv7e-m\libgcc.a(_arm_addsubsf3.o)
                0x00001070                __aeabi_frsub
                0x00001078                __subsf3
                0x00001078                __aeabi_fsub
                0x0000107c                __aeabi_fadd
                0x0000107c                __addsf3
                0x000011dc                __aeabi_ui2f
                0x000011dc                __floatunsisf
                0x000011e4                __aeabi_i2f
                0x000011e4                __floatsisf
                0x00001200                __aeabi_ul2f
                0x00001200                __floatundisf
                0x00001210                __aeabi_l2f
                0x00001210                __floatdisf
 .text          0x0000128c      0x2a0 c:/apps/freescale/kds_v3/toolchain/bin/../lib/gcc/arm-none-eabi/4.8.4/armv7e-m\libgcc.a(_arm_muldivsf3.o)
                0x0000128c                __mulsf3
                0x0000128c                __aeabi_fmul
                0x000013f4                __aeabi_fdiv
                0x000013f4                __divsf3
 .text          0x0000152c       0xec c:/apps/freescale/kds_v3/toolchain/bin/../lib/gcc/arm-none-eabi/4.8.4/armv7e-m\libgcc.a(_arm_cmpsf2.o)
                0x0000152c                __gesf2
                0x0000152c                __gtsf2
                0x00001534                __lesf2
                0x00001534                __ltsf2
                0x0000153c                __nesf2
                0x0000153c                __eqsf2
                0x0000153c                __cmpsf2
                0x0000159c                __aeabi_cfrcmple
                0x000015a4                __aeabi_cfcmpeq
                0x000015a4                __aeabi_cfcmple
                0x000015b4                __aeabi_fcmpeq
                0x000015c8                __aeabi_fcmplt
                0x000015dc                __aeabi_fcmple
                0x000015f0                __aeabi_fcmpge
                0x00001604                __aeabi_fcmpgt
 .text          0x00001618       0x2c c:/apps/freescale/kds_v3/toolchain/bin/../lib/gcc/arm-none-eabi/4.8.4/armv7e-m\libgcc.a(_arm_unordsf2.o)
                0x00001618                __unordsf2
                0x00001618                __aeabi_fcmpun
 .text          0x00001644       0x4c c:/apps/freescale/kds_v3/toolchain/bin/../lib/gcc/arm-none-eabi/4.8.4/armv7e-m\libgcc.a(_arm_fixsfsi.o)
                0x00001644                __aeabi_f2iz
                0x00001644                __fixsfsi
 .text          0x00001690       0x2c c:/apps/freescale/kds_v3/toolchain/bin/../lib/gcc/arm-none-eabi/4.8.4/armv7e-m\libgcc.a(_aeabi_uldivmod.o)
                0x00001690                __aeabi_uldivmod
 .text          0x000016bc       0x60 c:/apps/freescale/kds_v3/toolchain/bin/../lib/gcc/arm-none-eabi/4.8.4/armv7e-m\libgcc.a(bpabi.o)
                0x000016bc                __gnu_ldivmod_helper
                0x000016ec                __gnu_uldivmod_helper
 .text          0x0000171c        0x4 c:/apps/freescale/kds_v3/toolchain/bin/../lib/gcc/arm-none-eabi/4.8.4/armv7e-m\libgcc.a(_dvmd_tls.o)
                0x0000171c                __aeabi_idiv0
                0x0000171c                __aeabi_ldiv0
 .text          0x00001720      0x298 c:/apps/freescale/kds_v3/toolchain/bin/../lib/gcc/arm-none-eabi/4.8.4/armv7e-m\libgcc.a(_divdi3.o)
                0x00001720                __divdi3
 .text          0x000019b8      0x284 c:/apps/freescale/kds_v3/toolchain/bin/../lib/gcc/arm-none-eabi/4.8.4/armv7e-m\libgcc.a(_udivdi3.o)
                0x000019b8                __udivdi3
 *(.text*)
 .text.rt_init_stack
                0x00001c3c      0x104 ./cmsis/SRC/HAL_CM.o
                0x00001c3c                rt_init_stack
 .text.rt_ret_regs
                0x00001d40       0x1c ./cmsis/SRC/HAL_CM.o
 .text.rt_ret_val
                0x00001d5c       0x20 ./cmsis/SRC/HAL_CM.o
                0x00001d5c                rt_ret_val
 .text.rt_ret_val2
                0x00001d7c       0x28 ./cmsis/SRC/HAL_CM.o
                0x00001d7c                rt_ret_val2
 .text.rt_ms2tick
                0x00001da4       0x74 ./cmsis/SRC/rt_CMSIS.o
 .text.rt_tid2ptcb
                0x00001e18       0x40 ./cmsis/SRC/rt_CMSIS.o
 .text.rt_id2obj
                0x00001e58       0x24 ./cmsis/SRC/rt_CMSIS.o
 .text.svcKernelInitialize
                0x00001e7c       0x98 ./cmsis/SRC/rt_CMSIS.o
                0x00001e7c                svcKernelInitialize
 .text.svcKernelStart
                0x00001f14       0x70 ./cmsis/SRC/rt_CMSIS.o
                0x00001f14                svcKernelStart
 .text.svcKernelSysTick
                0x00001f84       0x68 ./cmsis/SRC/rt_CMSIS.o
                0x00001f84                svcKernelSysTick
 .text.osKernelInitialize
                0x00001fec       0x44 ./cmsis/SRC/rt_CMSIS.o
                0x00001fec                osKernelInitialize
 .text.osKernelStart
                0x00002030       0xc8 ./cmsis/SRC/rt_CMSIS.o
                0x00002030                osKernelStart
 .text.osKernelSysTick
                0x000020f8       0x2c ./cmsis/SRC/rt_CMSIS.o
                0x000020f8                osKernelSysTick
 .text.sysThreadError
                0x00002124       0x14 ./cmsis/SRC/rt_CMSIS.o
 .text.svcThreadCreate
                0x00002138       0xd0 ./cmsis/SRC/rt_CMSIS.o
                0x00002138                svcThreadCreate
 .text.svcThreadGetId
                0x00002208       0x2c ./cmsis/SRC/rt_CMSIS.o
                0x00002208                svcThreadGetId
 .text.svcThreadTerminate
                0x00002234       0x60 ./cmsis/SRC/rt_CMSIS.o
                0x00002234                svcThreadTerminate
 .text.osThreadCreate
                0x00002294       0x64 ./cmsis/SRC/rt_CMSIS.o
                0x00002294                osThreadCreate
 .text.osThreadTerminate
                0x000022f8       0x34 ./cmsis/SRC/rt_CMSIS.o
                0x000022f8                osThreadTerminate
 .text.osThreadExit
                0x0000232c       0x20 ./cmsis/SRC/rt_CMSIS.o
                0x0000232c                osThreadExit
 .text.rt_timer_insert
                0x0000234c       0x80 ./cmsis/SRC/rt_CMSIS.o
 .text.rt_timer_remove
                0x000023cc       0x80 ./cmsis/SRC/rt_CMSIS.o
 .text.svcTimerCreate
                0x0000244c       0xa4 ./cmsis/SRC/rt_CMSIS.o
                0x0000244c                svcTimerCreate
 .text.svcTimerStart
                0x000024f0       0xe4 ./cmsis/SRC/rt_CMSIS.o
                0x000024f0                svcTimerStart
 .text.svcTimerStop
                0x000025d4       0x48 ./cmsis/SRC/rt_CMSIS.o
                0x000025d4                svcTimerStop
 .text.svcTimerDelete
                0x0000261c       0x44 ./cmsis/SRC/rt_CMSIS.o
                0x0000261c                svcTimerDelete
 .text.svcTimerCall
                0x00002660       0x60 ./cmsis/SRC/rt_CMSIS.o
                0x00002660                svcTimerCall
 .text.sysTimerTick
                0x000026c0       0x88 ./cmsis/SRC/rt_CMSIS.o
                0x000026c0                sysTimerTick
 .text.osTimerCreate
                0x00002748       0x70 ./cmsis/SRC/rt_CMSIS.o
                0x00002748                osTimerCreate
 .text.osTimerStart
                0x000027b8       0x3c ./cmsis/SRC/rt_CMSIS.o
                0x000027b8                osTimerStart
 .text.osTimerStop
                0x000027f4       0x34 ./cmsis/SRC/rt_CMSIS.o
                0x000027f4                osTimerStop
 .text.osTimerDelete
                0x00002828       0x34 ./cmsis/SRC/rt_CMSIS.o
                0x00002828                osTimerDelete
 .text.osTimerCall
                0x0000285c       0x30 ./cmsis/SRC/rt_CMSIS.o
                0x0000285c                osTimerCall
 .text.osTimerThread
                0x0000288c       0x48 ./cmsis/SRC/rt_CMSIS.o
                0x0000288c                osTimerThread
 .text.svcMutexCreate
                0x000028d4       0x50 ./cmsis/SRC/rt_CMSIS.o
                0x000028d4                svcMutexCreate
 .text.svcMutexWait
                0x00002924       0x58 ./cmsis/SRC/rt_CMSIS.o
                0x00002924                svcMutexWait
 .text.svcMutexRelease
                0x0000297c       0x44 ./cmsis/SRC/rt_CMSIS.o
                0x0000297c                svcMutexRelease
 .text.svcMutexDelete
                0x000029c0       0x38 ./cmsis/SRC/rt_CMSIS.o
                0x000029c0                svcMutexDelete
 .text.osMutexCreate
                0x000029f8       0x58 ./cmsis/SRC/rt_CMSIS.o
                0x000029f8                osMutexCreate
 .text.osMutexWait
                0x00002a50       0x3c ./cmsis/SRC/rt_CMSIS.o
                0x00002a50                osMutexWait
 .text.osMutexRelease
                0x00002a8c       0x34 ./cmsis/SRC/rt_CMSIS.o
                0x00002a8c                osMutexRelease
 .text.osMutexDelete
                0x00002ac0       0x34 ./cmsis/SRC/rt_CMSIS.o
                0x00002ac0                osMutexDelete
 .text.svcMessageCreate
                0x00002af4       0x64 ./cmsis/SRC/rt_CMSIS.o
                0x00002af4                svcMessageCreate
 .text.svcMessagePut
                0x00002b58       0x58 ./cmsis/SRC/rt_CMSIS.o
                0x00002b58                svcMessagePut
 .text.svcMessageGet
                0x00002bb0       0xec ./cmsis/SRC/rt_CMSIS.o
                0x00002bb0                svcMessageGet
 .text.isrMessagePut
                0x00002c9c       0x4c ./cmsis/SRC/rt_CMSIS.o
                0x00002c9c                isrMessagePut
 .text.isrMessageGet
                0x00002ce8       0x84 ./cmsis/SRC/rt_CMSIS.o
                0x00002ce8                isrMessageGet
 .text.osMessageCreate
                0x00002d6c       0x64 ./cmsis/SRC/rt_CMSIS.o
                0x00002d6c                osMessageCreate
 .text.osMessagePut
                0x00002dd0       0x4c ./cmsis/SRC/rt_CMSIS.o
                0x00002dd0                osMessagePut
 .text.osMessageGet
                0x00002e1c       0x5c ./cmsis/SRC/rt_CMSIS.o
                0x00002e1c                osMessageGet
 .text.svcMailCreate
                0x00002e78       0xa4 ./cmsis/SRC/rt_CMSIS.o
                0x00002e78                svcMailCreate
 .text.sysMailAlloc
                0x00002f1c       0xa8 ./cmsis/SRC/rt_CMSIS.o
                0x00002f1c                sysMailAlloc
 .text.sysMailFree
                0x00002fc4       0xa4 ./cmsis/SRC/rt_CMSIS.o
                0x00002fc4                sysMailFree
 .text.osMailCreate
                0x00003068       0x64 ./cmsis/SRC/rt_CMSIS.o
                0x00003068                osMailCreate
 .text.osMailAlloc
                0x000030cc       0x4c ./cmsis/SRC/rt_CMSIS.o
                0x000030cc                osMailAlloc
 .text.osMailFree
                0x00003118       0x4c ./cmsis/SRC/rt_CMSIS.o
                0x00003118                osMailFree
 .text.osMailPut
                0x00003164       0x38 ./cmsis/SRC/rt_CMSIS.o
                0x00003164                osMailPut
 .text.osMailGet
                0x0000319c       0x54 ./cmsis/SRC/rt_CMSIS.o
                0x0000319c                osMailGet
 .text.rt_evt_psh
                0x000031f0       0xa4 ./cmsis/SRC/rt_Event.o
                0x000031f0                rt_evt_psh
 .text.rt_inc_qi
                0x00003294       0x60 ./cmsis/SRC/rt_List.o
 .text.rt_put_prio
                0x000032f4       0x8c ./cmsis/SRC/rt_List.o
                0x000032f4                rt_put_prio
 .text.rt_get_first
                0x00003380       0x60 ./cmsis/SRC/rt_List.o
                0x00003380                rt_get_first
 .text.rt_put_rdy_first
                0x000033e0       0x2c ./cmsis/SRC/rt_List.o
                0x000033e0                rt_put_rdy_first
 .text.rt_resort_prio
                0x0000340c       0x4c ./cmsis/SRC/rt_List.o
                0x0000340c                rt_resort_prio
 .text.rt_put_dly
                0x00003458       0xc8 ./cmsis/SRC/rt_List.o
                0x00003458                rt_put_dly
 .text.rt_dec_dly
                0x00003520       0xcc ./cmsis/SRC/rt_List.o
                0x00003520                rt_dec_dly
 .text.rt_rmv_list
                0x000035ec       0x64 ./cmsis/SRC/rt_List.o
                0x000035ec                rt_rmv_list
 .text.rt_rmv_dly
                0x00003650       0x5c ./cmsis/SRC/rt_List.o
                0x00003650                rt_rmv_dly
 .text.rt_psq_enq
                0x000036ac       0x54 ./cmsis/SRC/rt_List.o
                0x000036ac                rt_psq_enq
 .text.rt_mbx_init
                0x00003700       0x50 ./cmsis/SRC/rt_Mailbox.o
                0x00003700                rt_mbx_init
 .text.rt_mbx_send
                0x00003750       0xf8 ./cmsis/SRC/rt_Mailbox.o
                0x00003750                rt_mbx_send
 .text.rt_mbx_wait
                0x00003848      0x118 ./cmsis/SRC/rt_Mailbox.o
                0x00003848                rt_mbx_wait
 .text.rt_mbx_check
                0x00003960       0x24 ./cmsis/SRC/rt_Mailbox.o
                0x00003960                rt_mbx_check
 .text.isr_mbx_send
                0x00003984       0x24 ./cmsis/SRC/rt_Mailbox.o
                0x00003984                isr_mbx_send
 .text.isr_mbx_receive
                0x000039a8       0x80 ./cmsis/SRC/rt_Mailbox.o
                0x000039a8                isr_mbx_receive
 .text.rt_mbx_psh
                0x00003a28      0x158 ./cmsis/SRC/rt_Mailbox.o
                0x00003a28                rt_mbx_psh
 .text._init_box
                0x00003b80       0xb0 ./cmsis/SRC/rt_MemBox.o
                0x00003b80                _init_box
 .text.rt_alloc_box
                0x00003c30       0x44 ./cmsis/SRC/rt_MemBox.o
                0x00003c30                rt_alloc_box
 .text.rt_free_box
                0x00003c74       0x54 ./cmsis/SRC/rt_MemBox.o
                0x00003c74                rt_free_box
 .text.rt_init_mem
                0x00003cc8       0x48 ./cmsis/SRC/rt_Memory.o
                0x00003cc8                rt_init_mem
 .text.rt_alloc_mem
                0x00003d10       0xac ./cmsis/SRC/rt_Memory.o
                0x00003d10                rt_alloc_mem
 .text.rt_free_mem
                0x00003dbc       0x6c ./cmsis/SRC/rt_Memory.o
                0x00003dbc                rt_free_mem
 .text.rt_mut_init
                0x00003e28       0x34 ./cmsis/SRC/rt_Mutex.o
                0x00003e28                rt_mut_init
 .text.rt_mut_delete
                0x00003e5c      0x128 ./cmsis/SRC/rt_Mutex.o
                0x00003e5c                rt_mut_delete
 .text.rt_mut_release
                0x00003f84      0x174 ./cmsis/SRC/rt_Mutex.o
                0x00003f84                rt_mut_release
 .text.rt_mut_wait
                0x000040f8       0xc8 ./cmsis/SRC/rt_Mutex.o
                0x000040f8                rt_mut_wait
 .text.rt_init_robin
                0x000041c0       0x24 ./cmsis/SRC/rt_Robin.o
                0x000041c0                rt_init_robin
 .text.rt_chk_robin
                0x000041e4       0x68 ./cmsis/SRC/rt_Robin.o
                0x000041e4                rt_chk_robin
 .text.rt_sem_psh
                0x0000424c       0x4c ./cmsis/SRC/rt_Semaphore.o
                0x0000424c                rt_sem_psh
 .text.rt_systick_init
                0x00004298       0x40 ./cmsis/SRC/rt_System.o
 .text.rt_systick_val
                0x000042d8       0x20 ./cmsis/SRC/rt_System.o
 .text.rt_systick_ovf
                0x000042f8       0x1c ./cmsis/SRC/rt_System.o
 .text.rt_psh_req
                0x00004314       0x34 ./cmsis/SRC/rt_System.o
                0x00004314                rt_psh_req
 .text.rt_pop_req
                0x00004348       0xc8 ./cmsis/SRC/rt_System.o
                0x00004348                rt_pop_req
 .text.os_tick_init
                0x00004410       0x10 ./cmsis/SRC/rt_System.o
                0x00004410                os_tick_init
 .text.os_tick_val
                0x00004420       0x10 ./cmsis/SRC/rt_System.o
                0x00004420                os_tick_val
 .text.os_tick_ovf
                0x00004430       0x10 ./cmsis/SRC/rt_System.o
                0x00004430                os_tick_ovf
 .text.os_tick_irqack
                0x00004440        0xc ./cmsis/SRC/rt_System.o
                0x00004440                os_tick_irqack
 .text.rt_systick
                0x0000444c       0x50 ./cmsis/SRC/rt_System.o
                0x0000444c                rt_systick
 .text.rt_stk_check
                0x0000449c       0x34 ./cmsis/SRC/rt_System.o
                0x0000449c                rt_stk_check
 .text.rt_svc_init
                0x000044d0       0x7c ./cmsis/SRC/rt_Task.o
 .text.rt_get_TID
                0x0000454c       0x48 ./cmsis/SRC/rt_Task.o
 .text.rt_init_context
                0x00004594       0x8c ./cmsis/SRC/rt_Task.o
 .text.rt_switch_req
                0x00004620       0x24 ./cmsis/SRC/rt_Task.o
                0x00004620                rt_switch_req
 .text.rt_dispatch
                0x00004644       0x64 ./cmsis/SRC/rt_Task.o
                0x00004644                rt_dispatch
 .text.rt_block
                0x000046a8       0x50 ./cmsis/SRC/rt_Task.o
                0x000046a8                rt_block
 .text.rt_tsk_self
                0x000046f8       0x24 ./cmsis/SRC/rt_Task.o
                0x000046f8                rt_tsk_self
 .text.rt_tsk_prio
                0x0000471c       0xc8 ./cmsis/SRC/rt_Task.o
                0x0000471c                rt_tsk_prio
 .text.rt_tsk_create
                0x000047e4       0x90 ./cmsis/SRC/rt_Task.o
                0x000047e4                rt_tsk_create
 .text.rt_tsk_delete
                0x00004874      0x218 ./cmsis/SRC/rt_Task.o
                0x00004874                rt_tsk_delete
 .text.rt_sys_init
                0x00004a8c      0x108 ./cmsis/SRC/rt_Task.o
                0x00004a8c                rt_sys_init
 .text.rt_sys_start
                0x00004b94       0x50 ./cmsis/SRC/rt_Task.o
                0x00004b94                rt_sys_start
 .text._ZN5USBDML16enablePortClocksEm
                0x00004be4       0x34 ./Startup_Code/console.o
 .text._ZN5USBDM7SimInfo13getUart0ClockEv
                0x00004c18       0x18 ./Startup_Code/console.o
                0x00004c18                USBDM::SimInfo::getUart0Clock()
 .text._ZN5USBDM9Uart0Info22getInputClockFrequencyEv
                0x00004c30       0x10 ./Startup_Code/console.o
                0x00004c30                USBDM::Uart0Info::getInputClockFrequency()
 .text._ZN5USBDM9Uart0Info8initPCRsEm
                0x00004c40       0x2c ./Startup_Code/console.o
                0x00004c40                USBDM::Uart0Info::initPCRs(unsigned long)
 .text._ZN5USBDM11FormattedIOC2Ev
                0x00004c6c       0x48 ./Startup_Code/console.o
                0x00004c6c                USBDM::FormattedIO::FormattedIO()
                0x00004c6c                USBDM::FormattedIO::FormattedIO()
 .text._ZN5USBDM11FormattedIOD2Ev
                0x00004cb4       0x28 ./Startup_Code/console.o
                0x00004cb4                USBDM::FormattedIO::~FormattedIO()
                0x00004cb4                USBDM::FormattedIO::~FormattedIO()
 .text._ZN5USBDM11FormattedIOD0Ev
                0x00004cdc       0x20 ./Startup_Code/console.o
                0x00004cdc                USBDM::FormattedIO::~FormattedIO()
 .text._ZN5USBDM11FormattedIO4peekEv
                0x00004cfc       0x88 ./Startup_Code/console.o
                0x00004cfc                USBDM::FormattedIO::peek()
 .text._ZN5USBDM11FormattedIO9writeCharEc
                0x00004d84       0x24 ./Startup_Code/console.o
                0x00004d84                USBDM::FormattedIO::writeChar(char)
 .text._ZN5USBDM11FormattedIO8readCharEv
                0x00004da8       0x28 ./Startup_Code/console.o
                0x00004da8                USBDM::FormattedIO::readChar()
 .text._ZN5USBDM11FormattedIO5writeEc
                0x00004dd0       0x20 ./Startup_Code/console.o
                0x00004dd0                USBDM::FormattedIO::write(char)
 .text._ZN5USBDM11FormattedIO7setEchoENS_8EchoModeE
                0x00004df0       0x20 ./Startup_Code/console.o
                0x00004df0                USBDM::FormattedIO::setEcho(USBDM::EchoMode)
 .text._ZN5USBDM4Uart16_isCharAvailableEv
                0x00004e10       0x2c ./Startup_Code/console.o
                0x00004e10                USBDM::Uart::_isCharAvailable()
 .text._ZN5USBDM4Uart9_readCharEv
                0x00004e3c       0x40 ./Startup_Code/console.o
                0x00004e3c                USBDM::Uart::_readChar()
 .text._ZN5USBDM4Uart10_writeCharEc
                0x00004e7c       0x44 ./Startup_Code/console.o
                0x00004e7c                USBDM::Uart::_writeChar(char)
 .text._ZN5USBDM4UartC2EPV9UART_Type
                0x00004ec0       0x2c ./Startup_Code/console.o
                0x00004ec0                USBDM::Uart::Uart(UART_Type volatile*)
                0x00004ec0                USBDM::Uart::Uart(UART_Type volatile*)
 .text._ZN5USBDM4UartD2Ev
                0x00004eec       0x30 ./Startup_Code/console.o
                0x00004eec                USBDM::Uart::~Uart()
                0x00004eec                USBDM::Uart::~Uart()
 .text._ZN5USBDM4UartD0Ev
                0x00004f1c       0x20 ./Startup_Code/console.o
                0x00004f1c                USBDM::Uart::~Uart()
 .text._ZN5USBDM4Uart16setBaudRate_brfaEmm
                0x00004f3c       0x8c ./Startup_Code/console.o
                0x00004f3c                USBDM::Uart::setBaudRate_brfa(unsigned long, unsigned long)
 .text._ZN5USBDM4Uart11flushOutputEv
                0x00004fc8       0x30 ./Startup_Code/console.o
                0x00004fc8                USBDM::Uart::flushOutput()
 .text._ZN5USBDM4Uart10flushInputEv
                0x00004ff8       0x20 ./Startup_Code/console.o
                0x00004ff8                USBDM::Uart::flushInput()
 .text.console_initialise
                0x00005018       0x1c ./Startup_Code/console.o
                0x00005018                console_initialise
 .text.console_txChar
                0x00005034       0x20 ./Startup_Code/console.o
                0x00005034                console_txChar
 .text.console_rxChar
                0x00005054       0x14 ./Startup_Code/console.o
                0x00005054                console_rxChar
 .text._ZN5USBDM11Uart_brfa_TINS_9Uart0InfoEEC2Ej
                0x00005068       0x30 ./Startup_Code/console.o
                0x00005068                USBDM::Uart_brfa_T<USBDM::Uart0Info>::Uart_brfa_T(unsigned int)
                0x00005068                USBDM::Uart_brfa_T<USBDM::Uart0Info>::Uart_brfa_T(unsigned int)
 .text._ZN5USBDM11Uart_brfa_TINS_9Uart0InfoEE11setBaudRateEj
                0x00005098       0x24 ./Startup_Code/console.o
                0x00005098                USBDM::Uart_brfa_T<USBDM::Uart0Info>::setBaudRate(unsigned int)
 .text._ZN5USBDM6Uart_TINS_9Uart0InfoEEC2Ev
                0x000050bc       0x4c ./Startup_Code/console.o
                0x000050bc                USBDM::Uart_T<USBDM::Uart0Info>::Uart_T()
                0x000050bc                USBDM::Uart_T<USBDM::Uart0Info>::Uart_T()
 .text._ZN5USBDM6Uart_TINS_9Uart0InfoEED2Ev
                0x00005108       0x30 ./Startup_Code/console.o
                0x00005108                USBDM::Uart_T<USBDM::Uart0Info>::~Uart_T()
                0x00005108                USBDM::Uart_T<USBDM::Uart0Info>::~Uart_T()
 .text._ZN5USBDM6Uart_TINS_9Uart0InfoEED0Ev
                0x00005138       0x20 ./Startup_Code/console.o
                0x00005138                USBDM::Uart_T<USBDM::Uart0Info>::~Uart_T()
 .text._Z41__static_initialization_and_destruction_0ii
                0x00005158       0x40 ./Startup_Code/console.o
 .text._ZN5USBDM11Uart_brfa_TINS_9Uart0InfoEED2Ev
                0x00005198       0x30 ./Startup_Code/console.o
                0x00005198                USBDM::Uart_brfa_T<USBDM::Uart0Info>::~Uart_brfa_T()
                0x00005198                USBDM::Uart_brfa_T<USBDM::Uart0Info>::~Uart_brfa_T()
 .text._ZN5USBDM11Uart_brfa_TINS_9Uart0InfoEED0Ev
                0x000051c8       0x20 ./Startup_Code/console.o
                0x000051c8                USBDM::Uart_brfa_T<USBDM::Uart0Info>::~Uart_brfa_T()
 .text._ZN5USBDM6Uart_TINS_9Uart0InfoEE10clearErrorEv
                0x000051e8       0x18 ./Startup_Code/console.o
                0x000051e8                USBDM::Uart_T<USBDM::Uart0Info>::clearError()
 .text._GLOBAL__sub_I__ZN5USBDM7consoleE
                0x00005200       0x10 ./Startup_Code/console.o
 .text.NVIC_DisableIRQ
                0x00005210       0x34 ./Startup_Code/mcg.o
 .text._ZN5USBDML12setErrorCodeENS_9ErrorCodeE
                0x00005244       0x24 ./Startup_Code/mcg.o
 .text._ZN5USBDML16enablePortClocksEm
                0x00005268       0x34 ./Startup_Code/mcg.o
 .text._ZN5USBDM8Osc0Info11getOscClockEv
                0x0000529c       0x14 ./Startup_Code/mcg.o
                0x0000529c                USBDM::Osc0Info::getOscClock()
 .text._ZN5USBDM8Osc0Info8initPCRsEm
                0x000052b0       0x28 ./Startup_Code/mcg.o
                0x000052b0                USBDM::Osc0Info::initPCRs(unsigned long)
 .text._ZN5USBDM7RtcInfo16getInternalClockEv
                0x000052d8       0x28 ./Startup_Code/mcg.o
                0x000052d8                USBDM::RtcInfo::getInternalClock()
 .text._ZN5USBDM7McgInfo11getErcClockEv
                0x00005300       0x30 ./Startup_Code/mcg.o
                0x00005300                USBDM::McgInfo::getErcClock()
 .text._ZN5USBDM7McgInfo19getInternalIrcClockEv
                0x00005330       0x48 ./Startup_Code/mcg.o
                0x00005330                USBDM::McgInfo::getInternalIrcClock()
 .text._ZN5USBDM7SimInfo8initRegsEv
                0x00005378       0x70 ./Startup_Code/mcg.o
                0x00005378                USBDM::SimInfo::initRegs()
 .text._ZN5USBDM3Mcg14setSysDividersEm
                0x000053e8       0x24 ./Startup_Code/mcg.o
                0x000053e8                USBDM::Mcg::setSysDividers(unsigned long)
 .text._ZN5USBDM3Mcg20enableNvicInterruptsEbm
                0x0000540c       0x30 ./Startup_Code/mcg.o
                0x0000540c                USBDM::Mcg::enableNvicInterrupts(bool, unsigned long)
 .text._ZN5USBDM3Mcg10initialiseEv
                0x0000543c        0xc ./Startup_Code/mcg.o
                0x0000543c                USBDM::Mcg::initialise()
 .text._ZN5USBDM3Mcg15clockTransitionERKNS_7McgInfo9ClockInfoE
                0x00005448      0x2ec ./Startup_Code/mcg.o
                0x00005448                USBDM::Mcg::clockTransition(USBDM::McgInfo::ClockInfo const&)
 .text._ZN5USBDM3Mcg21SystemCoreClockUpdateEv
                0x00005734      0x26c ./Startup_Code/mcg.o
                0x00005734                USBDM::Mcg::SystemCoreClockUpdate()
 .text._ZN5USBDM3Mcg16defaultConfigureEv
                0x000059a0       0x2c ./Startup_Code/mcg.o
                0x000059a0                USBDM::Mcg::defaultConfigure()
 .text.clock_initialise
                0x000059cc       0x14 ./Startup_Code/mcg.o
                0x000059cc                clock_initialise
 .text._ZN5USBDM9OscBase_TINS_8Osc0InfoEE10initialiseEv
                0x000059e0        0xc ./Startup_Code/mcg.o
                0x000059e0                USBDM::OscBase_T<USBDM::Osc0Info>::initialise()
 .text._ZN5USBDM9RtcBase_TINS_7RtcInfoEE10initialiseEv
                0x000059ec        0xc ./Startup_Code/mcg.o
                0x000059ec                USBDM::RtcBase_T<USBDM::RtcInfo>::initialise()
 .text._ZN5USBDM9OscBase_TINS_8Osc0InfoEE16defaultConfigureEv
                0x000059f8       0x18 ./Startup_Code/mcg.o
                0x000059f8                USBDM::OscBase_T<USBDM::Osc0Info>::defaultConfigure()
 .text._ZN5USBDM9RtcBase_TINS_7RtcInfoEE16defaultConfigureEv
                0x00005a10       0x1c ./Startup_Code/mcg.o
                0x00005a10                USBDM::RtcBase_T<USBDM::RtcInfo>::defaultConfigure()
 .text._ZN5USBDM9RtcBase_TINS_7RtcInfoEE8clockRegEv
                0x00005a2c       0x14 ./Startup_Code/mcg.o
                0x00005a2c                USBDM::RtcBase_T<USBDM::RtcInfo>::clockReg()
 .text._close   0x00005a40       0x18 ./Startup_Code/newlib_stubs.o
                0x00005a40                _close
 .text._fstat   0x00005a58       0x20 ./Startup_Code/newlib_stubs.o
                0x00005a58                _fstat
 .text._getpid  0x00005a78       0x10 ./Startup_Code/newlib_stubs.o
                0x00005a78                _getpid
 .text._isatty  0x00005a88       0x2c ./Startup_Code/newlib_stubs.o
                0x00005a88                _isatty
 .text._kill    0x00005ab4       0x24 ./Startup_Code/newlib_stubs.o
                0x00005ab4                _kill
 .text._lseek   0x00005ad8       0x1c ./Startup_Code/newlib_stubs.o
                0x00005ad8                _lseek
 .text._sbrk    0x00005af4       0x54 ./Startup_Code/newlib_stubs.o
                0x00005af4                _sbrk
 .text._exit    0x00005b48        0xc ./Startup_Code/newlib_stubs.o
                0x00005b48                _exit
 .text._usbdm_read
                0x00005b54       0x58 ./Startup_Code/newlib_stubs.o
                0x00005b54                _usbdm_read
 .text._usbdm_write
                0x00005bac       0x60 ./Startup_Code/newlib_stubs.o
                0x00005bac                _usbdm_write
 .text.__cxa_pure_virtual
                0x00005c0c        0xc ./Startup_Code/system-gcc.o
                0x00005c0c                __cxa_pure_virtual
 .text.rtc_initialise
                0x00005c18        0xc ./Startup_Code/system.o
                0x00005c18                rtc_initialise
 .text.SystemInitLowLevel
                0x00005c24       0x44 ./Startup_Code/system.o
                0x00005c24                SystemInitLowLevel
 .text.SystemInit
                0x00005c68       0x18 ./Startup_Code/system.o
                0x00005c68                SystemInit
 .text._ZN5USBDM9PmcBase_TINS_7PmcInfoEE11releasePinsEv
                0x00005c80       0x20 ./Startup_Code/system.o
                0x00005c80                USBDM::PmcBase_T<USBDM::PmcInfo>::releasePins()
 .text._ZN5USBDML20setAndCheckErrorCodeENS_9ErrorCodeE
                0x00005ca0       0x20 ./Startup_Code/vectors.o
 .text._ZN5USBDM11FormattedIO10setPaddingENS_7PaddingE
                0x00005cc0       0x20 ./Startup_Code/vectors.o
                0x00005cc0                USBDM::FormattedIO::setPadding(USBDM::Padding)
 .text._ZN5USBDM11FormattedIO8setWidthEi
                0x00005ce0       0x20 ./Startup_Code/vectors.o
                0x00005ce0                USBDM::FormattedIO::setWidth(int)
 .text._ZN5USBDM11FormattedIO5ultoaEPcmNS_5RadixENS_7PaddingEib
                0x00005d00      0x15c ./Startup_Code/vectors.o
                0x00005d00                USBDM::FormattedIO::ultoa(char*, unsigned long, USBDM::Radix, USBDM::Padding, int, bool)
 .text._ZN5USBDM11FormattedIO7writelnEv
                0x00005e5c       0x1c ./Startup_Code/vectors.o
                0x00005e5c                USBDM::FormattedIO::writeln()
 .text._ZN5USBDM11FormattedIO5writeEPKc
                0x00005e78       0x30 ./Startup_Code/vectors.o
                0x00005e78                USBDM::FormattedIO::write(char const*)
 .text._ZN5USBDM11FormattedIO7writelnEPKc
                0x00005ea8       0x24 ./Startup_Code/vectors.o
                0x00005ea8                USBDM::FormattedIO::writeln(char const*)
 .text._ZN5USBDM11FormattedIO5writeEmNS_5RadixE
                0x00005ecc       0x40 ./Startup_Code/vectors.o
                0x00005ecc                USBDM::FormattedIO::write(unsigned long, USBDM::Radix)
 .text._ZN5USBDM11FormattedIO7writelnEmNS_5RadixE
                0x00005f0c       0x2c ./Startup_Code/vectors.o
                0x00005f0c                USBDM::FormattedIO::writeln(unsigned long, USBDM::Radix)
 .text._ZN5USBDM11FormattedIO7writelnEPKvNS_5RadixE
                0x00005f38       0x28 ./Startup_Code/vectors.o
                0x00005f38                USBDM::FormattedIO::writeln(void const*, USBDM::Radix)
 .text._ZN5USBDM11FormattedIO7writelnEjNS_5RadixE
                0x00005f60       0x24 ./Startup_Code/vectors.o
                0x00005f60                USBDM::FormattedIO::writeln(unsigned int, USBDM::Radix)
 .text._ZNVK9uint16_lecvtEv
                0x00005f84       0x1c ./Startup_Code/vectors.o
                0x00005f84                uint16_le::operator unsigned short() const volatile
 .text._ZNVK9uint16_le2loEv
                0x00005fa0       0x1c ./Startup_Code/vectors.o
                0x00005fa0                uint16_le::lo() const volatile
 .text._ZNVK9uint16_le2hiEv
                0x00005fbc       0x20 ./Startup_Code/vectors.o
                0x00005fbc                uint16_le::hi() const volatile
 .text._ZN5USBDM8Endpoint12getStateNameENS_13EndpointStateE
                0x00005fdc       0x8c ./Startup_Code/vectors.o
                0x00005fdc                USBDM::Endpoint::getStateName(USBDM::EndpointState)
 .text._ZN5USBDM8EndpointC2Ei
                0x00006068       0x48 ./Startup_Code/vectors.o
                0x00006068                USBDM::Endpoint::Endpoint(int)
                0x00006068                USBDM::Endpoint::Endpoint(int)
 .text._ZN5USBDM8EndpointD2Ev
                0x000060b0       0x28 ./Startup_Code/vectors.o
                0x000060b0                USBDM::Endpoint::~Endpoint()
                0x000060b0                USBDM::Endpoint::~Endpoint()
 .text._ZN5USBDM8EndpointD0Ev
                0x000060d8       0x20 ./Startup_Code/vectors.o
                0x000060d8                USBDM::Endpoint::~Endpoint()
 .text._ZN5USBDM8Endpoint11flipOddEvenEh
                0x000060f8       0x58 ./Startup_Code/vectors.o
                0x000060f8                USBDM::Endpoint::flipOddEven(unsigned char)
 .text._ZN5USBDM7UsbBase28unsetOptionalHandlerCallbackEv
                0x00006150       0x10 ./Startup_Code/vectors.o
                0x00006150                USBDM::UsbBase::unsetOptionalHandlerCallback()
 .text._ZN5USBDM13CDC_Interface14notifyUsbInPtrEv
                0x00006160       0x14 ./Startup_Code/vectors.o
                0x00006160                USBDM::CDC_Interface::notifyUsbInPtr()
 .text._ZN5USBDM13CDC_Interface22setUsbInNotifyCallbackEPFbvE
                0x00006174       0x18 ./Startup_Code/vectors.o
                0x00006174                USBDM::CDC_Interface::setUsbInNotifyCallback(bool (*)())
 .text._ZN5USBDM4Usb019initialiseEndpointsEv
                0x0000618c       0x68 ./Startup_Code/vectors.o
                0x0000618c                USBDM::Usb0::initialiseEndpoints()
 .text.Default_Handler
                0x000061f4       0x20 ./Startup_Code/vectors.o
                0x000061f4                RTC_Alarm_IRQHandler
                0x000061f4                UART3_RxTx_IRQHandler
                0x000061f4                DebugMon_Handler
                0x000061f4                I2C0_IRQHandler
                0x000061f4                NMI_Handler
                0x000061f4                I2C1_IRQHandler
                0x000061f4                DMA2_IRQHandler
                0x000061f4                PIT0_IRQHandler
                0x000061f4                LLWU_IRQHandler
                0x000061f4                SWI_IRQHandler
                0x000061f4                ADC0_IRQHandler
                0x000061f4                UsageFault_Handler
                0x000061f4                I2S0_Tx_IRQHandler
                0x000061f4                CMT_IRQHandler
                0x000061f4                SPI1_IRQHandler
                0x000061f4                DMA9_IRQHandler
                0x000061f4                DMA14_IRQHandler
                0x000061f4                CMP1_IRQHandler
                0x000061f4                PORTD_IRQHandler
                0x000061f4                PORTB_IRQHandler
                0x000061f4                PIT2_IRQHandler
                0x000061f4                I2S0_Rx_IRQHandler
                0x000061f4                DMA5_IRQHandler
                0x000061f4                PDB0_IRQHandler
                0x000061f4                FTM1_IRQHandler
                0x000061f4                UART0_RxTx_IRQHandler
                0x000061f4                PIT3_IRQHandler
                0x000061f4                RTC_Seconds_IRQHandler
                0x000061f4                MCG_IRQHandler
                0x000061f4                DMA11_IRQHandler
                0x000061f4                Default_Handler
                0x000061f4                DMA7_IRQHandler
                0x000061f4                USBDCD_IRQHandler
                0x000061f4                UART0_Error_IRQHandler
                0x000061f4                UART1_RxTx_IRQHandler
                0x000061f4                MemManage_Handler
                0x000061f4                DMA13_IRQHandler
                0x000061f4                DMA3_IRQHandler
                0x000061f4                DMA0_IRQHandler
                0x000061f4                DMA15_IRQHandler
                0x000061f4                DAC0_IRQHandler
                0x000061f4                FTF_ReadCollision_IRQHandler
                0x000061f4                UART1_Error_IRQHandler
                0x000061f4                UART2_Error_IRQHandler
                0x000061f4                UART2_RxTx_IRQHandler
                0x000061f4                DMA4_IRQHandler
                0x000061f4                PMC_IRQHandler
                0x000061f4                PIT1_IRQHandler
                0x000061f4                DMA_Error_IRQHandler
                0x000061f4                SPI0_IRQHandler
                0x000061f4                FTM0_IRQHandler
                0x000061f4                FTF_Command_IRQHandler
                0x000061f4                PORTA_IRQHandler
                0x000061f4                MCM_IRQHandler
                0x000061f4                DMA12_IRQHandler
                0x000061f4                PORTE_IRQHandler
                0x000061f4                WDOG_IRQHandler
                0x000061f4                FTM2_IRQHandler
                0x000061f4                LPTMR0_IRQHandler
                0x000061f4                BusFault_Handler
                0x000061f4                DMA8_IRQHandler
                0x000061f4                DMA10_IRQHandler
                0x000061f4                PORTC_IRQHandler
                0x000061f4                DMA6_IRQHandler
                0x000061f4                DMA1_IRQHandler
                0x000061f4                UART3_Error_IRQHandler
 .text.HardFault_Handler
                0x00006214       0x14 ./Startup_Code/vectors.o
                0x00006214                HardFault_Handler
 .text._HardFault_Handler
                0x00006228      0x1e8 ./Startup_Code/vectors.o
                0x00006228                _HardFault_Handler
 .text._ZN5USBDM10InEndpointINS_8Usb0InfoELi1ELi16EE10initialiseEv
                0x00006410       0x24 ./Startup_Code/vectors.o
                0x00006410                USBDM::InEndpoint<USBDM::Usb0Info, 1, 16>::initialise()
 .text._ZN5USBDM9UsbBase_TINS_8Usb0InfoELi64EE11addEndpointEPNS_8EndpointE
                0x00006434       0x24 ./Startup_Code/vectors.o
                0x00006434                USBDM::UsbBase_T<USBDM::Usb0Info, 64>::addEndpoint(USBDM::Endpoint*)
 .text._ZN5USBDM11OutEndpointINS_8Usb0InfoELi2ELi16EE10initialiseEv
                0x00006458       0x24 ./Startup_Code/vectors.o
                0x00006458                USBDM::OutEndpoint<USBDM::Usb0Info, 2, 16>::initialise()
 .text._ZN5USBDM10Endpoint_TINS_8Usb0InfoELi2ELi16EE11setCallbackEPFvNS_13EndpointStateEE
                0x0000647c       0x28 ./Startup_Code/vectors.o
                0x0000647c                USBDM::Endpoint_T<USBDM::Usb0Info, 2, 16>::setCallback(void (*)(USBDM::EndpointState))
 .text._ZN5USBDM10Endpoint_TINS_8Usb0InfoELi2ELi16EE18startRxTransactionENS_13EndpointStateEhPh
                0x000064a4       0x38 ./Startup_Code/vectors.o
                0x000064a4                USBDM::Endpoint_T<USBDM::Usb0Info, 2, 16>::startRxTransaction(USBDM::EndpointState, unsigned char, unsigned char*)
 .text._ZN5USBDM10InEndpointINS_8Usb0InfoELi3ELi16EE10initialiseEv
                0x000064dc       0x24 ./Startup_Code/vectors.o
                0x000064dc                USBDM::InEndpoint<USBDM::Usb0Info, 3, 16>::initialise()
 .text._ZN5USBDM10Endpoint_TINS_8Usb0InfoELi3ELi16EE11setCallbackEPFvNS_13EndpointStateEE
                0x00006500       0x28 ./Startup_Code/vectors.o
                0x00006500                USBDM::Endpoint_T<USBDM::Usb0Info, 3, 16>::setCallback(void (*)(USBDM::EndpointState))
 .text._ZN5USBDM9CmpBase_TINS_8Cmp0InfoEE10irqHandlerEv
                0x00006528       0x50 ./Startup_Code/vectors.o
                0x00006528                USBDM::CmpBase_T<USBDM::Cmp0Info>::irqHandler()
 .text._ZN5USBDM9UsbBase_TINS_8Usb0InfoELi64EE10irqHandlerEv
                0x00006578       0xf0 ./Startup_Code/vectors.o
                0x00006578                USBDM::UsbBase_T<USBDM::Usb0Info, 64>::irqHandler()
 .text._ZN5USBDM10Endpoint_TINS_8Usb0InfoELi1ELi16EE10initialiseEv
                0x00006668       0x98 ./Startup_Code/vectors.o
                0x00006668                USBDM::Endpoint_T<USBDM::Usb0Info, 1, 16>::initialise()
 .text._ZN5USBDM10Endpoint_TINS_8Usb0InfoELi2ELi16EE10initialiseEv
                0x00006700       0x98 ./Startup_Code/vectors.o
                0x00006700                USBDM::Endpoint_T<USBDM::Usb0Info, 2, 16>::initialise()
 .text._ZN5USBDM10Endpoint_TINS_8Usb0InfoELi2ELi16EE20unsetHandlerCallbackENS_13EndpointStateE
                0x00006798       0x18 ./Startup_Code/vectors.o
                0x00006798                USBDM::Endpoint_T<USBDM::Usb0Info, 2, 16>::unsetHandlerCallback(USBDM::EndpointState)
 .text._ZN5USBDM10Endpoint_TINS_8Usb0InfoELi2ELi16EE15initialiseBdtRxEv
                0x000067b0       0x98 ./Startup_Code/vectors.o
                0x000067b0                USBDM::Endpoint_T<USBDM::Usb0Info, 2, 16>::initialiseBdtRx()
 .text._ZN5USBDM10Endpoint_TINS_8Usb0InfoELi3ELi16EE10initialiseEv
                0x00006848       0x98 ./Startup_Code/vectors.o
                0x00006848                USBDM::Endpoint_T<USBDM::Usb0Info, 3, 16>::initialise()
 .text._ZN5USBDM10Endpoint_TINS_8Usb0InfoELi3ELi16EE20unsetHandlerCallbackENS_13EndpointStateE
                0x000068e0       0x18 ./Startup_Code/vectors.o
                0x000068e0                USBDM::Endpoint_T<USBDM::Usb0Info, 3, 16>::unsetHandlerCallback(USBDM::EndpointState)
 .text._ZN5USBDM9UsbBase_TINS_8Usb0InfoELi64EE14handleUSBResetEv
                0x000068f8       0x44 ./Startup_Code/vectors.o
                0x000068f8                USBDM::UsbBase_T<USBDM::Usb0Info, 64>::handleUSBReset()
 .text._ZN5USBDM10Endpoint_TINS_8Usb0InfoELi0ELi64EED2Ev
                0x0000693c       0x30 ./Startup_Code/vectors.o
                0x0000693c                USBDM::Endpoint_T<USBDM::Usb0Info, 0, 64>::~Endpoint_T()
                0x0000693c                USBDM::Endpoint_T<USBDM::Usb0Info, 0, 64>::~Endpoint_T()
 .text._ZN5USBDM10Endpoint_TINS_8Usb0InfoELi0ELi64EED0Ev
                0x0000696c       0x20 ./Startup_Code/vectors.o
                0x0000696c                USBDM::Endpoint_T<USBDM::Usb0Info, 0, 64>::~Endpoint_T()
 .text._ZN5USBDM15ControlEndpointINS_8Usb0InfoELi64EEC2Ev
                0x0000698c       0x24 ./Startup_Code/vectors.o
                0x0000698c                USBDM::ControlEndpoint<USBDM::Usb0Info, 64>::ControlEndpoint()
                0x0000698c                USBDM::ControlEndpoint<USBDM::Usb0Info, 64>::ControlEndpoint()
 .text._ZN5USBDM9UsbBase_TINS_8Usb0InfoELi64EE19handleTokenCompleteEv
                0x000069b0       0xa0 ./Startup_Code/vectors.o
                0x000069b0                USBDM::UsbBase_T<USBDM::Usb0Info, 64>::handleTokenComplete()
 .text._ZN5USBDM9UsbBase_TINS_8Usb0InfoELi64EE15handleUSBResumeEv
                0x00006a50       0x7c ./Startup_Code/vectors.o
                0x00006a50                USBDM::UsbBase_T<USBDM::Usb0Info, 64>::handleUSBResume()
 .text._ZN5USBDM9UsbBase_TINS_8Usb0InfoELi64EE19handleStallCompleteEv
                0x00006acc       0x14 ./Startup_Code/vectors.o
                0x00006acc                USBDM::UsbBase_T<USBDM::Usb0Info, 64>::handleStallComplete()
 .text._ZN5USBDM9UsbBase_TINS_8Usb0InfoELi64EE14handleSOFTokenEv
                0x00006ae0       0x10 ./Startup_Code/vectors.o
                0x00006ae0                USBDM::UsbBase_T<USBDM::Usb0Info, 64>::handleSOFToken()
 .text._ZN5USBDM9UsbBase_TINS_8Usb0InfoELi64EE16handleUSBSuspendEv
                0x00006af0       0x68 ./Startup_Code/vectors.o
                0x00006af0                USBDM::UsbBase_T<USBDM::Usb0Info, 64>::handleUSBSuspend()
 .text._ZN5USBDM10Endpoint_TINS_8Usb0InfoELi1ELi16EE20unsetHandlerCallbackENS_13EndpointStateE
                0x00006b58       0x18 ./Startup_Code/vectors.o
                0x00006b58                USBDM::Endpoint_T<USBDM::Usb0Info, 1, 16>::unsetHandlerCallback(USBDM::EndpointState)
 .text._ZN5USBDM9UsbBase_TINS_8Usb0InfoELi64EE18setUSBdefaultStateEv
                0x00006b70       0x38 ./Startup_Code/vectors.o
                0x00006b70                USBDM::UsbBase_T<USBDM::Usb0Info, 64>::setUSBdefaultState()
 .text._ZN5USBDM9UsbBase_TINS_8Usb0InfoELi64EE19initialiseEndpointsEv
                0x00006ba8       0x44 ./Startup_Code/vectors.o
                0x00006ba8                USBDM::UsbBase_T<USBDM::Usb0Info, 64>::initialiseEndpoints()
 .text._ZN5USBDM10Endpoint_TINS_8Usb0InfoELi0ELi64EEC2Ev
                0x00006bec       0x2c ./Startup_Code/vectors.o
                0x00006bec                USBDM::Endpoint_T<USBDM::Usb0Info, 0, 64>::Endpoint_T()
                0x00006bec                USBDM::Endpoint_T<USBDM::Usb0Info, 0, 64>::Endpoint_T()
 .text._ZN5USBDM9UsbBase_TINS_8Usb0InfoELi64EE16handleSetupTokenEv
                0x00006c18       0xf0 ./Startup_Code/vectors.o
                0x00006c18                USBDM::UsbBase_T<USBDM::Usb0Info, 64>::handleSetupToken()
 .text._ZN5USBDM10Endpoint_TINS_8Usb0InfoELi0ELi64EE13handleInTokenEv
                0x00006d08       0x9c ./Startup_Code/vectors.o
                0x00006d08                USBDM::Endpoint_T<USBDM::Usb0Info, 0, 64>::handleInToken()
 .text._ZN5USBDM10Endpoint_TINS_8Usb0InfoELi0ELi64EE14handleOutTokenEv
                0x00006da4       0xc4 ./Startup_Code/vectors.o
                0x00006da4                USBDM::Endpoint_T<USBDM::Usb0Info, 0, 64>::handleOutToken()
 .text._ZN5USBDM9UsbBase_TINS_8Usb0InfoELi64EE18handleUserCallbackENS_7UsbBase10UserEventsE
                0x00006e68       0x20 ./Startup_Code/vectors.o
                0x00006e68                USBDM::UsbBase_T<USBDM::Usb0Info, 64>::handleUserCallback(USBDM::UsbBase::UserEvents)
 .text._ZN5USBDM15ControlEndpointINS_8Usb0InfoELi64EE10clearStallEv
                0x00006e88       0x38 ./Startup_Code/vectors.o
                0x00006e88                USBDM::ControlEndpoint<USBDM::Usb0Info, 64>::clearStall()
 .text._ZN5USBDM9UsbBase_TINS_8Usb0InfoELi64EE28ep0ConfigureSetupTransactionEv
                0x00006ec0       0x18 ./Startup_Code/vectors.o
                0x00006ec0                USBDM::UsbBase_T<USBDM::Usb0Info, 64>::ep0ConfigureSetupTransaction()
 .text._ZN5USBDM15ControlEndpointINS_8Usb0InfoELi64EE10initialiseEv
                0x00006ed8       0x24 ./Startup_Code/vectors.o
                0x00006ed8                USBDM::ControlEndpoint<USBDM::Usb0Info, 64>::initialise()
 .text._ZN5USBDM9UsbBase_TINS_8Usb0InfoELi64EE22ep0TransactionCallbackENS_13EndpointStateE
                0x00006efc       0x6c ./Startup_Code/vectors.o
                0x00006efc                USBDM::UsbBase_T<USBDM::Usb0Info, 64>::ep0TransactionCallback(USBDM::EndpointState)
 .text._ZN5USBDM10Endpoint_TINS_8Usb0InfoELi0ELi64EE11setCallbackEPFvNS_13EndpointStateEE
                0x00006f68       0x28 ./Startup_Code/vectors.o
                0x00006f68                USBDM::Endpoint_T<USBDM::Usb0Info, 0, 64>::setCallback(void (*)(USBDM::EndpointState))
 .text._ZN5USBDM10Endpoint_TINS_8Usb0InfoELi0ELi64EE10initialiseEv
                0x00006f90       0x9c ./Startup_Code/vectors.o
                0x00006f90                USBDM::Endpoint_T<USBDM::Usb0Info, 0, 64>::initialise()
 .text._ZN5USBDM10Endpoint_TINS_8Usb0InfoELi0ELi64EE9getBufferEv
                0x0000702c       0x18 ./Startup_Code/vectors.o
                0x0000702c                USBDM::Endpoint_T<USBDM::Usb0Info, 0, 64>::getBuffer()
 .text._ZN5USBDM15ControlEndpointINS_8Usb0InfoELi64EE13setupReceivedEv
                0x00007044       0x24 ./Startup_Code/vectors.o
                0x00007044                USBDM::ControlEndpoint<USBDM::Usb0Info, 64>::setupReceived()
 .text._ZN5USBDM9UsbBase_TINS_8Usb0InfoELi64EE24setSetupCompleteCallbackEPFvvE
                0x00007068       0x2c ./Startup_Code/vectors.o
                0x00007068                USBDM::UsbBase_T<USBDM::Usb0Info, 64>::setSetupCompleteCallback(void (*)())
 .text._ZN5USBDM9UsbBase_TINS_8Usb0InfoELi64EE15handleGetStatusEv
                0x00007094       0xb4 ./Startup_Code/vectors.o
                0x00007094                USBDM::UsbBase_T<USBDM::Usb0Info, 64>::handleGetStatus()
 .text._ZN5USBDM9UsbBase_TINS_8Usb0InfoELi64EE18handleClearFeatureEv
                0x00007148       0xf8 ./Startup_Code/vectors.o
                0x00007148                USBDM::UsbBase_T<USBDM::Usb0Info, 64>::handleClearFeature()
 .text._ZN5USBDM9UsbBase_TINS_8Usb0InfoELi64EE16handleSetFeatureEv
                0x00007240       0xf8 ./Startup_Code/vectors.o
                0x00007240                USBDM::UsbBase_T<USBDM::Usb0Info, 64>::handleSetFeature()
 .text._ZZN5USBDM9UsbBase_TINS_8Usb0InfoELi64EE16handleSetAddressEvENKUlvE_clEv
                0x00007338       0x1c ./Startup_Code/vectors.o
                0x00007338                USBDM::UsbBase_T<USBDM::Usb0Info, 64>::handleSetAddress()::{lambda()#1}::operator()() const
 .text._ZZN5USBDM9UsbBase_TINS_8Usb0InfoELi64EE16handleSetAddressEvENUlvE_4_FUNEv
                0x00007354        0xc ./Startup_Code/vectors.o
                0x00007354                USBDM::UsbBase_T<USBDM::Usb0Info, 64>::handleSetAddress()::{lambda()#1}::_FUN()
 .text._ZZN5USBDM9UsbBase_TINS_8Usb0InfoELi64EE16handleSetAddressEvENKUlvE_cvPFvvEEv
                0x00007360       0x1c ./Startup_Code/vectors.o
                0x00007360                USBDM::UsbBase_T<USBDM::Usb0Info, 64>::handleSetAddress()::{lambda()#1}::operator void (*)()() const
 .text._ZN5USBDM9UsbBase_TINS_8Usb0InfoELi64EE16handleSetAddressEv
                0x0000737c       0x4c ./Startup_Code/vectors.o
                0x0000737c                USBDM::UsbBase_T<USBDM::Usb0Info, 64>::handleSetAddress()
 .text._ZN5USBDM9UsbBase_TINS_8Usb0InfoELi64EE19handleGetDescriptorEv
                0x000073c8      0x16c ./Startup_Code/vectors.o
                0x000073c8                USBDM::UsbBase_T<USBDM::Usb0Info, 64>::handleGetDescriptor()
 .text._ZN5USBDM9UsbBase_TINS_8Usb0InfoELi64EE22handleGetConfigurationEv
                0x00007534       0x4c ./Startup_Code/vectors.o
                0x00007534                USBDM::UsbBase_T<USBDM::Usb0Info, 64>::handleGetConfiguration()
 .text._ZN5USBDM9UsbBase_TINS_8Usb0InfoELi64EE22handleSetConfigurationEv
                0x00007580       0x5c ./Startup_Code/vectors.o
                0x00007580                USBDM::UsbBase_T<USBDM::Usb0Info, 64>::handleSetConfiguration()
 .text._ZN5USBDM9UsbBase_TINS_8Usb0InfoELi64EE18handleSetInterfaceEv
                0x000075dc       0xac ./Startup_Code/vectors.o
                0x000075dc                USBDM::UsbBase_T<USBDM::Usb0Info, 64>::handleSetInterface()
 .text._ZN5USBDM9UsbBase_TINS_8Usb0InfoELi64EE18handleGetInterfaceEv
                0x00007688       0x44 ./Startup_Code/vectors.o
                0x00007688                USBDM::UsbBase_T<USBDM::Usb0Info, 64>::handleGetInterface()
 .text._ZN5USBDM9UsbBase_TINS_8Usb0InfoELi64EE21handleUnexpectedSetupEv
                0x000076cc       0x44 ./Startup_Code/vectors.o
                0x000076cc                USBDM::UsbBase_T<USBDM::Usb0Info, 64>::handleUnexpectedSetup()
 .text._ZN5USBDM10Endpoint_TINS_8Usb0InfoELi0ELi64EE15initialiseBdtRxEv
                0x00007710       0x90 ./Startup_Code/vectors.o
                0x00007710                USBDM::Endpoint_T<USBDM::Usb0Info, 0, 64>::initialiseBdtRx()
 .text._ZN5USBDM10Endpoint_TINS_8Usb0InfoELi0ELi64EE15initialiseBdtTxEv
                0x000077a0       0xf8 ./Startup_Code/vectors.o
                0x000077a0                USBDM::Endpoint_T<USBDM::Usb0Info, 0, 64>::initialiseBdtTx()
 .text._ZN5USBDM10Endpoint_TINS_8Usb0InfoELi0ELi64EE10saveRxDataEv
                0x00007898       0xc8 ./Startup_Code/vectors.o
                0x00007898                USBDM::Endpoint_T<USBDM::Usb0Info, 0, 64>::saveRxData()
 .text._ZN5USBDM10Endpoint_TINS_8Usb0InfoELi0ELi64EE10clearStallEv
                0x00007960       0x3c ./Startup_Code/vectors.o
                0x00007960                USBDM::Endpoint_T<USBDM::Usb0Info, 0, 64>::clearStall()
 .text._ZN5USBDM10Endpoint_TINS_8Usb0InfoELi0ELi64EE18startRxTransactionENS_13EndpointStateEhPh
                0x0000799c       0x3c ./Startup_Code/vectors.o
                0x0000799c                USBDM::Endpoint_T<USBDM::Usb0Info, 0, 64>::startRxTransaction(USBDM::EndpointState, unsigned char, unsigned char*)
 .text._ZN5USBDM9UsbBase_TINS_8Usb0InfoELi64EE11ep0TxStatusEv
                0x000079d8       0x18 ./Startup_Code/vectors.o
                0x000079d8                USBDM::UsbBase_T<USBDM::Usb0Info, 64>::ep0TxStatus()
 .text._ZN5USBDM10Endpoint_TINS_8Usb0InfoELi0ELi64EE20unsetHandlerCallbackENS_13EndpointStateE
                0x000079f0       0x18 ./Startup_Code/vectors.o
                0x000079f0                USBDM::Endpoint_T<USBDM::Usb0Info, 0, 64>::unsetHandlerCallback(USBDM::EndpointState)
 .text._ZN5USBDM9UsbBase_TINS_8Usb0InfoELi64EE21ep0StartTxTransactionEtPKh
                0x00007a08       0x6c ./Startup_Code/vectors.o
                0x00007a08                USBDM::UsbBase_T<USBDM::Usb0Info, 64>::ep0StartTxTransaction(unsigned short, unsigned char const*)
 .text._ZN5USBDM15ControlEndpointINS_8Usb0InfoELi64EE5stallEv
                0x00007a74       0x34 ./Startup_Code/vectors.o
                0x00007a74                USBDM::ControlEndpoint<USBDM::Usb0Info, 64>::stall()
 .text._ZN5USBDM9UsbBase_TINS_8Usb0InfoELi64EE20setUSBaddressedStateEh
                0x00007aa8       0x3c ./Startup_Code/vectors.o
                0x00007aa8                USBDM::UsbBase_T<USBDM::Usb0Info, 64>::setUSBaddressedState(unsigned char)
 .text._ZN5USBDM9UsbBase_TINS_8Usb0InfoELi64EE21setUSBconfiguredStateEh
                0x00007ae4       0x40 ./Startup_Code/vectors.o
                0x00007ae4                USBDM::UsbBase_T<USBDM::Usb0Info, 64>::setUSBconfiguredState(unsigned char)
 .text._ZN5USBDM10Endpoint_TINS_8Usb0InfoELi0ELi64EE18startTxTransactionENS_13EndpointStateEhPKh
                0x00007b24       0x3c ./Startup_Code/vectors.o
                0x00007b24                USBDM::Endpoint_T<USBDM::Usb0Info, 0, 64>::startTxTransaction(USBDM::EndpointState, unsigned char, unsigned char const*)
 .text._ZN5USBDM10Endpoint_TINS_8Usb0InfoELi0ELi64EE10setNeedZLPEb
                0x00007b60       0x20 ./Startup_Code/vectors.o
                0x00007b60                USBDM::Endpoint_T<USBDM::Usb0Info, 0, 64>::setNeedZLP(bool)
 .text._Z41__static_initialization_and_destruction_0ii
                0x00007b80       0x54 ./Startup_Code/vectors.o
 .text._ZN5USBDM15ControlEndpointINS_8Usb0InfoELi64EED2Ev
                0x00007bd4       0x30 ./Startup_Code/vectors.o
                0x00007bd4                USBDM::ControlEndpoint<USBDM::Usb0Info, 64>::~ControlEndpoint()
                0x00007bd4                USBDM::ControlEndpoint<USBDM::Usb0Info, 64>::~ControlEndpoint()
 .text._ZN5USBDM15ControlEndpointINS_8Usb0InfoELi64EED0Ev
                0x00007c04       0x20 ./Startup_Code/vectors.o
                0x00007c04                USBDM::ControlEndpoint<USBDM::Usb0Info, 64>::~ControlEndpoint()
 .text._ZN5USBDM10Endpoint_TINS_8Usb0InfoELi0ELi64EE5stallEv
                0x00007c24       0x30 ./Startup_Code/vectors.o
                0x00007c24                USBDM::Endpoint_T<USBDM::Usb0Info, 0, 64>::stall()
 .text._GLOBAL__sub_I_Default_Handler
                0x00007c54       0x10 ./Startup_Code/vectors.o
 .text._ZN5USBDM5Flash17waitForFlashReadyEv
                0x00007c64       0x44 ./Sources/EditProfile.o
                0x00007c64                USBDM::Flash::waitForFlashReady()
 .text._ZN13SolderProfile7isValidEv
                0x00007ca8       0x48 ./Sources/EditProfile.o
                0x00007ca8                SolderProfile::isValid()
 .text._ZN14ProfileSettingD2Ev
                0x00007cf0       0x28 ./Sources/EditProfile.o
                0x00007cf0                ProfileSetting::~ProfileSetting()
                0x00007cf0                ProfileSetting::~ProfileSetting()
 .text._ZN14ProfileSettingD0Ev
                0x00007d18       0x20 ./Sources/EditProfile.o
                0x00007d18                ProfileSetting::~ProfileSetting()
 .text._ZN14ProfileSettingC2Ev
                0x00007d38       0x20 ./Sources/EditProfile.o
                0x00007d38                ProfileSetting::ProfileSetting()
                0x00007d38                ProfileSetting::ProfileSetting()
 .text._ZN18ProfileNameSettingC2EPc
                0x00007d58       0x34 ./Sources/EditProfile.o
                0x00007d58                ProfileNameSetting::ProfileNameSetting(char*)
                0x00007d58                ProfileNameSetting::ProfileNameSetting(char*)
 .text._ZNK18ProfileNameSetting14getDescriptionEv
                0x00007d8c       0x64 ./Sources/EditProfile.o
                0x00007d8c                ProfileNameSetting::getDescription() const
 .text._ZN18ProfileNameSetting9incrementEv
                0x00007df0       0x3c ./Sources/EditProfile.o
                0x00007df0                ProfileNameSetting::increment()
 .text._ZN18ProfileNameSetting9decrementEv
                0x00007e2c       0x20 ./Sources/EditProfile.o
                0x00007e2c                ProfileNameSetting::decrement()
 .text._ZN18ProfileNameSetting5resetEv
                0x00007e4c       0x60 ./Sources/EditProfile.o
                0x00007e4c                ProfileNameSetting::reset()
 .text._ZN18ProfileNameSettingD2Ev
                0x00007eac       0x30 ./Sources/EditProfile.o
                0x00007eac                ProfileNameSetting::~ProfileNameSetting()
                0x00007eac                ProfileNameSetting::~ProfileNameSetting()
 .text._ZN18ProfileNameSettingD0Ev
                0x00007edc       0x20 ./Sources/EditProfile.o
                0x00007edc                ProfileNameSetting::~ProfileNameSetting()
 .text._ZN11EditProfileC2ER13SolderProfile
                0x00007efc      0x1f0 ./Sources/EditProfile.o
                0x00007efc                EditProfile::EditProfile(SolderProfile&)
                0x00007efc                EditProfile::EditProfile(SolderProfile&)
 .text._ZNK11SwitchValuecviEv
                0x000080ec       0x1c ./Sources/EditProfile.o
                0x000080ec                SwitchValue::operator int() const
 .text._ZN11SwitchValueC2Ei
                0x00008108       0x20 ./Sources/EditProfile.o
                0x00008108                SwitchValue::SwitchValue(int)
                0x00008108                SwitchValue::SwitchValue(int)
 .text._ZN11SwitchValueC2Ev
                0x00008128       0x1c ./Sources/EditProfile.o
                0x00008128                SwitchValue::SwitchValue()
                0x00008128                SwitchValue::SwitchValue()
 .text._ZN11SwitchValue5clearEv
                0x00008144       0x5c ./Sources/EditProfile.o
                0x00008144                SwitchValue::clear()
 .text._ZN10LCD_ST792012setInversionEb
                0x000081a0       0x28 ./Sources/EditProfile.o
                0x000081a0                LCD_ST7920::setInversion(bool)
 .text._ZN10LCD_ST792013putCustomCharEPKhii
                0x000081c8       0x4c ./Sources/EditProfile.o
                0x000081c8                LCD_ST7920::putCustomChar(unsigned char const*, int, int)
 .text._ZN10LCD_ST792010putUpArrowEv
                0x00008214       0x20 ./Sources/EditProfile.o
                0x00008214                LCD_ST7920::putUpArrow()
 .text._ZN10LCD_ST792012putDownArrowEv
                0x00008234       0x20 ./Sources/EditProfile.o
                0x00008234                LCD_ST7920::putDownArrow()
 .text._ZN10LCD_ST792012putLeftArrowEv
                0x00008254       0x20 ./Sources/EditProfile.o
                0x00008254                LCD_ST7920::putLeftArrow()
 .text._ZN10LCD_ST792013putRightArrowEv
                0x00008274       0x20 ./Sources/EditProfile.o
                0x00008274                LCD_ST7920::putRightArrow()
 .text._ZN10LCD_ST79206gotoXYEii
                0x00008294       0x28 ./Sources/EditProfile.o
                0x00008294                LCD_ST7920::gotoXY(int, int)
 .text._ZN18ProfileNameSetting4drawEv
                0x000082bc      0x260 ./Sources/EditProfile.o
                0x000082bc                ProfileNameSetting::draw()
 .text._ZN18ProfileNameSetting4editEv
                0x0000851c      0x12c ./Sources/EditProfile.o
                0x0000851c                ProfileNameSetting::edit()
 .text._ZN11EditProfile10drawScreenEv
                0x00008648      0x1e4 ./Sources/EditProfile.o
                0x00008648                EditProfile::drawScreen()
 .text._ZN11EditProfile4doitEv
                0x0000882c      0x188 ./Sources/EditProfile.o
                0x0000882c                EditProfile::doit()
 .text._ZN11EditProfile3runER15NvSolderProfile
                0x000089b4      0x124 ./Sources/EditProfile.o
                0x000089b4                EditProfile::run(NvSolderProfile&)
 .text._ZN16ProfileSetting_TItEC2ERtPKctttt
                0x00008ad8       0x5c ./Sources/EditProfile.o
                0x00008ad8                ProfileSetting_T<unsigned short>::ProfileSetting_T(unsigned short&, char const*, unsigned short, unsigned short, unsigned short, unsigned short)
                0x00008ad8                ProfileSetting_T<unsigned short>::ProfileSetting_T(unsigned short&, char const*, unsigned short, unsigned short, unsigned short, unsigned short)
 .text._ZN16ProfileSetting_TIfEC2ERfPKcffff
                0x00008b34       0x5c ./Sources/EditProfile.o
                0x00008b34                ProfileSetting_T<float>::ProfileSetting_T(float&, char const*, float, float, float, float)
                0x00008b34                ProfileSetting_T<float>::ProfileSetting_T(float&, char const*, float, float, float, float)
 .text._ZN10LCD_ST79203maxIiEET_S1_S1_
                0x00008b90       0x28 ./Sources/EditProfile.o
                0x00008b90                int LCD_ST7920::max<int>(int, int)
 .text._ZN15SwitchDebouncerIN5USBDM5GpioBILi3ELNS0_8PolarityE0EEENS1_ILi2ELS2_0EEENS1_ILi1ELS2_0EEENS1_ILi0ELS2_0EEENS1_ILi16ELS2_0EEEE9getButtonEm
                0x00008bb8       0x48 ./Sources/EditProfile.o
                0x00008bb8                SwitchDebouncer<USBDM::GpioB<3, (USBDM::Polarity)0>, USBDM::GpioB<2, (USBDM::Polarity)0>, USBDM::GpioB<1, (USBDM::Polarity)0>, USBDM::GpioB<0, (USBDM::Polarity)0>, USBDM::GpioB<16, (USBDM::Polarity)0> >::getButton(unsigned long)
 .text._ZNK5USBDM11NonvolatileIhEcvhEv
                0x00008c00       0x18 ./Sources/EditProfile.o
                0x00008c00                USBDM::Nonvolatile<unsigned char>::operator unsigned char() const
 .text._ZN16ProfileSetting_TItE3setEt
                0x00008c18       0x54 ./Sources/EditProfile.o
                0x00008c18                ProfileSetting_T<unsigned short>::set(unsigned short)
 .text._ZN16ProfileSetting_TIfE3setEf
                0x00008c6c       0x6c ./Sources/EditProfile.o
                0x00008c6c                ProfileSetting_T<float>::set(float)
 .text._ZN15SwitchDebouncerIN5USBDM5GpioBILi3ELNS0_8PolarityE0EEENS1_ILi2ELS2_0EEENS1_ILi1ELS2_0EEENS1_ILi0ELS2_0EEENS1_ILi16ELS2_0EEEE7deQueueEm
                0x00008cd8       0x4c ./Sources/EditProfile.o
                0x00008cd8                SwitchDebouncer<USBDM::GpioB<3, (USBDM::Polarity)0>, USBDM::GpioB<2, (USBDM::Polarity)0>, USBDM::GpioB<1, (USBDM::Polarity)0>, USBDM::GpioB<0, (USBDM::Polarity)0>, USBDM::GpioB<16, (USBDM::Polarity)0> >::deQueue(unsigned long)
 .text._ZN5CMSIS12MessageQueueI11SwitchValueLj3ELPNS_6ThreadE0EE3getEm
                0x00008d24       0x38 ./Sources/EditProfile.o
                0x00008d24                CMSIS::MessageQueue<SwitchValue, 3u, (CMSIS::Thread*)0>::get(unsigned long)
 .text._ZN5CMSIS12MessageQueueI11SwitchValueLj3ELPNS_6ThreadE0EE6createEv
                0x00008d5c       0x48 ./Sources/EditProfile.o
                0x00008d5c                CMSIS::MessageQueue<SwitchValue, 3u, (CMSIS::Thread*)0>::create()
 .text._ZNK16ProfileSetting_TIfE14getDescriptionEv
                0x00008da4       0x38 ./Sources/EditProfile.o
                0x00008da4                ProfileSetting_T<float>::getDescription() const
 .text._ZN16ProfileSetting_TIfE9incrementEv
                0x00008ddc       0x34 ./Sources/EditProfile.o
                0x00008ddc                ProfileSetting_T<float>::increment()
 .text._ZN16ProfileSetting_TIfE9decrementEv
                0x00008e10       0x34 ./Sources/EditProfile.o
                0x00008e10                ProfileSetting_T<float>::decrement()
 .text._ZN16ProfileSetting_TIfE5resetEv
                0x00008e44       0x24 ./Sources/EditProfile.o
                0x00008e44                ProfileSetting_T<float>::reset()
 .text._ZN16ProfileSetting_TIfED2Ev
                0x00008e68       0x30 ./Sources/EditProfile.o
                0x00008e68                ProfileSetting_T<float>::~ProfileSetting_T()
                0x00008e68                ProfileSetting_T<float>::~ProfileSetting_T()
 .text._ZN16ProfileSetting_TIfED0Ev
                0x00008e98       0x20 ./Sources/EditProfile.o
                0x00008e98                ProfileSetting_T<float>::~ProfileSetting_T()
 .text._ZNK16ProfileSetting_TItE14getDescriptionEv
                0x00008eb8       0x28 ./Sources/EditProfile.o
                0x00008eb8                ProfileSetting_T<unsigned short>::getDescription() const
 .text._ZN16ProfileSetting_TItE9incrementEv
                0x00008ee0       0x30 ./Sources/EditProfile.o
                0x00008ee0                ProfileSetting_T<unsigned short>::increment()
 .text._ZN16ProfileSetting_TItE9decrementEv
                0x00008f10       0x30 ./Sources/EditProfile.o
                0x00008f10                ProfileSetting_T<unsigned short>::decrement()
 .text._ZN16ProfileSetting_TItE5resetEv
                0x00008f40       0x24 ./Sources/EditProfile.o
                0x00008f40                ProfileSetting_T<unsigned short>::reset()
 .text._ZN16ProfileSetting_TItED2Ev
                0x00008f64       0x30 ./Sources/EditProfile.o
                0x00008f64                ProfileSetting_T<unsigned short>::~ProfileSetting_T()
                0x00008f64                ProfileSetting_T<unsigned short>::~ProfileSetting_T()
 .text._ZN16ProfileSetting_TItED0Ev
                0x00008f94       0x20 ./Sources/EditProfile.o
                0x00008f94                ProfileSetting_T<unsigned short>::~ProfileSetting_T()
 .text.os_idle_demon
                0x00008fb4        0x8 ./Sources/RTX_Conf_CM.o
                0x00008fb4                os_idle_demon
 .text.os_error
                0x00008fbc       0x3c ./Sources/RTX_Conf_CM.o
                0x00008fbc                os_error
 .text.os_main  0x00008ff8       0x14 ./Sources/RTX_Conf_CM.o
 .text.software_init_hook
                0x0000900c       0x30 ./Sources/RTX_Conf_CM.o
                0x0000900c                software_init_hook
 .text._ZN5USBDM13CDC_Interface11notifyUsbInEv
                0x0000903c       0x20 ./Sources/RemoteInterface.o
                0x0000903c                USBDM::CDC_Interface::notifyUsbIn()
 .text._ZN5USBDML25setAndCheckCmsisErrorCodeEi
                0x0000905c       0x30 ./Sources/RemoteInterface.o
 .text._ZN5CMSIS5Mutex4waitEm
                0x0000908c       0x20 ./Sources/RemoteInterface.o
                0x0000908c                CMSIS::Mutex::wait(unsigned long)
 .text._ZN5CMSIS5Mutex7releaseEv
                0x000090ac       0x1c ./Sources/RemoteInterface.o
                0x000090ac                CMSIS::Mutex::release()
 .text._ZN5CMSIS6Thread3runEPv
                0x000090c8       0x34 ./Sources/RemoteInterface.o
                0x000090c8                CMSIS::Thread::run(void*)
 .text._ZN5CMSIS6ThreadC2EPFvPKvE10osPrioritym
                0x000090fc       0x3c ./Sources/RemoteInterface.o
                0x000090fc                CMSIS::Thread::Thread(void (*)(void const*), osPriority, unsigned long)
                0x000090fc                CMSIS::Thread::Thread(void (*)(void const*), osPriority, unsigned long)
 .text._ZN5CMSIS6ThreadD2Ev
                0x00009138       0x1c ./Sources/RemoteInterface.o
                0x00009138                CMSIS::Thread::~Thread()
                0x00009138                CMSIS::Thread::~Thread()
 .text._ZN8Max318556enableEb
                0x00009154       0x20 ./Sources/RemoteInterface.o
                0x00009154                Max31855::enable(bool)
 .text._ZNK8Max318559isEnabledEv
                0x00009174       0x1c ./Sources/RemoteInterface.o
                0x00009174                Max31855::isEnabled() const
 .text._ZN8Max318559setOffsetEi
                0x00009190       0x20 ./Sources/RemoteInterface.o
                0x00009190                Max31855::setOffset(int)
 .text._ZN8Max318559getOffsetEv
                0x000091b0       0x1c ./Sources/RemoteInterface.o
                0x000091b0                Max31855::getOffset()
 .text._ZNK9DataPoint9getStatusEj
                0x000091cc       0x34 ./Sources/RemoteInterface.o
                0x000091cc                DataPoint::getStatus(unsigned int) const
 .text._ZNK9DataPoint14getTemperatureEjRf
                0x00009200       0x44 ./Sources/RemoteInterface.o
                0x00009200                DataPoint::getTemperature(unsigned int, float&) const
 .text._ZNK9DataPoint21getAverageTemperatureEv
                0x00009244       0x98 ./Sources/RemoteInterface.o
                0x00009244                DataPoint::getAverageTemperature() const
 .text._ZNK9DataPoint20getTargetTemperatureEv
                0x000092dc       0x2c ./Sources/RemoteInterface.o
                0x000092dc                DataPoint::getTargetTemperature() const
 .text._ZNK9DataPoint8getStateEv
                0x00009308       0x20 ./Sources/RemoteInterface.o
                0x00009308                DataPoint::getState() const
 .text._ZNK9DataPoint9getHeaterEv
                0x00009328       0x18 ./Sources/RemoteInterface.o
                0x00009328                DataPoint::getHeater() const
 .text._ZNK9DataPoint6getFanEv
                0x00009340       0x18 ./Sources/RemoteInterface.o
                0x00009340                DataPoint::getFan() const
 .text._ZNK15TemperaturePlot12getLastValidEv
                0x00009358       0x20 ./Sources/RemoteInterface.o
                0x00009358                TemperaturePlot::getLastValid() const
 .text._ZN15RemoteInterface19allocResponseBufferEv
                0x00009378       0x18 ./Sources/RemoteInterface.o
                0x00009378                RemoteInterface::allocResponseBuffer()
 .text._ZN18TemperatureSensors15getThermocoupleEi
                0x00009390       0x28 ./Sources/RemoteInterface.o
                0x00009390                TemperatureSensors::getThermocouple(int)
 .text._ZN5CMSIS9MailQueueIN15RemoteInterfaceUt_ELj4ELPNS_6ThreadE0EEC2Ev
                0x000093b8       0x48 ./Sources/RemoteInterface.o
                0x000093b8                CMSIS::MailQueue<RemoteInterface::{unnamed type#1}, 4u, (CMSIS::Thread*)0>::MailQueue()
                0x000093b8                CMSIS::MailQueue<RemoteInterface::{unnamed type#1}, 4u, (CMSIS::Thread*)0>::MailQueue()
 .text._ZN5CMSIS9MailQueueIN15RemoteInterfaceUt0_ELj4ELPNS_6ThreadE0EEC2Ev
                0x00009400       0x48 ./Sources/RemoteInterface.o
                0x00009400                CMSIS::MailQueue<RemoteInterface::{unnamed type#2}, 4u, (CMSIS::Thread*)0>::MailQueue()
                0x00009400                CMSIS::MailQueue<RemoteInterface::{unnamed type#2}, 4u, (CMSIS::Thread*)0>::MailQueue()
 .text._ZN15RemoteInterface4sendEPNS_Ut0_E
                0x00009448       0x24 ./Sources/RemoteInterface.o
                0x00009448                RemoteInterface::send(RemoteInterface::{unnamed type#2}*)
 .text._ZN15RemoteInterface21logThermocoupleStatusEib
                0x0000946c      0x158 ./Sources/RemoteInterface.o
                0x0000946c                RemoteInterface::logThermocoupleStatus(int, bool)
 .text._Z12parseProfilePc
                0x000095c4      0x230 ./Sources/RemoteInterface.o
                0x000095c4                parseProfile(char*)
 .text._Z18parseThermocouplesPc
                0x000097f4       0xbc ./Sources/RemoteInterface.o
                0x000097f4                parseThermocouples(char*)
 .text._Z18parsePidParametersPc
                0x000098b0       0xac ./Sources/RemoteInterface.o
                0x000098b0                parsePidParameters(char*)
 .text._ZN15RemoteInterface19getInteractiveMutexEPNS_Ut0_E
                0x0000995c       0x58 ./Sources/RemoteInterface.o
                0x0000995c                RemoteInterface::getInteractiveMutex(RemoteInterface::{unnamed type#2}*)
 .text._ZN15RemoteInterface9doCommandEPNS_Ut_E
                0x000099b4      0x6d0 ./Sources/RemoteInterface.o
                0x000099b4                RemoteInterface::doCommand(RemoteInterface::{unnamed type#1}*)
 .text._ZN15RemoteInterface13commandThreadEPKv
                0x0000a084       0x38 ./Sources/RemoteInterface.o
                0x0000a084                RemoteInterface::commandThread(void const*)
 .text._ZN15RemoteInterface10initialiseEv
                0x0000a0bc       0x3c ./Sources/RemoteInterface.o
                0x0000a0bc                RemoteInterface::initialise()
 .text._ZN15RemoteInterface7putDataEiPKh
                0x0000a0f8       0xec ./Sources/RemoteInterface.o
                0x0000a0f8                RemoteInterface::putData(int, unsigned char const*)
 .text._ZN5USBDM11NonvolatileIbEaSERKb
                0x0000a1e4       0x1c ./Sources/RemoteInterface.o
                0x0000a1e4                USBDM::Nonvolatile<bool>::operator=(bool const&)
 .text._ZNK5USBDM11NonvolatileIbEcvbEv
                0x0000a200       0x18 ./Sources/RemoteInterface.o
                0x0000a200                USBDM::Nonvolatile<bool>::operator bool() const
 .text._ZNK5USBDM11NonvolatileIiEcviEv
                0x0000a218       0x18 ./Sources/RemoteInterface.o
                0x0000a218                USBDM::Nonvolatile<int>::operator int() const
 .text._ZN5USBDM11NonvolatileIiEaSERKi
                0x0000a230       0x1c ./Sources/RemoteInterface.o
                0x0000a230                USBDM::Nonvolatile<int>::operator=(int const&)
 .text._ZN5CMSIS9MailQueueIN15RemoteInterfaceUt0_ELj4ELPNS_6ThreadE0EE5allocEm
                0x0000a24c       0x38 ./Sources/RemoteInterface.o
                0x0000a24c                CMSIS::MailQueue<RemoteInterface::{unnamed type#2}, 4u, (CMSIS::Thread*)0>::alloc(unsigned long)
 .text._ZN5CMSIS9MailQueueIN15RemoteInterfaceUt0_ELj4ELPNS_6ThreadE0EE3putEPS2_
                0x0000a284       0x24 ./Sources/RemoteInterface.o
                0x0000a284                CMSIS::MailQueue<RemoteInterface::{unnamed type#2}, 4u, (CMSIS::Thread*)0>::put({unnamed type#2}*)
 .text._ZN5USBDM11NonvolatileIfEaSERKf
                0x0000a2a8       0x1c ./Sources/RemoteInterface.o
                0x0000a2a8                USBDM::Nonvolatile<float>::operator=(float const&)
 .text._ZNK5USBDM11NonvolatileIfEcvfEv
                0x0000a2c4       0x18 ./Sources/RemoteInterface.o
                0x0000a2c4                USBDM::Nonvolatile<float>::operator float() const
 .text._ZNK5USBDM16NonvolatileArrayIcLi39EEcvPKcEv
                0x0000a2dc       0x18 ./Sources/RemoteInterface.o
                0x0000a2dc                USBDM::NonvolatileArray<char, 39>::operator char const*() const
 .text._ZNK5USBDM11NonvolatileItEcvtEv
                0x0000a2f4       0x18 ./Sources/RemoteInterface.o
                0x0000a2f4                USBDM::Nonvolatile<unsigned short>::operator unsigned short() const
 .text._ZN5CMSIS9MailQueueIN15RemoteInterfaceUt_ELj4ELPNS_6ThreadE0EE3getEm
                0x0000a30c       0x28 ./Sources/RemoteInterface.o
                0x0000a30c                CMSIS::MailQueue<RemoteInterface::{unnamed type#1}, 4u, (CMSIS::Thread*)0>::get(unsigned long)
 .text._ZN5CMSIS9MailQueueIN15RemoteInterfaceUt_ELj4ELPNS_6ThreadE0EE4freeEPS2_
                0x0000a334       0x24 ./Sources/RemoteInterface.o
                0x0000a334                CMSIS::MailQueue<RemoteInterface::{unnamed type#1}, 4u, (CMSIS::Thread*)0>::free({unnamed type#1}*)
 .text._ZN5CMSIS9MailQueueIN15RemoteInterfaceUt_ELj4ELPNS_6ThreadE0EE6createEv
                0x0000a358       0x48 ./Sources/RemoteInterface.o
                0x0000a358                CMSIS::MailQueue<RemoteInterface::{unnamed type#1}, 4u, (CMSIS::Thread*)0>::create()
 .text._ZN5CMSIS9MailQueueIN15RemoteInterfaceUt0_ELj4ELPNS_6ThreadE0EE6createEv
                0x0000a3a0       0x48 ./Sources/RemoteInterface.o
                0x0000a3a0                CMSIS::MailQueue<RemoteInterface::{unnamed type#2}, 4u, (CMSIS::Thread*)0>::create()
 .text._ZN5CMSIS9MailQueueIN15RemoteInterfaceUt_ELj4ELPNS_6ThreadE0EE8allocISREv
                0x0000a3e8       0x20 ./Sources/RemoteInterface.o
                0x0000a3e8                CMSIS::MailQueue<RemoteInterface::{unnamed type#1}, 4u, (CMSIS::Thread*)0>::allocISR()
 .text._ZN5CMSIS9MailQueueIN15RemoteInterfaceUt_ELj4ELPNS_6ThreadE0EE3putEPS2_
                0x0000a408       0x24 ./Sources/RemoteInterface.o
                0x0000a408                CMSIS::MailQueue<RemoteInterface::{unnamed type#1}, 4u, (CMSIS::Thread*)0>::put({unnamed type#1}*)
 .text._Z41__static_initialization_and_destruction_0ii
                0x0000a42c       0x5c ./Sources/RemoteInterface.o
 .text._GLOBAL__sub_I__ZN15RemoteInterface7commandE
                0x0000a488       0x10 ./Sources/RemoteInterface.o
 .text._ZN15NvSolderProfileC2Ev
                0x0000a498       0x18 ./Sources/SolderProfile.o
                0x0000a498                NvSolderProfile::NvSolderProfile()
                0x0000a498                NvSolderProfile::NvSolderProfile()
 .text._ZN13SolderProfileaSERK15NvSolderProfile
                0x0000a4b0       0xec ./Sources/SolderProfile.o
                0x0000a4b0                SolderProfile::operator=(NvSolderProfile const&)
 .text._ZN15NvSolderProfileaSERK13SolderProfile
                0x0000a59c       0xd0 ./Sources/SolderProfile.o
                0x0000a59c                NvSolderProfile::operator=(SolderProfile const&)
 .text._ZN15NvSolderProfileaSERKS_
                0x0000a66c       0xd0 ./Sources/SolderProfile.o
                0x0000a66c                NvSolderProfile::operator=(NvSolderProfile const&)
 .text._ZN5USBDM11NonvolatileIhEaSERKh
                0x0000a73c       0x1c ./Sources/SolderProfile.o
                0x0000a73c                USBDM::Nonvolatile<unsigned char>::operator=(unsigned char const&)
 .text._ZN5USBDM16NonvolatileArrayIcLi39EEaSERA39_Kc
                0x0000a758       0x38 ./Sources/SolderProfile.o
                0x0000a758                USBDM::NonvolatileArray<char, 39>::operator=(char const (&) [39])
 .text._ZN5USBDM11NonvolatileItEaSERKt
                0x0000a790       0x1c ./Sources/SolderProfile.o
                0x0000a790                USBDM::Nonvolatile<unsigned short>::operator=(unsigned short const&)
 .text._ZN5USBDM11NonvolatileIhEaSERKS1_
                0x0000a7ac       0x24 ./Sources/SolderProfile.o
                0x0000a7ac                USBDM::Nonvolatile<unsigned char>::operator=(USBDM::Nonvolatile<unsigned char> const&)
 .text._ZN5USBDM16NonvolatileArrayIcLi39EEaSERKS1_
                0x0000a7d0       0x3c ./Sources/SolderProfile.o
                0x0000a7d0                USBDM::NonvolatileArray<char, 39>::operator=(USBDM::NonvolatileArray<char, 39> const&)
 .text._ZN5USBDM11NonvolatileItEaSERKS1_
                0x0000a80c       0x24 ./Sources/SolderProfile.o
                0x0000a80c                USBDM::Nonvolatile<unsigned short>::operator=(USBDM::Nonvolatile<unsigned short> const&)
 .text._ZN5USBDM11NonvolatileIfEaSERKS1_
                0x0000a830       0x20 ./Sources/SolderProfile.o
                0x0000a830                USBDM::Nonvolatile<float>::operator=(USBDM::Nonvolatile<float> const&)
 .text._Z41__static_initialization_and_destruction_0ii
                0x0000a850       0x3c ./Sources/SolderProfile.o
 .text._GLOBAL__sub_I__ZN13SolderProfileaSERK15NvSolderProfile
                0x0000a88c       0x10 ./Sources/SolderProfile.o
 .text._ZN5USBDML12setErrorCodeENS_9ErrorCodeE
                0x0000a89c       0x24 ./Sources/configure.o
 .text._ZN5USBDML20setAndCheckErrorCodeENS_9ErrorCodeE
                0x0000a8c0       0x20 ./Sources/configure.o
 .text._ZN5USBDML17setCmsisErrorCodeEi
                0x0000a8e0       0x30 ./Sources/configure.o
 .text._ZN5USBDML25setAndCheckCmsisErrorCodeEi
                0x0000a910       0x30 ./Sources/configure.o
 .text._ZN5USBDML16enablePortClocksEm
                0x0000a940       0x34 ./Sources/configure.o
 .text._ZN5USBDML8pcrValueENS_7PinPullENS_16PinDriveStrengthENS_12PinDriveModeENS_6PinIrqENS_9PinFilterENS_11PinSlewRateENS_6PinMuxE
                0x0000a974       0x40 ./Sources/configure.o
 .text._ZN5USBDM8Ftm0Info22getInputClockFrequencyEv
                0x0000a9b4       0x40 ./Sources/configure.o
                0x0000a9b4                USBDM::Ftm0Info::getInputClockFrequency()
 .text._ZN5USBDM8Ftm0Info8initPCRsEm
                0x0000a9f4       0x2c ./Sources/configure.o
                0x0000a9f4                USBDM::Ftm0Info::initPCRs(unsigned long)
 .text._ZN5USBDM8Spi0Info17getClockFrequencyEv
                0x0000aa20       0x18 ./Sources/configure.o
                0x0000aa20                USBDM::Spi0Info::getClockFrequency()
 .text._ZN5USBDM8Spi0Info8initPCRsEm
                0x0000aa38       0x3c ./Sources/configure.o
                0x0000aa38                USBDM::Spi0Info::initPCRs(unsigned long)
 .text._ZN5USBDM8Spi0Info9clearPCRsEv
                0x0000aa74       0x2c ./Sources/configure.o
                0x0000aa74                USBDM::Spi0Info::clearPCRs()
 .text._ZN5CMSIS5TimerC2EPFvPKvEPv13os_timer_type
                0x0000aaa0       0x88 ./Sources/configure.o
                0x0000aaa0                CMSIS::Timer::Timer(void (*)(void const*), void*, os_timer_type)
                0x0000aaa0                CMSIS::Timer::Timer(void (*)(void const*), void*, os_timer_type)
 .text._ZN5CMSIS5TimerD2Ev
                0x0000ab28       0x20 ./Sources/configure.o
                0x0000ab28                CMSIS::Timer::~Timer()
                0x0000ab28                CMSIS::Timer::~Timer()
 .text._ZN5CMSIS5Timer7destroyEv
                0x0000ab48       0x1c ./Sources/configure.o
                0x0000ab48                CMSIS::Timer::destroy()
 .text._ZN5CMSIS5Timer5startEi
                0x0000ab64       0x24 ./Sources/configure.o
                0x0000ab64                CMSIS::Timer::start(int)
 .text._ZN5CMSIS10TimerClass4shimEPKv
                0x0000ab88       0x1c ./Sources/configure.o
                0x0000ab88                CMSIS::TimerClass::shim(void const*)
 .text._ZN5CMSIS10TimerClassC2E13os_timer_type
                0x0000aba4       0x34 ./Sources/configure.o
                0x0000aba4                CMSIS::TimerClass::TimerClass(os_timer_type)
                0x0000aba4                CMSIS::TimerClass::TimerClass(os_timer_type)
 .text._ZN5CMSIS10TimerClassD2Ev
                0x0000abd8       0x34 ./Sources/configure.o
                0x0000abd8                CMSIS::TimerClass::~TimerClass()
                0x0000abd8                CMSIS::TimerClass::~TimerClass()
 .text._ZN5CMSIS10TimerClassD0Ev
                0x0000ac0c       0x20 ./Sources/configure.o
                0x0000ac0c                CMSIS::TimerClass::~TimerClass()
 .text._ZN5CMSIS5MutexC2Ev
                0x0000ac2c       0x60 ./Sources/configure.o
                0x0000ac2c                CMSIS::Mutex::Mutex()